
> vitransfer@1.1.7 prebuild
> prisma generate && node scripts/ensure-prisma-client.mjs && node scripts/clean-next.mjs

node.exe : Environment variables loaded from .env
At line:1 char:1
+ & "C:\nvm4w\nodejs/node.exe" "C:\nvm4w\nodejs/node_modules/npm/bin/np ...
+ ~~~~~~~~~~~~~~~~~~~~~~~~~~~~~~~~~~~~~~~~~~~~~~~~~~~~~~~~~~~~~~~~~~~~~
    + CategoryInfo          : NotSpecified: (Environment variables loaded from 
.env:String) [], RemoteException
    + FullyQualifiedErrorId : NativeCommandError
 
Prisma schema loaded from prisma\schema.prisma

Γ£ö Generated Prisma Client (v6.19.2) to .\node_modules\@prisma\client in 179ms

Start by importing your Prisma Client (See: https://pris.ly/d/importing-client)

Tip: Need your database queries to be 1000x faster? Accelerate offers you that and more: https://pris.ly/tip-2-accelerate


> vitransfer@1.1.7 build
> next build --webpack

Γû▓ Next.js 16.1.6 (webpack)
- Environments: .env
- Experiments (use with caution):
  ┬╖ serverActions

  Creating an optimized production build ...
Γ£ô Compiled successfully in 17.1s
  Running TypeScript ...
  Collecting page data using 23 workers ...
  Generating static pages using 23 workers (0/41) ...
  Generating static pages using 23 workers (10/41) 
  Generating static pages using 23 workers (20/41) 
  Generating static pages using 23 workers (30/41) 
Γ£ô Generating static pages using 23 workers (41/41) in 1441.0ms
  Finalizing page optimization ...
  Collecting build traces ...

Route (app)
Γöî ╞Æ /
Γö£ ╞Æ /_not-found
Γö£ ╞Æ /admin
Γö£ ╞Æ /admin/clients
Γö£ ╞Æ /admin/clients/[id]
Γö£ ╞Æ /admin/clients/new
Γö£ ╞Æ /admin/projects
Γö£ ╞Æ /admin/projects/[id]
Γö£ ╞Æ /admin/projects/[id]/analytics
Γö£ ╞Æ /admin/projects/[id]/settings
Γö£ ╞Æ /admin/projects/[id]/share
Γö£ ╞Æ /admin/projects/new
Γö£ ╞Æ /admin/sales
Γö£ ╞Æ /admin/sales/invoices
Γö£ ╞Æ /admin/sales/invoices/[id]
Γö£ ╞Æ /admin/sales/invoices/imports/[id]
Γö£ ╞Æ /admin/sales/invoices/new
Γö£ ╞Æ /admin/sales/payments
Γö£ ╞Æ /admin/sales/quotes
Γö£ ╞Æ /admin/sales/quotes/[id]
Γö£ ╞Æ /admin/sales/quotes/imports/[id]
Γö£ ╞Æ /admin/sales/quotes/new
Γö£ ╞Æ /admin/sales/settings
Γö£ ╞Æ /admin/security
Γö£ ╞Æ /admin/settings
Γö£ ╞Æ /admin/users
Γö£ ╞Æ /admin/users/[id]
Γö£ ╞Æ /admin/users/new
Γö£ ╞Æ /api/admin/sales/calendar
Γö£ ╞Æ /api/admin/sales/invoices
Γö£ ╞Æ /api/admin/sales/invoices/[id]
Γö£ ╞Æ /api/admin/sales/native-store
Γö£ ╞Æ /api/admin/sales/payments
Γö£ ╞Æ /api/admin/sales/payments/[id]
Γö£ ╞Æ /api/admin/sales/quotes
Γö£ ╞Æ /api/admin/sales/quotes/[id]
Γö£ ╞Æ /api/admin/sales/reminder-settings
Γö£ ╞Æ /api/admin/sales/rollup
Γö£ ╞Æ /api/admin/sales/send-email
Γö£ ╞Æ /api/admin/sales/settings
Γö£ ╞Æ /api/admin/sales/share-token
Γö£ ╞Æ /api/admin/sales/stripe
Γö£ ╞Æ /api/admin/sales/stripe-payments
Γö£ ╞Æ /api/admin/sales/stripe-payments/summary
Γö£ ╞Æ /api/admin/sales/tax-rates
Γö£ ╞Æ /api/admin/sales/tracking/[token]
Γö£ ╞Æ /api/admin/video-token
Γö£ ╞Æ /api/albums/[albumId]
Γö£ ╞Æ /api/albums/[albumId]/photos
Γö£ ╞Æ /api/albums/[albumId]/photos/[photoId]
Γö£ ╞Æ /api/albums/[albumId]/zip-regenerate
Γö£ ╞Æ /api/albums/[albumId]/zip-status
Γö£ ╞Æ /api/analytics
Γö£ ╞Æ /api/analytics/[id]
Γö£ ╞Æ /api/auth/forgot-password
Γö£ ╞Æ /api/auth/login
Γö£ ╞Æ /api/auth/logout
Γö£ ╞Æ /api/auth/passkey/[id]
Γö£ ╞Æ /api/auth/passkey/authenticate/options
Γö£ ╞Æ /api/auth/passkey/authenticate/verify
Γö£ ╞Æ /api/auth/passkey/list
Γö£ ╞Æ /api/auth/passkey/register/options
Γö£ ╞Æ /api/auth/passkey/register/verify
Γö£ ╞Æ /api/auth/passkey/status
Γö£ ╞Æ /api/auth/refresh
Γö£ ╞Æ /api/auth/reset-password
Γö£ ╞Æ /api/auth/session
Γö£ ╞Æ /api/branding/dark-logo
Γö£ ╞Æ /api/branding/favicon
Γö£ ╞Æ /api/branding/info
Γö£ ╞Æ /api/branding/logo
Γö£ ╞Æ /api/calendar/key-dates
Γö£ ╞Æ /api/client-activity
Γö£ ╞Æ /api/clients
Γö£ ╞Æ /api/clients/[id]
Γö£ ╞Æ /api/clients/[id]/files
Γö£ ╞Æ /api/clients/[id]/files/[fileId]
Γö£ ╞Æ /api/clients/[id]/projects
Γö£ ╞Æ /api/comments
Γö£ ╞Æ /api/comments/[id]
Γö£ ╞Æ /api/comments/[id]/files
Γö£ ╞Æ /api/comments/[id]/files/[fileId]
Γö£ ╞Æ /api/comments/export-srt
Γö£ ╞Æ /api/connection-test
Γö£ ╞Æ /api/content/[token]
Γö£ ╞Æ /api/content/photo-zip/[token]
Γö£ ╞Æ /api/content/photo/[token]
Γö£ ╞Æ /api/content/zip/[token]
Γö£ ╞Æ /api/cron/cleanup-uploads
Γö£ ╞Æ /api/guest-video-links
Γö£ ╞Æ /api/guest-video-links/[token]
Γö£ ╞Æ /api/health
Γö£ ╞Æ /api/meta/version
Γö£ ╞Æ /api/notifications
Γö£ ╞Æ /api/projects
Γö£ ╞Æ /api/projects/[id]
Γö£ ╞Æ /api/projects/[id]/albums
Γö£ ╞Æ /api/projects/[id]/approve
Γö£ ╞Æ /api/projects/[id]/client-upload-quota
Γö£ ╞Æ /api/projects/[id]/delete-previews
Γö£ ╞Æ /api/projects/[id]/emails
Γö£ ╞Æ /api/projects/[id]/emails/[emailId]
Γö£ ╞Æ /api/projects/[id]/emails/[emailId]/attachments/[attachmentId]
Γö£ ╞Æ /api/projects/[id]/files
Γö£ ╞Æ /api/projects/[id]/files/[fileId]
Γö£ ╞Æ /api/projects/[id]/internal-comments
Γö£ ╞Æ /api/projects/[id]/internal-comments/[commentId]
Γö£ ╞Æ /api/projects/[id]/key-dates
Γö£ ╞Æ /api/projects/[id]/key-dates/[keyDateId]
Γö£ ╞Æ /api/projects/[id]/key-dates/reminder-options
Γö£ ╞Æ /api/projects/[id]/notify
Γö£ ╞Æ /api/projects/[id]/recipients
Γö£ ╞Æ /api/projects/[id]/recipients/[rid]
Γö£ ╞Æ /api/projects/[id]/reprocess
Γö£ ╞Æ /api/projects/[id]/storage
Γö£ ╞Æ /api/projects/[id]/timeline-previews
Γö£ ╞Æ /api/projects/[id]/unapprove
Γö£ ╞Æ /api/projects/key-dates
Γö£ ╞Æ /api/roles
Γö£ ╞Æ /api/roles/[id]
Γö£ ╞Æ /api/running-jobs
Γö£ ╞Æ /api/sales/quickbooks/auth/callback
Γö£ ╞Æ /api/sales/quickbooks/auth/start
Γö£ ╞Æ /api/sales/quickbooks/health
Γö£ ╞Æ /api/sales/quickbooks/imports/invoices
Γö£ ╞Æ /api/sales/quickbooks/imports/invoices/[id]
Γö£ ╞Æ /api/sales/quickbooks/imports/payments
Γö£ ╞Æ /api/sales/quickbooks/imports/payments/[id]
Γö£ ╞Æ /api/sales/quickbooks/imports/quotes
Γö£ ╞Æ /api/sales/quickbooks/imports/quotes/[id]
Γö£ ╞Æ /api/sales/quickbooks/pull/customers
Γö£ ╞Æ /api/sales/quickbooks/pull/invoices
Γö£ ╞Æ /api/sales/quickbooks/pull/payments
Γö£ ╞Æ /api/sales/quickbooks/pull/quotes
Γö£ ╞Æ /api/sales/quickbooks/settings
Γö£ ╞Æ /api/sales/share
Γö£ ╞Æ /api/sales/view/[token]/accept
Γö£ ╞Æ /api/sales/view/[token]/pay
Γö£ ╞Æ /api/security/blocklist/domains
Γö£ ╞Æ /api/security/blocklist/ips
Γö£ ╞Æ /api/security/events
Γö£ ╞Æ /api/security/rate-limits
Γö£ ╞Æ /api/settings
Γö£ ╞Æ /api/settings/cleanup-orphan-comments
Γö£ ╞Æ /api/settings/cleanup-orphan-project-files
Γö£ ╞Æ /api/settings/company-favicon
Γö£ ╞Æ /api/settings/company-logo
Γö£ ╞Æ /api/settings/cpu
Γö£ ╞Æ /api/settings/dark-logo
Γö£ ╞Æ /api/settings/default-quality
Γö£ ╞Æ /api/settings/migrate-project-storage-yearmonth
Γö£ ╞Æ /api/settings/purge-bullmq-jobs
Γö£ ╞Æ /api/settings/purge-notification-backlog
Γö£ ╞Æ /api/settings/push-notifications
Γö£ ╞Æ /api/settings/reconcile-project-data
Γö£ ╞Æ /api/settings/security
Γö£ ╞Æ /api/settings/test-email
Γö£ ╞Æ /api/share/[token]
Γö£ ╞Æ /api/share/[token]/albums
Γö£ ╞Æ /api/share/[token]/albums/[albumId]
Γö£ ╞Æ /api/share/[token]/albums/[albumId]/download-zip-token
Γö£ ╞Æ /api/share/[token]/albums/[albumId]/zip-status
Γö£ ╞Æ /api/share/[token]/comments
Γö£ ╞Æ /api/share/[token]/guest
Γö£ ╞Æ /api/share/[token]/projects
Γö£ ╞Æ /api/share/[token]/recipients
Γö£ ╞Æ /api/share/[token]/send-otp
Γö£ ╞Æ /api/share/[token]/verify
Γö£ ╞Æ /api/share/[token]/verify-otp
Γö£ ╞Æ /api/share/[token]/video-token
Γö£ ╞Æ /api/share/url
Γö£ ╞Æ /api/stripe/webhook
Γö£ ╞Æ /api/track/email/[token]
Γö£ ╞Æ /api/track/sales-email/[token]
Γö£ ╞Æ /api/track/video-view
Γö£ ╞Æ /api/user/project-view-settings
Γö£ ╞Æ /api/users
Γö£ ╞Æ /api/users/[id]
Γö£ ╞Æ /api/users/[id]/files
Γö£ ╞Æ /api/users/[id]/files/[fileId]
Γö£ ╞Æ /api/users/assignable
Γö£ ╞Æ /api/users/me/calendar-feed
Γö£ ╞Æ /api/users/me/key-dates
Γö£ ╞Æ /api/users/me/key-dates/[keyDateId]
Γö£ ╞Æ /api/users/me/key-dates/reminder-options
Γö£ ╞Æ /api/videos
Γö£ ╞Æ /api/videos/[id]
Γö£ ╞Æ /api/videos/[id]/assets
Γö£ ╞Æ /api/videos/[id]/assets/[assetId]
Γö£ ╞Æ /api/videos/[id]/assets/[assetId]/download-token
Γö£ ╞Æ /api/videos/[id]/assets/[assetId]/set-thumbnail
Γö£ ╞Æ /api/videos/[id]/assets/copy-to-version
Γö£ ╞Æ /api/videos/[id]/assets/download-zip
Γö£ ╞Æ /api/videos/[id]/assets/download-zip-token
Γö£ ╞Æ /api/videos/[id]/cancel-upload
Γö£ ╞Æ /api/videos/[id]/download
Γö£ ╞Æ /api/videos/[id]/download-token
Γö£ ╞Æ /api/videos/batch
Γö£ ╞Æ /api/web-push/subscribe
Γö£ ╞Æ /api/web-push/subscriptions
Γö£ ╞Æ /api/web-push/test
Γö£ ╞Æ /api/web-push/unsubscribe
Γö£ ╞Æ /api/web-push/vapid-public-key
Γö£ ╞Æ /forgot-password
Γö£ ╞Æ /gv/[token]
Γö£ ╞Æ /login
Γö£ ╞Æ /reset-password
Γö£ ╞Æ /sales/view/[token]
Γö£ ╞Æ /share/[token]
Γö£ ╞Æ /share/[token]/guest
Γöö ╞Æ /unsubscribe

Route (pages)
ΓöÇ ╞Æ /api/uploads/[[...path]]

╞Æ Proxy (Middleware)

╞Æ  (Dynamic)  server-rendered on demand

