src/app/api/admin/accounting/accounts/[id]/entries/route.ts(336,104): error TS2353: Object literal may only specify known properties, and 'storagePath' does not exist in type 'AccountingAttachmentSelect<DefaultArgs>'.
src/app/api/admin/accounting/accounts/[id]/entries/route.ts(341,37): error TS2339: Property 'accountingAttachments' does not exist on type '{ id: string; createdAt: Date; updatedAt: Date; userId: string | null; status: ExpenseStatus; notes: string | null; description: string; date: string; supplierName: string | null; ... 6 more ...; enteredByName: string | null; }'.
src/app/api/admin/accounting/accounts/[id]/entries/route.ts(341,63): error TS7006: Parameter 'a' implicitly has an 'any' type.
src/app/api/admin/accounting/accounts/[id]/entries/route.ts(361,73): error TS2353: Object literal may only specify known properties, and 'storagePath' does not exist in type 'AccountingAttachmentSelect<DefaultArgs>'.
src/app/api/admin/accounting/accounts/[id]/entries/route.ts(363,52): error TS2353: Object literal may only specify known properties, and 'storagePath' does not exist in type 'AccountingAttachmentSelect<DefaultArgs>'.
src/app/api/admin/accounting/accounts/[id]/entries/route.ts(371,44): error TS2339: Property 'expense' does not exist on type '{ id: string; createdAt: Date; updatedAt: Date; status: BankTransactionStatus; description: string; date: string; accountId: string | null; taxCode: AccountTaxCode | null; ... 9 more ...; transactionType: string | null; }'.
src/app/api/admin/accounting/accounts/[id]/entries/route.ts(372,50): error TS2339: Property 'expense' does not exist on type '{ id: string; createdAt: Date; updatedAt: Date; status: BankTransactionStatus; description: string; date: string; accountId: string | null; taxCode: AccountTaxCode | null; ... 9 more ...; transactionType: string | null; }'.
src/app/api/admin/accounting/accounts/[id]/entries/route.ts(374,52): error TS2551: Property 'invoicePayment' does not exist on type '{ id: string; createdAt: Date; updatedAt: Date; status: BankTransactionStatus; description: string; date: string; accountId: string | null; taxCode: AccountTaxCode | null; ... 9 more ...; transactionType: string | null; }'. Did you mean 'invoicePaymentId'?
src/app/api/admin/accounting/accounts/[id]/entries/route.ts(375,29): error TS2551: Property 'invoicePayment' does not exist on type '{ id: string; createdAt: Date; updatedAt: Date; status: BankTransactionStatus; description: string; date: string; accountId: string | null; taxCode: AccountTaxCode | null; ... 9 more ...; transactionType: string | null; }'. Did you mean 'invoicePaymentId'?
src/app/api/admin/accounting/accounts/[id]/entries/route.ts(376,55): error TS2551: Property 'invoicePayment' does not exist on type '{ id: string; createdAt: Date; updatedAt: Date; status: BankTransactionStatus; description: string; date: string; accountId: string | null; taxCode: AccountTaxCode | null; ... 9 more ...; transactionType: string | null; }'. Did you mean 'invoicePaymentId'?
src/app/api/admin/accounting/accounts/[id]/entries/route.ts(399,12): error TS2339: Property 'accountingAttachments' does not exist on type '{ id: string; createdAt: Date; updatedAt: Date; status: BankTransactionStatus; description: string; date: string; accountId: string | null; taxCode: AccountTaxCode | null; ... 9 more ...; transactionType: string | null; }'.
src/app/api/admin/accounting/accounts/[id]/entries/route.ts(399,38): error TS7006: Parameter 'a' implicitly has an 'any' type.
src/app/api/admin/accounting/accounts/[id]/entries/route.ts(402,42): error TS2339: Property 'expense' does not exist on type '{ id: string; createdAt: Date; updatedAt: Date; status: BankTransactionStatus; description: string; date: string; accountId: string | null; taxCode: AccountTaxCode | null; ... 9 more ...; transactionType: string | null; }'.
src/app/api/admin/accounting/accounts/[id]/entries/route.ts(404,15): error TS2339: Property 'expense' does not exist on type '{ id: string; createdAt: Date; updatedAt: Date; status: BankTransactionStatus; description: string; date: string; accountId: string | null; taxCode: AccountTaxCode | null; ... 9 more ...; transactionType: string | null; }'.
src/app/api/admin/accounting/accounts/[id]/entries/route.ts(404,56): error TS7006: Parameter 'a' implicitly has an 'any' type.
src/app/api/admin/accounting/attachments/[id]/route.ts(29,25): error TS2353: Object literal may only specify known properties, and 'storagePath' does not exist in type 'AccountingAttachmentSelect<DefaultArgs>'.
src/app/api/admin/accounting/attachments/[id]/route.ts(33,26): error TS2339: Property 'storagePath' does not exist on type '{ id: string; bankTransactionId: string | null; originalName: string; expenseId: string | null; basPeriodId: string | null; uploadedAt: Date; }'.
src/app/api/admin/accounting/attachments/[id]/route.ts(44,46): error TS2339: Property 'storagePath' does not exist on type '{ id: string; bankTransactionId: string | null; originalName: string; expenseId: string | null; basPeriodId: string | null; uploadedAt: Date; }'.
src/app/api/admin/accounting/attachments/[id]/route.ts(52,53): error TS2339: Property 'storagePath' does not exist on type '{ id: string; bankTransactionId: string | null; originalName: string; expenseId: string | null; basPeriodId: string | null; uploadedAt: Date; }'.
src/app/api/admin/accounting/attachments/[id]/route.ts(88,25): error TS2353: Object literal may only specify known properties, and 'storagePath' does not exist in type 'AccountingAttachmentSelect<DefaultArgs>'.
src/app/api/admin/accounting/attachments/[id]/route.ts(92,41): error TS2339: Property 'storagePath' does not exist on type '{ id: string; bankTransactionId: string | null; originalName: string; expenseId: string | null; basPeriodId: string | null; uploadedAt: Date; }'.
src/app/api/admin/accounting/attachments/[id]/route.ts(94,48): error TS2339: Property 'fileSize' does not exist on type '{ id: string; bankTransactionId: string | null; originalName: string; expenseId: string | null; basPeriodId: string | null; uploadedAt: Date; }'.
src/app/api/admin/accounting/bas/[id]/attachments/route.ts(78,9): error TS2353: Object literal may only specify known properties, and 'storagePath' does not exist in type 'Without<AccountingAttachmentCreateInput, AccountingAttachmentUncheckedCreateInput> & AccountingAttachmentUncheckedCreateInput'.
src/app/api/admin/accounting/expenses/[id]/attachments/route.ts(78,9): error TS2353: Object literal may only specify known properties, and 'storagePath' does not exist in type 'Without<AccountingAttachmentCreateInput, AccountingAttachmentUncheckedCreateInput> & AccountingAttachmentUncheckedCreateInput'.
src/app/api/admin/accounting/expenses/[id]/route.ts(70,52): error TS2353: Object literal may only specify known properties, and 'storagePath' does not exist in type 'AccountingAttachmentSelect<DefaultArgs>'.
src/app/api/admin/accounting/expenses/[id]/route.ts(137,34): error TS2339: Property 'accountingAttachments' does not exist on type '{ id: string; createdAt: Date; updatedAt: Date; userId: string | null; status: ExpenseStatus; notes: string | null; description: string; date: string; supplierName: string | null; ... 6 more ...; enteredByName: string | null; }'.
src/app/api/admin/accounting/expenses/[id]/route.ts(138,39): error TS2339: Property 'accountingAttachments' does not exist on type '{ id: string; createdAt: Date; updatedAt: Date; userId: string | null; status: ExpenseStatus; notes: string | null; description: string; date: string; supplierName: string | null; ... 6 more ...; enteredByName: string | null; }'.
src/app/api/admin/accounting/expenses/[id]/route.ts(149,21): error TS2353: Object literal may only specify known properties, and 'storagePath' does not exist in type '(Without<AccountingAttachmentUpdateInput, AccountingAttachmentUncheckedUpdateInput> & AccountingAttachmentUncheckedUpdateInput) | (Without<...> & AccountingAttachmentUpdateInput)'.
src/app/api/admin/accounting/expenses/[id]/route.ts(192,42): error TS2353: Object literal may only specify known properties, and 'storagePath' does not exist in type 'AccountingAttachmentSelect<DefaultArgs>'.
src/app/api/admin/accounting/expenses/[id]/route.ts(209,17): error TS2339: Property 'accountingAttachments' does not exist on type '{ id: string; createdAt: Date; updatedAt: Date; userId: string | null; status: ExpenseStatus; notes: string | null; description: string; date: string; supplierName: string | null; ... 6 more ...; enteredByName: string | null; }'.
src/app/api/admin/accounting/expenses/[id]/route.ts(209,43): error TS7006: Parameter 'a' implicitly has an 'any' type.
src/app/api/admin/accounting/transactions/[id]/attachments/route.ts(83,9): error TS2353: Object literal may only specify known properties, and 'storagePath' does not exist in type 'Without<AccountingAttachmentCreateInput, AccountingAttachmentUncheckedCreateInput> & AccountingAttachmentUncheckedCreateInput'.
src/app/api/admin/accounting/transactions/[id]/exclude/route.ts(31,42): error TS2353: Object literal may only specify known properties, and 'storagePath' does not exist in type 'AccountingAttachmentSelect<DefaultArgs>'.
src/app/api/admin/accounting/transactions/[id]/exclude/route.ts(59,25): error TS2339: Property 'accountingAttachments' does not exist on type '{ id: string; createdAt: Date; updatedAt: Date; status: BankTransactionStatus; description: string; date: string; accountId: string | null; taxCode: AccountTaxCode | null; ... 9 more ...; transactionType: string | null; }'.
src/app/api/admin/accounting/transactions/[id]/exclude/route.ts(59,51): error TS7006: Parameter 'a' implicitly has an 'any' type.
src/app/api/admin/accounting/transactions/[id]/match/route.ts(41,128): error TS2353: Object literal may only specify known properties, and 'storagePath' does not exist in type 'AccountingAttachmentSelect<DefaultArgs>'.
src/app/api/admin/accounting/transactions/[id]/match/route.ts(113,25): error TS2339: Property 'accountingAttachments' does not exist on type '{ id: string; createdAt: Date; updatedAt: Date; status: BankTransactionStatus; description: string; date: string; accountId: string | null; taxCode: AccountTaxCode | null; ... 9 more ...; transactionType: string | null; }'.
src/app/api/admin/accounting/transactions/[id]/match/route.ts(116,81): error TS2353: Object literal may only specify known properties, and 'storagePath' does not exist in type '(Without<AccountingAttachmentUpdateInput, AccountingAttachmentUncheckedUpdateInput> & AccountingAttachmentUncheckedUpdateInput) | (Without<...> & AccountingAttachmentUpdateInput)'.
src/app/api/admin/accounting/transactions/[id]/post/route.ts(46,52): error TS2353: Object literal may only specify known properties, and 'storagePath' does not exist in type 'AccountingAttachmentSelect<DefaultArgs>'.
src/app/api/admin/accounting/transactions/[id]/post/route.ts(88,15): error TS2339: Property 'expense' does not exist on type '{ id: string; createdAt: Date; updatedAt: Date; status: BankTransactionStatus; description: string; date: string; accountId: string | null; taxCode: AccountTaxCode | null; ... 9 more ...; transactionType: string | null; }'.
src/app/api/admin/accounting/transactions/[id]/post/route.ts(90,28): error TS2339: Property 'expense' does not exist on type '{ id: string; createdAt: Date; updatedAt: Date; status: BankTransactionStatus; description: string; date: string; accountId: string | null; taxCode: AccountTaxCode | null; ... 9 more ...; transactionType: string | null; }'.
src/app/api/admin/accounting/transactions/[id]/post/route.ts(132,25): error TS2339: Property 'accountingAttachments' does not exist on type '{ id: string; createdAt: Date; updatedAt: Date; status: BankTransactionStatus; description: string; date: string; accountId: string | null; taxCode: AccountTaxCode | null; ... 9 more ...; transactionType: string | null; }'.
src/app/api/admin/accounting/transactions/[id]/post/route.ts(135,81): error TS2353: Object literal may only specify known properties, and 'storagePath' does not exist in type '(Without<AccountingAttachmentUpdateInput, AccountingAttachmentUncheckedUpdateInput> & AccountingAttachmentUncheckedUpdateInput) | (Without<...> & AccountingAttachmentUpdateInput)'.
src/app/api/admin/accounting/transactions/[id]/route.ts(72,52): error TS2353: Object literal may only specify known properties, and 'storagePath' does not exist in type 'AccountingAttachmentSelect<DefaultArgs>'.
src/app/api/admin/accounting/transactions/[id]/route.ts(89,12): error TS2339: Property 'accountingAttachments' does not exist on type '{ id: string; createdAt: Date; updatedAt: Date; status: BankTransactionStatus; description: string; date: string; accountId: string | null; taxCode: AccountTaxCode | null; ... 9 more ...; transactionType: string | null; }'.
src/app/api/admin/accounting/transactions/[id]/route.ts(89,38): error TS7006: Parameter 'a' implicitly has an 'any' type.
src/app/api/admin/accounting/transactions/[id]/unmatch/route.ts(29,73): error TS2353: Object literal may only specify known properties, and 'storagePath' does not exist in type 'AccountingAttachmentSelect<DefaultArgs>'.
src/app/api/admin/accounting/transactions/[id]/unmatch/route.ts(33,52): error TS2353: Object literal may only specify known properties, and 'storagePath' does not exist in type 'AccountingAttachmentSelect<DefaultArgs>'.
src/app/api/admin/accounting/transactions/[id]/unmatch/route.ts(54,44): error TS2339: Property 'expense' does not exist on type '{ id: string; createdAt: Date; updatedAt: Date; status: BankTransactionStatus; description: string; date: string; accountId: string | null; taxCode: AccountTaxCode | null; ... 9 more ...; transactionType: string | null; }'.
src/app/api/admin/accounting/transactions/[id]/unmatch/route.ts(55,50): error TS2339: Property 'expense' does not exist on type '{ id: string; createdAt: Date; updatedAt: Date; status: BankTransactionStatus; description: string; date: string; accountId: string | null; taxCode: AccountTaxCode | null; ... 9 more ...; transactionType: string | null; }'.
src/app/api/admin/accounting/transactions/[id]/unmatch/route.ts(63,17): error TS2551: Property 'invoicePayment' does not exist on type '{ id: string; createdAt: Date; updatedAt: Date; status: BankTransactionStatus; description: string; date: string; accountId: string | null; taxCode: AccountTaxCode | null; ... 9 more ...; transactionType: string | null; }'. Did you mean 'invoicePaymentId'?
src/app/api/admin/accounting/transactions/[id]/unmatch/route.ts(63,39): error TS2551: Property 'invoicePayment' does not exist on type '{ id: string; createdAt: Date; updatedAt: Date; status: BankTransactionStatus; description: string; date: string; accountId: string | null; taxCode: AccountTaxCode | null; ... 9 more ...; transactionType: string | null; }'. Did you mean 'invoicePaymentId'?
src/app/api/admin/accounting/transactions/[id]/unmatch/route.ts(65,17): error TS2551: Property 'invoicePayments' does not exist on type '{ id: string; createdAt: Date; updatedAt: Date; status: BankTransactionStatus; description: string; date: string; accountId: string | null; taxCode: AccountTaxCode | null; ... 9 more ...; transactionType: string | null; }'. Did you mean 'invoicePaymentId'?
src/app/api/admin/accounting/transactions/[id]/unmatch/route.ts(65,47): error TS7006: Parameter 'p' implicitly has an 'any' type.
src/app/api/admin/accounting/transactions/[id]/unmatch/route.ts(65,57): error TS2551: Property 'invoicePayment' does not exist on type '{ id: string; createdAt: Date; updatedAt: Date; status: BankTransactionStatus; description: string; date: string; accountId: string | null; taxCode: AccountTaxCode | null; ... 9 more ...; transactionType: string | null; }'. Did you mean 'invoicePaymentId'?
src/app/api/admin/accounting/transactions/[id]/unmatch/route.ts(65,88): error TS2551: Property 'invoicePayment' does not exist on type '{ id: string; createdAt: Date; updatedAt: Date; status: BankTransactionStatus; description: string; date: string; accountId: string | null; taxCode: AccountTaxCode | null; ... 9 more ...; transactionType: string | null; }'. Did you mean 'invoicePaymentId'?
src/app/api/admin/accounting/transactions/[id]/unmatch/route.ts(97,12): error TS2339: Property 'accountingAttachments' does not exist on type '{ id: string; createdAt: Date; updatedAt: Date; status: BankTransactionStatus; description: string; date: string; accountId: string | null; taxCode: AccountTaxCode | null; ... 9 more ...; transactionType: string | null; }'.
src/app/api/admin/accounting/transactions/[id]/unmatch/route.ts(97,38): error TS7006: Parameter 'a' implicitly has an 'any' type.
src/app/api/admin/accounting/transactions/[id]/unmatch/route.ts(101,42): error TS2339: Property 'expense' does not exist on type '{ id: string; createdAt: Date; updatedAt: Date; status: BankTransactionStatus; description: string; date: string; accountId: string | null; taxCode: AccountTaxCode | null; ... 9 more ...; transactionType: string | null; }'.
src/app/api/admin/accounting/transactions/[id]/unmatch/route.ts(103,15): error TS2339: Property 'expense' does not exist on type '{ id: string; createdAt: Date; updatedAt: Date; status: BankTransactionStatus; description: string; date: string; accountId: string | null; taxCode: AccountTaxCode | null; ... 9 more ...; transactionType: string | null; }'.
src/app/api/admin/accounting/transactions/[id]/unmatch/route.ts(103,56): error TS7006: Parameter 'a' implicitly has an 'any' type.
src/app/api/albums/[albumId]/photos/[photoId]/route.ts(61,9): error TS2353: Object literal may only specify known properties, and 'fileSize' does not exist in type 'AlbumPhotoSelect<DefaultArgs>'.
src/app/api/albums/[albumId]/photos/[photoId]/route.ts(75,28): error TS2551: Property 'album' does not exist on type '{ id: string; error: string | null; createdAt: Date; updatedAt: Date; status: AlbumPhotoStatus; fileName: string; albumId: string; fileType: string; uploadedBy: string | null; ... 6 more ...; thumbnailGeneratedAt: Date | null; }'. Did you mean 'albumId'?
src/app/api/albums/[albumId]/photos/[photoId]/route.ts(92,13): error TS2551: Property 'album' does not exist on type '{ id: string; error: string | null; createdAt: Date; updatedAt: Date; status: AlbumPhotoStatus; fileName: string; albumId: string; fileType: string; uploadedBy: string | null; ... 6 more ...; thumbnailGeneratedAt: Date | null; }'. Did you mean 'albumId'?
src/app/api/albums/[albumId]/photos/[photoId]/route.ts(93,14): error TS2339: Property 'fileSize' does not exist on type '{ id: string; error: string | null; createdAt: Date; updatedAt: Date; status: AlbumPhotoStatus; fileName: string; albumId: string; fileType: string; uploadedBy: string | null; ... 6 more ...; thumbnailGeneratedAt: Date | null; }'.
src/app/api/albums/[albumId]/photos/[photoId]/route.ts(93,31): error TS2339: Property 'socialFileSize' does not exist on type '{ id: string; error: string | null; createdAt: Date; updatedAt: Date; status: AlbumPhotoStatus; fileName: string; albumId: string; fileType: string; uploadedBy: string | null; ... 6 more ...; thumbnailGeneratedAt: Date | null; }'.
src/app/api/albums/[albumId]/photos/[photoId]/route.ts(93,55): error TS2339: Property 'thumbnailFileSize' does not exist on type '{ id: string; error: string | null; createdAt: Date; updatedAt: Date; status: AlbumPhotoStatus; fileName: string; albumId: string; fileType: string; uploadedBy: string | null; ... 6 more ...; thumbnailGeneratedAt: Date | null; }'.
src/app/api/albums/[albumId]/photos/[photoId]/route.ts(99,11): error TS2353: Object literal may only specify known properties, and 'storagePath' does not exist in type 'AlbumPhotoWhereInput'.
src/app/api/albums/[albumId]/photos/[photoId]/route.ts(99,30): error TS2339: Property 'storagePath' does not exist on type '{ id: string; error: string | null; createdAt: Date; updatedAt: Date; status: AlbumPhotoStatus; fileName: string; albumId: string; fileType: string; uploadedBy: string | null; ... 6 more ...; thumbnailGeneratedAt: Date | null; }'.
src/app/api/albums/[albumId]/photos/[photoId]/route.ts(105,32): error TS2339: Property 'storagePath' does not exist on type '{ id: string; error: string | null; createdAt: Date; updatedAt: Date; status: AlbumPhotoStatus; fileName: string; albumId: string; fileType: string; uploadedBy: string | null; ... 6 more ...; thumbnailGeneratedAt: Date | null; }'.
src/app/api/albums/[albumId]/photos/[photoId]/route.ts(108,17): error TS2339: Property 'socialStoragePath' does not exist on type '{ id: string; error: string | null; createdAt: Date; updatedAt: Date; status: AlbumPhotoStatus; fileName: string; albumId: string; fileType: string; uploadedBy: string | null; ... 6 more ...; thumbnailGeneratedAt: Date | null; }'.
src/app/api/albums/[albumId]/photos/[photoId]/route.ts(110,32): error TS2339: Property 'socialStoragePath' does not exist on type '{ id: string; error: string | null; createdAt: Date; updatedAt: Date; status: AlbumPhotoStatus; fileName: string; albumId: string; fileType: string; uploadedBy: string | null; ... 6 more ...; thumbnailGeneratedAt: Date | null; }'.
src/app/api/albums/[albumId]/photos/[photoId]/route.ts(113,17): error TS2339: Property 'thumbnailStoragePath' does not exist on type '{ id: string; error: string | null; createdAt: Date; updatedAt: Date; status: AlbumPhotoStatus; fileName: string; albumId: string; fileType: string; uploadedBy: string | null; ... 6 more ...; thumbnailGeneratedAt: Date | null; }'.
src/app/api/albums/[albumId]/photos/[photoId]/route.ts(114,32): error TS2339: Property 'thumbnailStoragePath' does not exist on type '{ id: string; error: string | null; createdAt: Date; updatedAt: Date; status: AlbumPhotoStatus; fileName: string; albumId: string; fileType: string; uploadedBy: string | null; ... 6 more ...; thumbnailGeneratedAt: Date | null; }'.
src/app/api/albums/[albumId]/photos/[photoId]/route.ts(133,26): error TS2551: Property 'album' does not exist on type '{ id: string; error: string | null; createdAt: Date; updatedAt: Date; status: AlbumPhotoStatus; fileName: string; albumId: string; fileType: string; uploadedBy: string | null; ... 6 more ...; thumbnailGeneratedAt: Date | null; }'. Did you mean 'albumId'?
src/app/api/albums/[albumId]/photos/[photoId]/route.ts(135,26): error TS2551: Property 'album' does not exist on type '{ id: string; error: string | null; createdAt: Date; updatedAt: Date; status: AlbumPhotoStatus; fileName: string; albumId: string; fileType: string; uploadedBy: string | null; ... 6 more ...; thumbnailGeneratedAt: Date | null; }'. Did you mean 'albumId'?
src/app/api/albums/[albumId]/photos/[photoId]/route.ts(143,28): error TS2551: Property 'album' does not exist on type '{ id: string; error: string | null; createdAt: Date; updatedAt: Date; status: AlbumPhotoStatus; fileName: string; albumId: string; fileType: string; uploadedBy: string | null; ... 6 more ...; thumbnailGeneratedAt: Date | null; }'. Did you mean 'albumId'?
src/app/api/albums/[albumId]/photos/[photoId]/route.ts(145,28): error TS2551: Property 'album' does not exist on type '{ id: string; error: string | null; createdAt: Date; updatedAt: Date; status: AlbumPhotoStatus; fileName: string; albumId: string; fileType: string; uploadedBy: string | null; ... 6 more ...; thumbnailGeneratedAt: Date | null; }'. Did you mean 'albumId'?
src/app/api/albums/[albumId]/photos/[photoId]/route.ts(156,59): error TS2551: Property 'album' does not exist on type '{ id: string; error: string | null; createdAt: Date; updatedAt: Date; status: AlbumPhotoStatus; fileName: string; albumId: string; fileType: string; uploadedBy: string | null; ... 6 more ...; thumbnailGeneratedAt: Date | null; }'. Did you mean 'albumId'?
src/app/api/albums/[albumId]/photos/route.ts(77,7): error TS2353: Object literal may only specify known properties, and 'fileSize' does not exist in type 'AlbumPhotoSelect<DefaultArgs>'.
src/app/api/albums/[albumId]/photos/route.ts(90,19): error TS2339: Property 'fileSize' does not exist on type '{ id: string; error: string | null; createdAt: Date; updatedAt: Date; status: AlbumPhotoStatus; fileName: string; albumId: string; fileType: string; uploadedBy: string | null; ... 6 more ...; thumbnailGeneratedAt: Date | null; }'.
src/app/api/albums/[albumId]/photos/route.ts(199,7): error TS2353: Object literal may only specify known properties, and 'fileSize' does not exist in type 'Without<AlbumPhotoCreateInput, AlbumPhotoUncheckedCreateInput> & AlbumPhotoUncheckedCreateInput'.
src/app/api/albums/[albumId]/reprocess/route.ts(126,9): error TS2353: Object literal may only specify known properties, and 'socialStoragePath' does not exist in type '(Without<AlbumPhotoUpdateManyMutationInput, AlbumPhotoUncheckedUpdateManyInput> & AlbumPhotoUncheckedUpdateManyInput) | (Without<...> & AlbumPhotoUpdateManyMutationInput)'.
src/app/api/albums/[albumId]/route.ts(210,29): error TS2353: Object literal may only specify known properties, and 'storagePath' does not exist in type 'AlbumPhotoSelect<DefaultArgs>'.
src/app/api/albums/[albumId]/route.ts(217,13): error TS2353: Object literal may only specify known properties, and 'storagePath' does not exist in type '(Without<AlbumPhotoUpdateInput, AlbumPhotoUncheckedUpdateInput> & AlbumPhotoUncheckedUpdateInput) | (Without<...> & AlbumPhotoUpdateInput)'.
src/app/api/albums/[albumId]/route.ts(218,21): error TS2339: Property 'storagePath' does not exist on type '{ id: string; error: string | null; createdAt: Date; updatedAt: Date; status: AlbumPhotoStatus; fileName: string; albumId: string; fileType: string; uploadedBy: string | null; ... 6 more ...; thumbnailGeneratedAt: Date | null; }'.
src/app/api/albums/[albumId]/route.ts(223,21): error TS2339: Property 'socialStoragePath' does not exist on type '{ id: string; error: string | null; createdAt: Date; updatedAt: Date; status: AlbumPhotoStatus; fileName: string; albumId: string; fileType: string; uploadedBy: string | null; ... 6 more ...; thumbnailGeneratedAt: Date | null; }'.
src/app/api/albums/[albumId]/route.ts(229,21): error TS2339: Property 'thumbnailStoragePath' does not exist on type '{ id: string; error: string | null; createdAt: Date; updatedAt: Date; status: AlbumPhotoStatus; fileName: string; albumId: string; fileType: string; uploadedBy: string | null; ... 6 more ...; thumbnailGeneratedAt: Date | null; }'.
src/app/api/albums/[albumId]/route.ts(278,13): error TS2353: Object literal may only specify known properties, and 'fileSize' does not exist in type 'AlbumPhotoSelect<DefaultArgs>'.
src/app/api/albums/[albumId]/route.ts(308,31): error TS2339: Property 'photos' does not exist on type '{ id: string; name: string; projectId: string; createdAt: Date; updatedAt: Date; storageFolderName: string | null; status: AlbumStatus; notes: string | null; socialCopiesEnabled: boolean; }'.
src/app/api/albums/[albumId]/route.ts(312,13): error TS2353: Object literal may only specify known properties, and 'storagePath' does not exist in type 'AlbumPhotoWhereInput'.
src/app/api/albums/[albumId]/route.ts(337,31): error TS2339: Property 'photos' does not exist on type '{ id: string; name: string; projectId: string; createdAt: Date; updatedAt: Date; storageFolderName: string | null; status: AlbumStatus; notes: string | null; socialCopiesEnabled: boolean; }'.
src/app/api/albums/[albumId]/route.ts(338,8): error TS7006: Parameter 'acc' implicitly has an 'any' type.
src/app/api/albums/[albumId]/route.ts(338,13): error TS7006: Parameter 'p' implicitly has an 'any' type.
src/app/api/albums/[albumId]/route.ts(341,29): error TS2339: Property 'fullZipFileSize' does not exist on type '{ id: string; name: string; projectId: string; createdAt: Date; updatedAt: Date; storageFolderName: string | null; status: AlbumStatus; notes: string | null; socialCopiesEnabled: boolean; }'.
src/app/api/albums/[albumId]/route.ts(341,68): error TS2339: Property 'socialZipFileSize' does not exist on type '{ id: string; name: string; projectId: string; createdAt: Date; updatedAt: Date; storageFolderName: string | null; status: AlbumStatus; notes: string | null; socialCopiesEnabled: boolean; }'.
src/app/api/albums/[albumId]/route.ts(346,40): error TS2551: Property 'project' does not exist on type '{ id: string; name: string; projectId: string; createdAt: Date; updatedAt: Date; storageFolderName: string | null; status: AlbumStatus; notes: string | null; socialCopiesEnabled: boolean; }'. Did you mean 'projectId'?
src/app/api/albums/[albumId]/route.ts(347,42): error TS2551: Property 'project' does not exist on type '{ id: string; name: string; projectId: string; createdAt: Date; updatedAt: Date; storageFolderName: string | null; status: AlbumStatus; notes: string | null; socialCopiesEnabled: boolean; }'. Did you mean 'projectId'?
src/app/api/albums/[albumId]/route.ts(347,72): error TS2551: Property 'project' does not exist on type '{ id: string; name: string; projectId: string; createdAt: Date; updatedAt: Date; storageFolderName: string | null; status: AlbumStatus; notes: string | null; socialCopiesEnabled: boolean; }'. Did you mean 'projectId'?
src/app/api/albums/[albumId]/route.ts(347,111): error TS2551: Property 'project' does not exist on type '{ id: string; name: string; projectId: string; createdAt: Date; updatedAt: Date; storageFolderName: string | null; status: AlbumStatus; notes: string | null; socialCopiesEnabled: boolean; }'. Did you mean 'projectId'?
src/app/api/albums/[albumId]/social-copies/route.ts(116,9): error TS2353: Object literal may only specify known properties, and 'socialZipFileSize' does not exist in type '(Without<AlbumUpdateInput, AlbumUncheckedUpdateInput> & AlbumUncheckedUpdateInput) | (Without<...> & AlbumUpdateInput)'.
src/app/api/albums/[albumId]/social-copies/route.ts(145,11): error TS2353: Object literal may only specify known properties, and 'socialStoragePath' does not exist in type 'AlbumPhotoWhereInput'.
src/app/api/albums/[albumId]/social-copies/route.ts(149,25): error TS2353: Object literal may only specify known properties, and 'storagePath' does not exist in type 'AlbumPhotoSelect<DefaultArgs>'.
src/app/api/albums/[albumId]/social-copies/route.ts(159,34): error TS2339: Property 'socialStoragePath' does not exist on type '{ id: string; error: string | null; createdAt: Date; updatedAt: Date; status: AlbumPhotoStatus; fileName: string; albumId: string; fileType: string; uploadedBy: string | null; ... 6 more ...; thumbnailGeneratedAt: Date | null; }'.
src/app/api/albums/[albumId]/social-copies/route.ts(159,64): error TS2339: Property 'storagePath' does not exist on type '{ id: string; error: string | null; createdAt: Date; updatedAt: Date; status: AlbumPhotoStatus; fileName: string; albumId: string; fileType: string; uploadedBy: string | null; ... 6 more ...; thumbnailGeneratedAt: Date | null; }'.
src/app/api/albums/[albumId]/social-copies/route.ts(164,13): error TS2353: Object literal may only specify known properties, and 'socialStoragePath' does not exist in type '(Without<AlbumPhotoUpdateInput, AlbumPhotoUncheckedUpdateInput> & AlbumPhotoUncheckedUpdateInput) | (Without<...> & AlbumPhotoUpdateInput)'.
src/app/api/analytics/[id]/route.ts(106,17): error TS2353: Object literal may only specify known properties, and 'originalFileName' does not exist in type 'VideoSelect<DefaultArgs>'.
src/app/api/analytics/[id]/route.ts(178,34): error TS2339: Property 'videos' does not exist on type '{ id: string; companyName: string | null; createdAt: Date; updatedAt: Date; status: ProjectStatus; approvedAt: Date | null; title: string; watermarkEnabled: boolean; ... 33 more ...; createdById: string; }'.
src/app/api/analytics/[id]/route.ts(178,49): error TS7006: Parameter 'acc' implicitly has an 'any' type.
src/app/api/analytics/[id]/route.ts(178,54): error TS7006: Parameter 'video' implicitly has an 'any' type.
src/app/api/analytics/[id]/route.ts(184,44): error TS2339: Property 'videos' does not exist on type '{ id: string; companyName: string | null; createdAt: Date; updatedAt: Date; status: ProjectStatus; approvedAt: Date | null; title: string; watermarkEnabled: boolean; ... 33 more ...; createdById: string; }'.
src/app/api/analytics/[id]/route.ts(186,46): error TS2339: Property 'analytics' does not exist on type '{ id: string; companyName: string | null; createdAt: Date; updatedAt: Date; status: ProjectStatus; approvedAt: Date | null; title: string; watermarkEnabled: boolean; ... 33 more ...; createdById: string; }'.
src/app/api/analytics/[id]/route.ts(186,63): error TS7006: Parameter 'a' implicitly has an 'any' type.
src/app/api/analytics/[id]/route.ts(187,47): error TS2339: Property 'analytics' does not exist on type '{ id: string; companyName: string | null; createdAt: Date; updatedAt: Date; status: ProjectStatus; approvedAt: Date | null; title: string; watermarkEnabled: boolean; ... 33 more ...; createdById: string; }'.
src/app/api/analytics/[id]/route.ts(187,64): error TS7006: Parameter 'a' implicitly has an 'any' type.
src/app/api/analytics/[id]/route.ts(188,68): error TS7006: Parameter 'a' implicitly has an 'any' type.
src/app/api/analytics/[id]/route.ts(189,44): error TS2339: Property 'analytics' does not exist on type '{ id: string; companyName: string | null; createdAt: Date; updatedAt: Date; status: ProjectStatus; approvedAt: Date | null; title: string; watermarkEnabled: boolean; ... 33 more ...; createdById: string; }'.
src/app/api/analytics/[id]/route.ts(189,61): error TS7006: Parameter 'a' implicitly has an 'any' type.
src/app/api/analytics/[id]/route.ts(190,40): error TS2339: Property 'analytics' does not exist on type '{ id: string; companyName: string | null; createdAt: Date; updatedAt: Date; status: ProjectStatus; approvedAt: Date | null; title: string; watermarkEnabled: boolean; ... 33 more ...; createdById: string; }'.
src/app/api/analytics/[id]/route.ts(190,57): error TS7006: Parameter 'a' implicitly has an 'any' type.
src/app/api/analytics/[id]/route.ts(191,39): error TS2339: Property 'analytics' does not exist on type '{ id: string; companyName: string | null; createdAt: Date; updatedAt: Date; status: ProjectStatus; approvedAt: Date | null; title: string; watermarkEnabled: boolean; ... 33 more ...; createdById: string; }'.
src/app/api/analytics/[id]/route.ts(191,56): error TS7006: Parameter 'a' implicitly has an 'any' type.
src/app/api/analytics/[id]/route.ts(220,24): error TS18046: 'versions' is of type 'unknown'.
src/app/api/analytics/[id]/route.ts(220,37): error TS7006: Parameter 'v' implicitly has an 'any' type.
src/app/api/analytics/[id]/route.ts(223,60): error TS7006: Parameter 'a' implicitly has an 'any' type.
src/app/api/analytics/[id]/route.ts(229,28): error TS18046: 'versions' is of type 'unknown'.
src/app/api/analytics/[id]/route.ts(229,41): error TS7006: Parameter 'version' implicitly has an 'any' type.
src/app/api/analytics/[id]/route.ts(230,64): error TS7006: Parameter 'a' implicitly has an 'any' type.
src/app/api/analytics/[id]/route.ts(235,16): error TS7006: Parameter 'asset' implicitly has an 'any' type.
src/app/api/analytics/[id]/route.ts(240,18): error TS7006: Parameter 'a' implicitly has an 'any' type.
src/app/api/analytics/[id]/route.ts(240,21): error TS7006: Parameter 'b' implicitly has an 'any' type.
src/app/api/analytics/[id]/route.ts(259,33): error TS2339: Property 'sharePageAccesses' does not exist on type '{ id: string; companyName: string | null; createdAt: Date; updatedAt: Date; status: ProjectStatus; approvedAt: Date | null; title: string; watermarkEnabled: boolean; ... 33 more ...; createdById: string; }'.
src/app/api/analytics/[id]/route.ts(259,58): error TS7006: Parameter 'a' implicitly has an 'any' type.
src/app/api/analytics/[id]/route.ts(260,52): error TS7006: Parameter 'a' implicitly has an 'any' type.
src/app/api/analytics/[id]/route.ts(263,31): error TS7006: Parameter 'a' implicitly has an 'any' type.
src/app/api/analytics/[id]/route.ts(264,36): error TS7006: Parameter 'a' implicitly has an 'any' type.
src/app/api/analytics/[id]/route.ts(265,33): error TS7006: Parameter 'a' implicitly has an 'any' type.
src/app/api/analytics/[id]/route.ts(266,32): error TS7006: Parameter 'a' implicitly has an 'any' type.
src/app/api/analytics/[id]/route.ts(270,15): error TS2339: Property 'sharePageAccesses' does not exist on type '{ id: string; companyName: string | null; createdAt: Date; updatedAt: Date; status: ProjectStatus; approvedAt: Date | null; title: string; watermarkEnabled: boolean; ... 33 more ...; createdById: string; }'.
src/app/api/analytics/[id]/route.ts(270,37): error TS7006: Parameter 'access' implicitly has an 'any' type.
src/app/api/analytics/[id]/route.ts(294,31): error TS7006: Parameter 'event' implicitly has an 'any' type.
src/app/api/analytics/[id]/route.ts(313,32): error TS2339: Property 'sharePageAccesses' does not exist on type '{ id: string; companyName: string | null; createdAt: Date; updatedAt: Date; status: ProjectStatus; approvedAt: Date | null; title: string; watermarkEnabled: boolean; ... 33 more ...; createdById: string; }'.
src/app/api/analytics/[id]/route.ts(313,54): error TS7006: Parameter 'access' implicitly has an 'any' type.
src/app/api/analytics/[id]/route.ts(325,58): error TS7006: Parameter 'download' implicitly has an 'any' type.
src/app/api/analytics/[id]/route.ts(333,50): error TS7006: Parameter 'a' implicitly has an 'any' type.
src/app/api/analytics/[id]/route.ts(339,49): error TS7006: Parameter 'a' implicitly has an 'any' type.
src/app/api/analytics/[id]/route.ts(356,24): error TS2339: Property 'accessMethod' does not exist on type '{}'.
src/app/api/analytics/[id]/route.ts(356,56): error TS2339: Property 'email' does not exist on type '{}'.
src/app/api/analytics/[id]/route.ts(357,31): error TS2339: Property 'accessMethod' does not exist on type '{}'.
src/app/api/analytics/[id]/route.ts(364,51): error TS7006: Parameter 'view' implicitly has an 'any' type.
src/app/api/analytics/[id]/route.ts(371,38): error TS2339: Property 'email' does not exist on type '{}'.
src/app/api/analytics/[id]/route.ts(372,52): error TS2339: Property 'accessMethod' does not exist on type '{}'.
src/app/api/analytics/[id]/route.ts(378,51): error TS7006: Parameter 'event' implicitly has an 'any' type.
src/app/api/analytics/[id]/route.ts(383,35): error TS2339: Property 'accessMethod' does not exist on type '{}'.
src/app/api/analytics/[id]/route.ts(383,67): error TS2339: Property 'email' does not exist on type '{}'.
src/app/api/analytics/[id]/route.ts(391,52): error TS2339: Property 'accessMethod' does not exist on type '{}'.
src/app/api/analytics/[id]/route.ts(397,33): error TS2339: Property 'emailEvents' does not exist on type '{ id: string; companyName: string | null; createdAt: Date; updatedAt: Date; status: ProjectStatus; approvedAt: Date | null; title: string; watermarkEnabled: boolean; ... 33 more ...; createdById: string; }'.
src/app/api/analytics/[id]/route.ts(397,49): error TS7006: Parameter 'evt' implicitly has an 'any' type.
src/app/api/analytics/[id]/route.ts(415,37): error TS2339: Property 'emailTracking' does not exist on type '{ id: string; companyName: string | null; createdAt: Date; updatedAt: Date; status: ProjectStatus; approvedAt: Date | null; title: string; watermarkEnabled: boolean; ... 33 more ...; createdById: string; }'.
src/app/api/analytics/[id]/route.ts(415,55): error TS7006: Parameter 'tracking' implicitly has an 'any' type.
src/app/api/analytics/[id]/route.ts(433,40): error TS2339: Property 'statusChanges' does not exist on type '{ id: string; companyName: string | null; createdAt: Date; updatedAt: Date; status: ProjectStatus; approvedAt: Date | null; title: string; watermarkEnabled: boolean; ... 33 more ...; createdById: string; }'.
src/app/api/analytics/[id]/route.ts(433,59): error TS7006: Parameter 'chg' implicitly has an 'any' type.
src/app/api/analytics/[id]/route.ts(454,24): error TS2339: Property 'accessMethod' does not exist on type '{}'.
src/app/api/analytics/[id]/route.ts(454,56): error TS2339: Property 'email' does not exist on type '{}'.
src/app/api/analytics/[id]/route.ts(455,31): error TS2339: Property 'accessMethod' does not exist on type '{}'.
src/app/api/analytics/[id]/route.ts(490,56): error TS2339: Property 'recipients' does not exist on type '{ id: string; companyName: string | null; createdAt: Date; updatedAt: Date; status: ProjectStatus; approvedAt: Date | null; title: string; watermarkEnabled: boolean; ... 33 more ...; createdById: string; }'.
src/app/api/analytics/[id]/route.ts(490,87): error TS2339: Property 'recipients' does not exist on type '{ id: string; companyName: string | null; createdAt: Date; updatedAt: Date; status: ProjectStatus; approvedAt: Date | null; title: string; watermarkEnabled: boolean; ... 33 more ...; createdById: string; }'.
src/app/api/analytics/[id]/route.ts(497,62): error TS2339: Property 'recipients' does not exist on type '{ id: string; companyName: string | null; createdAt: Date; updatedAt: Date; status: ProjectStatus; approvedAt: Date | null; title: string; watermarkEnabled: boolean; ... 33 more ...; createdById: string; }'.
src/app/api/analytics/[id]/route.ts(507,29): error TS2339: Property 'videos' does not exist on type '{ id: string; companyName: string | null; createdAt: Date; updatedAt: Date; status: ProjectStatus; approvedAt: Date | null; title: string; watermarkEnabled: boolean; ... 33 more ...; createdById: string; }'.
src/app/api/clients/[id]/files/[fileId]/route.ts(54,7): error TS2353: Object literal may only specify known properties, and 'storagePath' does not exist in type 'ClientFileSelect<DefaultArgs>'.
src/app/api/clients/[id]/files/[fileId]/route.ts(73,63): error TS2339: Property 'storagePath' does not exist on type '{ id: string; createdAt: Date; updatedAt: Date; fileName: string; clientId: string; fileType: string; category: string | null; uploadedBy: string | null; uploadedByName: string | null; }'.
src/app/api/clients/[id]/files/[fileId]/route.ts(80,37): error TS2339: Property 'storagePath' does not exist on type '{ id: string; createdAt: Date; updatedAt: Date; fileName: string; clientId: string; fileType: string; category: string | null; uploadedBy: string | null; uploadedByName: string | null; }'.
src/app/api/clients/[id]/files/[fileId]/route.ts(149,7): error TS2353: Object literal may only specify known properties, and 'storagePath' does not exist in type 'ClientFileSelect<DefaultArgs>'.
src/app/api/clients/[id]/files/[fileId]/route.ts(159,27): error TS2339: Property 'storagePath' does not exist on type '{ id: string; createdAt: Date; updatedAt: Date; fileName: string; clientId: string; fileType: string; category: string | null; uploadedBy: string | null; uploadedByName: string | null; }'.
src/app/api/clients/[id]/files/route.ts(53,7): error TS2353: Object literal may only specify known properties, and 'fileSize' does not exist in type 'ClientFileSelect<DefaultArgs>'.
src/app/api/clients/[id]/files/route.ts(63,17): error TS2339: Property 'fileSize' does not exist on type '{ id: string; createdAt: Date; updatedAt: Date; fileName: string; clientId: string; fileType: string; category: string | null; uploadedBy: string | null; uploadedByName: string | null; }'.
src/app/api/clients/[id]/files/route.ts(121,7): error TS2353: Object literal may only specify known properties, and 'fileSize' does not exist in type 'Without<ClientFileCreateInput, ClientFileUncheckedCreateInput> & ClientFileUncheckedCreateInput'.
src/app/api/clients/[id]/files/s3/complete/route.ts(104,7): error TS2353: Object literal may only specify known properties, and 'fileSize' does not exist in type 'Without<ClientFileCreateInput, ClientFileUncheckedCreateInput> & ClientFileUncheckedCreateInput'.
src/app/api/clients/[id]/route.ts(231,33): error TS2353: Object literal may only specify known properties, and 'storagePath' does not exist in type 'ClientFileSelect<DefaultArgs>'.
src/app/api/clients/[id]/route.ts(237,17): error TS2353: Object literal may only specify known properties, and 'storagePath' does not exist in type '(Without<ClientFileUpdateInput, ClientFileUncheckedUpdateInput> & ClientFileUncheckedUpdateInput) | (Without<...> & ClientFileUpdateInput)'.
src/app/api/clients/[id]/route.ts(237,66): error TS2339: Property 'storagePath' does not exist on type '{ id: string; createdAt: Date; updatedAt: Date; fileName: string; clientId: string; fileType: string; category: string | null; uploadedBy: string | null; uploadedByName: string | null; }'.
src/app/api/clients/[id]/route.ts(246,15): error TS2353: Object literal may only specify known properties, and 'originalStoragePath' does not exist in type 'VideoSelect<DefaultArgs>'.
src/app/api/clients/[id]/route.ts(259,17): error TS2353: Object literal may only specify known properties, and 'originalStoragePath' does not exist in type '(Without<VideoUpdateInput, VideoUncheckedUpdateInput> & VideoUncheckedUpdateInput) | (Without<...> & VideoUpdateInput)'.
src/app/api/clients/[id]/route.ts(259,75): error TS2339: Property 'originalStoragePath' does not exist on type '{ id: string; version: number; duration: number; name: string; projectId: string; createdAt: Date; updatedAt: Date; storageFolderName: string | null; versionLabel: string; videoNotes: string | null; ... 11 more ...; allowApproval: boolean; }'.
src/app/api/clients/[id]/route.ts(260,70): error TS2339: Property 'preview480Path' does not exist on type '{ id: string; version: number; duration: number; name: string; projectId: string; createdAt: Date; updatedAt: Date; storageFolderName: string | null; versionLabel: string; videoNotes: string | null; ... 11 more ...; allowApproval: boolean; }'.
src/app/api/clients/[id]/route.ts(261,70): error TS2339: Property 'preview720Path' does not exist on type '{ id: string; version: number; duration: number; name: string; projectId: string; createdAt: Date; updatedAt: Date; storageFolderName: string | null; versionLabel: string; videoNotes: string | null; ... 11 more ...; allowApproval: boolean; }'.
src/app/api/clients/[id]/route.ts(262,71): error TS2339: Property 'preview1080Path' does not exist on type '{ id: string; version: number; duration: number; name: string; projectId: string; createdAt: Date; updatedAt: Date; storageFolderName: string | null; versionLabel: string; videoNotes: string | null; ... 11 more ...; allowApproval: boolean; }'.
src/app/api/clients/[id]/route.ts(263,69): error TS2339: Property 'thumbnailPath' does not exist on type '{ id: string; version: number; duration: number; name: string; projectId: string; createdAt: Date; updatedAt: Date; storageFolderName: string | null; versionLabel: string; videoNotes: string | null; ... 11 more ...; allowApproval: boolean; }'.
src/app/api/clients/[id]/route.ts(264,78): error TS2339: Property 'timelinePreviewVttPath' does not exist on type '{ id: string; version: number; duration: number; name: string; projectId: string; createdAt: Date; updatedAt: Date; storageFolderName: string | null; versionLabel: string; videoNotes: string | null; ... 11 more ...; allowApproval: boolean; }'.
src/app/api/clients/[id]/route.ts(265,82): error TS2339: Property 'timelinePreviewSpritesPath' does not exist on type '{ id: string; version: number; duration: number; name: string; projectId: string; createdAt: Date; updatedAt: Date; storageFolderName: string | null; versionLabel: string; videoNotes: string | null; ... 11 more ...; allowApproval: boolean; }'.
src/app/api/clients/[id]/route.ts(272,33): error TS2353: Object literal may only specify known properties, and 'storagePath' does not exist in type 'VideoAssetSelect<DefaultArgs>'.
src/app/api/clients/[id]/route.ts(278,17): error TS2353: Object literal may only specify known properties, and 'storagePath' does not exist in type '(Without<VideoAssetUpdateInput, VideoAssetUncheckedUpdateInput> & VideoAssetUncheckedUpdateInput) | (Without<...> & VideoAssetUpdateInput)'.
src/app/api/clients/[id]/route.ts(278,67): error TS2339: Property 'storagePath' does not exist on type '{ id: string; videoId: string; createdAt: Date; updatedAt: Date; processingProgress: number | null; processingPhase: string | null; fileName: string; fileType: string; category: string | null; ... 10 more ...; timelinePreviewsReady: boolean; }'.
src/app/api/clients/[id]/route.ts(279,67): error TS2339: Property 'previewPath' does not exist on type '{ id: string; videoId: string; createdAt: Date; updatedAt: Date; processingProgress: number | null; processingPhase: string | null; fileName: string; fileType: string; category: string | null; ... 10 more ...; timelinePreviewsReady: boolean; }'.
src/app/api/clients/[id]/route.ts(286,33): error TS2353: Object literal may only specify known properties, and 'storagePath' does not exist in type 'AlbumPhotoSelect<DefaultArgs>'.
src/app/api/clients/[id]/route.ts(292,17): error TS2353: Object literal may only specify known properties, and 'storagePath' does not exist in type '(Without<AlbumPhotoUpdateInput, AlbumPhotoUncheckedUpdateInput> & AlbumPhotoUncheckedUpdateInput) | (Without<...> & AlbumPhotoUpdateInput)'.
src/app/api/clients/[id]/route.ts(292,67): error TS2339: Property 'storagePath' does not exist on type '{ id: string; error: string | null; createdAt: Date; updatedAt: Date; status: AlbumPhotoStatus; fileName: string; albumId: string; fileType: string; uploadedBy: string | null; ... 6 more ...; thumbnailGeneratedAt: Date | null; }'.
src/app/api/clients/[id]/route.ts(293,73): error TS2339: Property 'socialStoragePath' does not exist on type '{ id: string; error: string | null; createdAt: Date; updatedAt: Date; status: AlbumPhotoStatus; fileName: string; albumId: string; fileType: string; uploadedBy: string | null; ... 6 more ...; thumbnailGeneratedAt: Date | null; }'.
src/app/api/clients/[id]/route.ts(294,76): error TS2339: Property 'thumbnailStoragePath' does not exist on type '{ id: string; error: string | null; createdAt: Date; updatedAt: Date; status: AlbumPhotoStatus; fileName: string; albumId: string; fileType: string; uploadedBy: string | null; ... 6 more ...; thumbnailGeneratedAt: Date | null; }'.
src/app/api/clients/[id]/route.ts(314,33): error TS2353: Object literal may only specify known properties, and 'rawStoragePath' does not exist in type 'ProjectEmailSelect<DefaultArgs>'.
src/app/api/clients/[id]/route.ts(320,17): error TS2353: Object literal may only specify known properties, and 'rawStoragePath' does not exist in type '(Without<ProjectEmailUpdateInput, ProjectEmailUncheckedUpdateInput> & ProjectEmailUncheckedUpdateInput) | (Without<...> & ProjectEmailUpdateInput)'.
src/app/api/clients/[id]/route.ts(320,70): error TS2339: Property 'rawStoragePath' does not exist on type '{ id: string; projectId: string; createdAt: Date; updatedAt: Date; status: ProjectEmailStatus; uploadedBy: string | null; uploadedByName: string | null; ... 11 more ...; errorMessage: string | null; }'.
src/app/api/clients/[id]/route.ts(327,33): error TS2353: Object literal may only specify known properties, and 'storagePath' does not exist in type 'ProjectEmailAttachmentSelect<DefaultArgs>'.
src/app/api/clients/[id]/route.ts(333,17): error TS2353: Object literal may only specify known properties, and 'storagePath' does not exist in type '(Without<ProjectEmailAttachmentUpdateInput, ProjectEmailAttachmentUncheckedUpdateInput> & ProjectEmailAttachmentUncheckedUpdateInput) | (Without<...> & ProjectEmailAttachmentUpdateInput)'.
src/app/api/clients/[id]/route.ts(333,72): error TS2339: Property 'storagePath' does not exist on type '{ id: string; createdAt: Date; fileName: string; fileType: string; projectEmailId: string; isInline: boolean; contentId: string | null; }'.
src/app/api/clients/[id]/route.ts(340,33): error TS2353: Object literal may only specify known properties, and 'storagePath' does not exist in type 'CommentFileSelect<DefaultArgs>'.
src/app/api/clients/[id]/route.ts(346,17): error TS2353: Object literal may only specify known properties, and 'storagePath' does not exist in type '(Without<CommentFileUpdateInput, CommentFileUncheckedUpdateInput> & CommentFileUncheckedUpdateInput) | (Without<...> & CommentFileUpdateInput)'.
src/app/api/clients/[id]/route.ts(346,73): error TS2339: Property 'storagePath' does not exist on type '{ id: string; projectId: string; createdAt: Date; fileName: string; fileType: string; commentId: string; }'.
src/app/api/comments/[id]/files/[fileId]/route.ts(70,9): error TS2353: Object literal may only specify known properties, and 'fileSize' does not exist in type 'CommentFileSelect<DefaultArgs>'.
src/app/api/comments/[id]/files/[fileId]/route.ts(112,33): error TS2551: Property 'comment' does not exist on type '{ id: string; projectId: string; createdAt: Date; fileName: string; fileType: string; commentId: string; }'. Did you mean 'commentId'?
src/app/api/comments/[id]/files/[fileId]/route.ts(140,72): error TS2339: Property 'storagePath' does not exist on type '{ id: string; projectId: string; createdAt: Date; fileName: string; fileType: string; commentId: string; }'.
src/app/api/comments/[id]/files/[fileId]/route.ts(151,44): error TS2339: Property 'storagePath' does not exist on type '{ id: string; projectId: string; createdAt: Date; fileName: string; fileType: string; commentId: string; }'.
src/app/api/comments/[id]/files/[fileId]/route.ts(153,106): error TS2339: Property 'storagePath' does not exist on type '{ id: string; projectId: string; createdAt: Date; fileName: string; fileType: string; commentId: string; }'.
src/app/api/comments/[id]/files/route.ts(170,9): error TS2353: Object literal may only specify known properties, and 'fileSize' does not exist in type 'Without<CommentFileCreateInput, CommentFileUncheckedCreateInput> & CommentFileUncheckedCreateInput'.
src/app/api/comments/[id]/files/route.ts(183,38): error TS2339: Property 'fileSize' does not exist on type '{ id: string; projectId: string; createdAt: Date; fileName: string; fileType: string; commentId: string; }'.
src/app/api/comments/[id]/files/route.ts(184,34): error TS2339: Property 'storagePath' does not exist on type '{ id: string; projectId: string; createdAt: Date; fileName: string; fileType: string; commentId: string; }'.
src/app/api/comments/[id]/files/s3/complete/route.ts(137,9): error TS2353: Object literal may only specify known properties, and 'fileSize' does not exist in type 'Without<CommentFileCreateInput, CommentFileUncheckedCreateInput> & CommentFileUncheckedCreateInput'.
src/app/api/comments/[id]/files/s3/complete/route.ts(151,38): error TS2339: Property 'fileSize' does not exist on type '{ id: string; projectId: string; createdAt: Date; fileName: string; fileType: string; commentId: string; }'.
src/app/api/comments/[id]/files/s3/complete/route.ts(152,34): error TS2339: Property 'storagePath' does not exist on type '{ id: string; projectId: string; createdAt: Date; fileName: string; fileType: string; commentId: string; }'.
src/app/api/comments/[id]/route.ts(363,17): error TS2353: Object literal may only specify known properties, and 'storagePath' does not exist in type 'CommentFileSelect<DefaultArgs>'.
src/app/api/comments/[id]/route.ts(381,31): error TS2339: Property 'storagePath' does not exist on type '{ id: string; projectId: string; createdAt: Date; fileName: string; fileType: string; commentId: string; }'.
src/app/api/content/[token]/route.ts(277,14): error TS2304: Cannot find name 'hasReadyGeneratedPreview'.
src/app/api/content/[token]/route.ts(327,56): error TS2339: Property 'timelinePreviewsReady' does not exist on type '{ project: { id: string; companyName: string | null; createdAt: Date; updatedAt: Date; status: ProjectStatus; approvedAt: Date | null; title: string; ... 34 more ...; createdById: string; }; } & { ...; }'.
src/app/api/content/[token]/route.ts(353,56): error TS2339: Property 'timelinePreviewsReady' does not exist on type '{ project: { id: string; companyName: string | null; createdAt: Date; updatedAt: Date; status: ProjectStatus; approvedAt: Date | null; title: string; ... 34 more ...; createdById: string; }; } & { ...; }'.
src/app/api/content/[token]/route.ts(423,26): error TS2304: Cannot find name 'buildCanonicalFallbackPath'.
src/app/api/content/[token]/route.ts(440,16): error TS2339: Property 'originalFileName' does not exist on type '{ project: { id: string; companyName: string | null; createdAt: Date; updatedAt: Date; status: ProjectStatus; approvedAt: Date | null; title: string; ... 34 more ...; createdById: string; }; } & { ...; }'.
src/app/api/content/[token]/route.ts(444,56): error TS2345: Argument of type 'string | null' is not assignable to parameter of type 'string'.
  Type 'null' is not assignable to type 'string'.
src/app/api/content/[token]/route.ts(448,54): error TS2345: Argument of type 'string | null' is not assignable to parameter of type 'string'.
  Type 'null' is not assignable to type 'string'.
src/app/api/content/[token]/route.ts(475,54): error TS2345: Argument of type 'string | null' is not assignable to parameter of type 'string'.
  Type 'null' is not assignable to type 'string'.
src/app/api/content/[token]/route.ts(506,28): error TS2304: Cannot find name 'buildCanonicalFallbackPath'.
src/app/api/content/[token]/route.ts(541,14): error TS2339: Property 'originalFileName' does not exist on type '{ project: { id: string; companyName: string | null; createdAt: Date; updatedAt: Date; status: ProjectStatus; approvedAt: Date | null; title: string; ... 34 more ...; createdById: string; }; } & { ...; }'.
src/app/api/content/photo/[token]/route.ts(66,27): error TS2339: Property 'storagePath' does not exist on type '{ album: { projectId: string; }; } & { id: string; error: string | null; createdAt: Date; updatedAt: Date; status: AlbumPhotoStatus; fileName: string; albumId: string; ... 8 more ...; thumbnailGeneratedAt: Date | null; }'.
src/app/api/content/photo/[token]/route.ts(68,50): error TS2339: Property 'socialStoragePath' does not exist on type '{ album: { projectId: string; }; } & { id: string; error: string | null; createdAt: Date; updatedAt: Date; status: AlbumPhotoStatus; fileName: string; albumId: string; ... 8 more ...; thumbnailGeneratedAt: Date | null; }'.
src/app/api/content/photo/[token]/route.ts(71,25): error TS2339: Property 'socialStoragePath' does not exist on type '{ album: { projectId: string; }; } & { id: string; error: string | null; createdAt: Date; updatedAt: Date; status: AlbumPhotoStatus; fileName: string; albumId: string; ... 8 more ...; thumbnailGeneratedAt: Date | null; }'.
src/app/api/content/photo/[token]/route.ts(103,52): error TS2339: Property 'thumbnailStoragePath' does not exist on type '{ album: { projectId: string; }; } & { id: string; error: string | null; createdAt: Date; updatedAt: Date; status: AlbumPhotoStatus; fileName: string; albumId: string; ... 8 more ...; thumbnailGeneratedAt: Date | null; }'.
src/app/api/content/photo/[token]/route.ts(104,63): error TS2339: Property 'thumbnailStoragePath' does not exist on type '{ album: { projectId: string; }; } & { id: string; error: string | null; createdAt: Date; updatedAt: Date; status: AlbumPhotoStatus; fileName: string; albumId: string; ... 8 more ...; thumbnailGeneratedAt: Date | null; }'.
src/app/api/content/photo/[token]/route.ts(108,49): error TS2339: Property 'socialStoragePath' does not exist on type '{ album: { projectId: string; }; } & { id: string; error: string | null; createdAt: Date; updatedAt: Date; status: AlbumPhotoStatus; fileName: string; albumId: string; ... 8 more ...; thumbnailGeneratedAt: Date | null; }'.
src/app/api/content/photo/[token]/route.ts(109,61): error TS2339: Property 'socialStoragePath' does not exist on type '{ album: { projectId: string; }; } & { id: string; error: string | null; createdAt: Date; updatedAt: Date; status: AlbumPhotoStatus; fileName: string; albumId: string; ... 8 more ...; thumbnailGeneratedAt: Date | null; }'.
src/app/api/content/photo/[token]/route.ts(118,49): error TS2339: Property 'socialStoragePath' does not exist on type '{ album: { projectId: string; }; } & { id: string; error: string | null; createdAt: Date; updatedAt: Date; status: AlbumPhotoStatus; fileName: string; albumId: string; ... 8 more ...; thumbnailGeneratedAt: Date | null; }'.
src/app/api/content/photo/[token]/route.ts(119,61): error TS2339: Property 'socialStoragePath' does not exist on type '{ album: { projectId: string; }; } & { id: string; error: string | null; createdAt: Date; updatedAt: Date; status: AlbumPhotoStatus; fileName: string; albumId: string; ... 8 more ...; thumbnailGeneratedAt: Date | null; }'.
src/app/api/content/zip/[token]/route.ts(112,53): error TS2339: Property 'storagePath' does not exist on type '{ id: string; videoId: string; createdAt: Date; updatedAt: Date; processingProgress: number | null; processingPhase: string | null; fileName: string; fileType: string; category: string | null; ... 10 more ...; timelinePreviewsReady: boolean; }'.
src/app/api/kanban/cards/[id]/comments/route.ts(65,80): error TS2353: Object literal may only specify known properties, and 'avatarPath' does not exist in type 'UserSelect<DefaultArgs>'.
src/app/api/kanban/cards/[id]/comments/route.ts(68,84): error TS2353: Object literal may only specify known properties, and 'avatarPath' does not exist in type 'UserSelect<DefaultArgs>'.
src/app/api/kanban/cards/[id]/comments/route.ts(137,80): error TS2353: Object literal may only specify known properties, and 'avatarPath' does not exist in type 'UserSelect<DefaultArgs>'.
src/app/api/kanban/cards/[id]/comments/route.ts(140,84): error TS2353: Object literal may only specify known properties, and 'avatarPath' does not exist in type 'UserSelect<DefaultArgs>'.
src/app/api/kanban/cards/[id]/comments/route.ts(191,76): error TS2339: Property 'replies' does not exist on type '{ id: string; content: string; createdAt: Date; updatedAt: Date; displayColorSnapshot: string | null; userId: string | null; parentId: string | null; authorNameSnapshot: string | null; cardId: string; }'.
src/app/api/projects/[id]/comment-attachments/[fileId]/route.ts(72,7): error TS2353: Object literal may only specify known properties, and 'storagePath' does not exist in type 'CommentFileSelect<DefaultArgs>'.
src/app/api/projects/[id]/comment-attachments/[fileId]/route.ts(82,63): error TS2339: Property 'storagePath' does not exist on type '{ id: string; projectId: string; createdAt: Date; fileName: string; fileType: string; commentId: string; }'.
src/app/api/projects/[id]/comment-attachments/[fileId]/route.ts(86,37): error TS2339: Property 'storagePath' does not exist on type '{ id: string; projectId: string; createdAt: Date; fileName: string; fileType: string; commentId: string; }'.
src/app/api/projects/[id]/comment-attachments/route.ts(59,7): error TS2353: Object literal may only specify known properties, and 'fileSize' does not exist in type 'CommentFileSelect<DefaultArgs>'.
src/app/api/projects/[id]/comment-attachments/route.ts(86,22): error TS2339: Property 'fileSize' does not exist on type '{ id: string; projectId: string; createdAt: Date; fileName: string; fileType: string; commentId: string; }'.
src/app/api/projects/[id]/comment-attachments/route.ts(89,14): error TS2551: Property 'comment' does not exist on type '{ id: string; projectId: string; createdAt: Date; fileName: string; fileType: string; commentId: string; }'. Did you mean 'commentId'?
src/app/api/projects/[id]/comment-attachments/route.ts(90,14): error TS2551: Property 'comment' does not exist on type '{ id: string; projectId: string; createdAt: Date; fileName: string; fileType: string; commentId: string; }'. Did you mean 'commentId'?
src/app/api/projects/[id]/comment-attachments/route.ts(91,14): error TS2551: Property 'comment' does not exist on type '{ id: string; projectId: string; createdAt: Date; fileName: string; fileType: string; commentId: string; }'. Did you mean 'commentId'?
src/app/api/projects/[id]/comment-attachments/route.ts(92,14): error TS2551: Property 'comment' does not exist on type '{ id: string; projectId: string; createdAt: Date; fileName: string; fileType: string; commentId: string; }'. Did you mean 'commentId'?
src/app/api/projects/[id]/comment-attachments/route.ts(93,14): error TS2551: Property 'comment' does not exist on type '{ id: string; projectId: string; createdAt: Date; fileName: string; fileType: string; commentId: string; }'. Did you mean 'commentId'?
src/app/api/projects/[id]/comment-attachments/route.ts(94,15): error TS2551: Property 'comment' does not exist on type '{ id: string; projectId: string; createdAt: Date; fileName: string; fileType: string; commentId: string; }'. Did you mean 'commentId'?
src/app/api/projects/[id]/email-attachments/route.ts(59,7): error TS2353: Object literal may only specify known properties, and 'fileSize' does not exist in type 'ProjectEmailAttachmentSelect<DefaultArgs>'.
src/app/api/projects/[id]/email-attachments/route.ts(69,22): error TS2339: Property 'fileSize' does not exist on type '{ id: string; createdAt: Date; fileName: string; fileType: string; projectEmailId: string; isInline: boolean; contentId: string | null; }'.
src/app/api/projects/[id]/emails/[emailId]/attachments/[attachmentId]/route.ts(79,7): error TS2353: Object literal may only specify known properties, and 'storagePath' does not exist in type 'ProjectEmailAttachmentSelect<DefaultArgs>'.
src/app/api/projects/[id]/emails/[emailId]/attachments/[attachmentId]/route.ts(97,50): error TS2339: Property 'storagePath' does not exist on type '{ id: string; createdAt: Date; fileName: string; fileType: string; projectEmailId: string; isInline: boolean; contentId: string | null; }'.
src/app/api/projects/[id]/emails/[emailId]/attachments/[attachmentId]/route.ts(98,52): error TS2339: Property 'storagePath' does not exist on type '{ id: string; createdAt: Date; fileName: string; fileType: string; projectEmailId: string; isInline: boolean; contentId: string | null; }'.
src/app/api/projects/[id]/emails/[emailId]/attachments/[attachmentId]/route.ts(102,43): error TS2339: Property 'storagePath' does not exist on type '{ id: string; createdAt: Date; fileName: string; fileType: string; projectEmailId: string; isInline: boolean; contentId: string | null; }'.
src/app/api/projects/[id]/emails/[emailId]/route.ts(107,11): error TS2353: Object literal may only specify known properties, and 'fileSize' does not exist in type 'ProjectEmailAttachmentSelect<DefaultArgs>'.
src/app/api/projects/[id]/emails/[emailId]/route.ts(126,75): error TS2551: Property 'attachments' does not exist on type '{ id: string; projectId: string; createdAt: Date; updatedAt: Date; status: ProjectEmailStatus; uploadedBy: string | null; uploadedByName: string | null; ... 11 more ...; errorMessage: string | null; }'. Did you mean 'hasAttachments'?
src/app/api/projects/[id]/emails/[emailId]/route.ts(147,26): error TS2551: Property 'attachments' does not exist on type '{ id: string; projectId: string; createdAt: Date; updatedAt: Date; status: ProjectEmailStatus; uploadedBy: string | null; uploadedByName: string | null; ... 11 more ...; errorMessage: string | null; }'. Did you mean 'hasAttachments'?
src/app/api/projects/[id]/emails/[emailId]/route.ts(147,43): error TS7006: Parameter 'a' implicitly has an 'any' type.
src/app/api/projects/[id]/emails/[emailId]/route.ts(195,42): error TS2353: Object literal may only specify known properties, and 'storagePath' does not exist in type 'ProjectEmailAttachmentSelect<DefaultArgs>'.
src/app/api/projects/[id]/emails/[emailId]/route.ts(201,53): error TS2339: Property 'rawStoragePath' does not exist on type '{ id: string; projectId: string; createdAt: Date; updatedAt: Date; status: ProjectEmailStatus; uploadedBy: string | null; uploadedByName: string | null; ... 11 more ...; errorMessage: string | null; }'.
src/app/api/projects/[id]/emails/[emailId]/route.ts(204,11): error TS2551: Property 'attachments' does not exist on type '{ id: string; projectId: string; createdAt: Date; updatedAt: Date; status: ProjectEmailStatus; uploadedBy: string | null; uploadedByName: string | null; ... 11 more ...; errorMessage: string | null; }'. Did you mean 'hasAttachments'?
src/app/api/projects/[id]/emails/[emailId]/route.ts(205,13): error TS7006: Parameter 'attachment' implicitly has an 'any' type.
src/app/api/projects/[id]/emails/[emailId]/route.ts(207,13): error TS7006: Parameter 'storagePath' implicitly has an 'any' type.
src/app/api/projects/[id]/emails/[emailId]/route.ts(210,72): error TS2345: Argument of type 'unknown' is not assignable to parameter of type 'string'.
src/app/api/projects/[id]/emails/[emailId]/route.ts(220,28): error TS2339: Property 'rawStoragePath' does not exist on type '{ id: string; projectId: string; createdAt: Date; updatedAt: Date; status: ProjectEmailStatus; uploadedBy: string | null; uploadedByName: string | null; ... 11 more ...; errorMessage: string | null; }'.
src/app/api/projects/[id]/emails/[emailId]/route.ts(231,27): error TS2551: Property 'attachments' does not exist on type '{ id: string; projectId: string; createdAt: Date; updatedAt: Date; status: ProjectEmailStatus; uploadedBy: string | null; uploadedByName: string | null; ... 11 more ...; errorMessage: string | null; }'. Did you mean 'hasAttachments'?
src/app/api/projects/[id]/emails/[emailId]/route.ts(241,48): error TS2345: Argument of type 'unknown' is not assignable to parameter of type 'string'.
src/app/api/projects/[id]/emails/route.ts(236,7): error TS2353: Object literal may only specify known properties, and 'rawFileSize' does not exist in type 'Without<ProjectEmailCreateInput, ProjectEmailUncheckedCreateInput> & ProjectEmailUncheckedCreateInput'.
src/app/api/projects/[id]/internal-comments/route.ts(87,80): error TS2353: Object literal may only specify known properties, and 'avatarPath' does not exist in type 'UserSelect<DefaultArgs>'.
src/app/api/projects/[id]/internal-comments/route.ts(90,84): error TS2353: Object literal may only specify known properties, and 'avatarPath' does not exist in type 'UserSelect<DefaultArgs>'.
src/app/api/projects/[id]/internal-comments/route.ts(93,88): error TS2353: Object literal may only specify known properties, and 'avatarPath' does not exist in type 'UserSelect<DefaultArgs>'.
src/app/api/projects/[id]/internal-comments/route.ts(175,80): error TS2353: Object literal may only specify known properties, and 'avatarPath' does not exist in type 'UserSelect<DefaultArgs>'.
src/app/api/projects/[id]/internal-comments/route.ts(178,84): error TS2353: Object literal may only specify known properties, and 'avatarPath' does not exist in type 'UserSelect<DefaultArgs>'.
src/app/api/projects/[id]/internal-comments/route.ts(235,76): error TS2339: Property 'replies' does not exist on type '{ id: string; projectId: string; content: string; createdAt: Date; updatedAt: Date; displayColorSnapshot: string | null; userId: string | null; parentId: string | null; authorNameSnapshot: string | null; }'.
src/app/api/projects/[id]/reprocess-previews/route.ts(176,11): error TS2353: Object literal may only specify known properties, and 'originalStoragePath' does not exist in type 'VideoSelect<DefaultArgs>'.
src/app/api/projects/[id]/reprocess-previews/route.ts(190,11): error TS2353: Object literal may only specify known properties, and 'storagePath' does not exist in type 'ShareUploadFileSelect<DefaultArgs>'.
src/app/api/projects/[id]/reprocess-previews/route.ts(204,11): error TS2353: Object literal may only specify known properties, and 'storagePath' does not exist in type 'VideoAssetSelect<DefaultArgs>'.
src/app/api/projects/[id]/reprocess-previews/route.ts(228,11): error TS2353: Object literal may only specify known properties, and 'storagePath' does not exist in type 'AlbumPhotoSelect<DefaultArgs>'.
src/app/api/projects/[id]/reprocess-previews/route.ts(241,30): error TS2339: Property 'storagePath' does not exist on type '{ id: string; videoId: string; createdAt: Date; updatedAt: Date; processingProgress: number | null; processingPhase: string | null; fileName: string; fileType: string; category: string | null; ... 10 more ...; timelinePreviewsReady: boolean; }'.
src/app/api/projects/[id]/reprocess-previews/route.ts(246,49): error TS2339: Property 'preview480Path' does not exist on type '{ id: string; version: number; duration: number; name: string; projectId: string; createdAt: Date; updatedAt: Date; storageFolderName: string | null; versionLabel: string; videoNotes: string | null; ... 11 more ...; allowApproval: boolean; }'.
src/app/api/projects/[id]/reprocess-previews/route.ts(247,49): error TS2339: Property 'preview720Path' does not exist on type '{ id: string; version: number; duration: number; name: string; projectId: string; createdAt: Date; updatedAt: Date; storageFolderName: string | null; versionLabel: string; videoNotes: string | null; ... 11 more ...; allowApproval: boolean; }'.
src/app/api/projects/[id]/reprocess-previews/route.ts(248,49): error TS2339: Property 'preview1080Path' does not exist on type '{ id: string; version: number; duration: number; name: string; projectId: string; createdAt: Date; updatedAt: Date; storageFolderName: string | null; versionLabel: string; videoNotes: string | null; ... 11 more ...; allowApproval: boolean; }'.
src/app/api/projects/[id]/reprocess-previews/route.ts(253,42): error TS2339: Property 'thumbnailPath' does not exist on type '{ id: string; version: number; duration: number; name: string; projectId: string; createdAt: Date; updatedAt: Date; storageFolderName: string | null; versionLabel: string; videoNotes: string | null; ... 11 more ...; allowApproval: boolean; }'.
src/app/api/projects/[id]/reprocess-previews/route.ts(254,51): error TS2339: Property 'thumbnailPath' does not exist on type '{ id: string; version: number; duration: number; name: string; projectId: string; createdAt: Date; updatedAt: Date; storageFolderName: string | null; versionLabel: string; videoNotes: string | null; ... 11 more ...; allowApproval: boolean; }'.
src/app/api/projects/[id]/reprocess-previews/route.ts(258,49): error TS2339: Property 'timelinePreviewVttPath' does not exist on type '{ id: string; version: number; duration: number; name: string; projectId: string; createdAt: Date; updatedAt: Date; storageFolderName: string | null; versionLabel: string; videoNotes: string | null; ... 11 more ...; allowApproval: boolean; }'.
src/app/api/projects/[id]/reprocess-previews/route.ts(260,54): error TS2339: Property 'timelinePreviewSpritesPath' does not exist on type '{ id: string; version: number; duration: number; name: string; projectId: string; createdAt: Date; updatedAt: Date; storageFolderName: string | null; versionLabel: string; videoNotes: string | null; ... 11 more ...; allowApproval: boolean; }'.
src/app/api/projects/[id]/reprocess-previews/route.ts(266,48): error TS2339: Property 'previewPath' does not exist on type '{ id: string; projectId: string; createdAt: Date; updatedAt: Date; processingProgress: number | null; processingPhase: string | null; fileName: string; fileType: string; category: string | null; ... 12 more ...; uploadedById: string | null; }'.
src/app/api/projects/[id]/reprocess-previews/route.ts(267,112): error TS2339: Property 'storagePath' does not exist on type '{ id: string; projectId: string; createdAt: Date; updatedAt: Date; processingProgress: number | null; processingPhase: string | null; fileName: string; fileType: string; category: string | null; ... 12 more ...; uploadedById: string | null; }'.
src/app/api/projects/[id]/reprocess-previews/route.ts(275,37): error TS2551: Property 'video' does not exist on type '{ id: string; videoId: string; createdAt: Date; updatedAt: Date; processingProgress: number | null; processingPhase: string | null; fileName: string; fileType: string; category: string | null; ... 10 more ...; timelinePreviewsReady: boolean; }'. Did you mean 'videoId'?
src/app/api/projects/[id]/reprocess-previews/route.ts(275,70): error TS2551: Property 'video' does not exist on type '{ id: string; videoId: string; createdAt: Date; updatedAt: Date; processingProgress: number | null; processingPhase: string | null; fileName: string; fileType: string; category: string | null; ... 10 more ...; timelinePreviewsReady: boolean; }'. Did you mean 'videoId'?
src/app/api/projects/[id]/reprocess-previews/route.ts(276,49): error TS2339: Property 'previewPath' does not exist on type '{ id: string; videoId: string; createdAt: Date; updatedAt: Date; processingProgress: number | null; processingPhase: string | null; fileName: string; fileType: string; category: string | null; ... 10 more ...; timelinePreviewsReady: boolean; }'.
src/app/api/projects/[id]/reprocess-previews/route.ts(277,120): error TS2551: Property 'video' does not exist on type '{ id: string; videoId: string; createdAt: Date; updatedAt: Date; processingProgress: number | null; processingPhase: string | null; fileName: string; fileType: string; category: string | null; ... 10 more ...; timelinePreviewsReady: boolean; }'. Did you mean 'videoId'?
src/app/api/projects/[id]/reprocess-previews/route.ts(277,146): error TS2339: Property 'storagePath' does not exist on type '{ id: string; videoId: string; createdAt: Date; updatedAt: Date; processingProgress: number | null; processingPhase: string | null; fileName: string; fileType: string; category: string | null; ... 10 more ...; timelinePreviewsReady: boolean; }'.
src/app/api/projects/[id]/reprocess-previews/route.ts(278,120): error TS2551: Property 'video' does not exist on type '{ id: string; videoId: string; createdAt: Date; updatedAt: Date; processingProgress: number | null; processingPhase: string | null; fileName: string; fileType: string; category: string | null; ... 10 more ...; timelinePreviewsReady: boolean; }'. Did you mean 'videoId'?
src/app/api/projects/[id]/reprocess-previews/route.ts(278,146): error TS2339: Property 'storagePath' does not exist on type '{ id: string; videoId: string; createdAt: Date; updatedAt: Date; processingProgress: number | null; processingPhase: string | null; fileName: string; fileType: string; category: string | null; ... 10 more ...; timelinePreviewsReady: boolean; }'.
src/app/api/projects/[id]/reprocess-previews/route.ts(285,49): error TS2339: Property 'socialStoragePath' does not exist on type '{ id: string; error: string | null; createdAt: Date; updatedAt: Date; status: AlbumPhotoStatus; fileName: string; albumId: string; fileType: string; uploadedBy: string | null; ... 6 more ...; thumbnailGeneratedAt: Date | null; }'.
src/app/api/projects/[id]/reprocess-previews/route.ts(286,52): error TS2339: Property 'storagePath' does not exist on type '{ id: string; error: string | null; createdAt: Date; updatedAt: Date; status: AlbumPhotoStatus; fileName: string; albumId: string; fileType: string; uploadedBy: string | null; ... 6 more ...; thumbnailGeneratedAt: Date | null; }'.
src/app/api/projects/[id]/reprocess-previews/route.ts(287,49): error TS2339: Property 'thumbnailStoragePath' does not exist on type '{ id: string; error: string | null; createdAt: Date; updatedAt: Date; status: AlbumPhotoStatus; fileName: string; albumId: string; fileType: string; uploadedBy: string | null; ... 6 more ...; thumbnailGeneratedAt: Date | null; }'.
src/app/api/projects/[id]/reprocess-previews/route.ts(288,105): error TS2339: Property 'storagePath' does not exist on type '{ id: string; error: string | null; createdAt: Date; updatedAt: Date; status: AlbumPhotoStatus; fileName: string; albumId: string; fileType: string; uploadedBy: string | null; ... 6 more ...; thumbnailGeneratedAt: Date | null; }'.
src/app/api/projects/[id]/reprocess-previews/route.ts(299,69): error TS2339: Property 'thumbnailPath' does not exist on type '{ id: string; version: number; duration: number; name: string; projectId: string; createdAt: Date; updatedAt: Date; storageFolderName: string | null; versionLabel: string; videoNotes: string | null; ... 11 more ...; allowApproval: boolean; }'.
src/app/api/projects/[id]/reprocess-previews/route.ts(307,11): error TS2353: Object literal may only specify known properties, and 'preview480Path' does not exist in type '(Without<VideoUpdateInput, VideoUncheckedUpdateInput> & VideoUncheckedUpdateInput) | (Without<...> & VideoUpdateInput)'.
src/app/api/projects/[id]/reprocess-previews/route.ts(310,58): error TS2339: Property 'thumbnailPath' does not exist on type '{ id: string; version: number; duration: number; name: string; projectId: string; createdAt: Date; updatedAt: Date; storageFolderName: string | null; versionLabel: string; videoNotes: string | null; ... 11 more ...; allowApproval: boolean; }'.
src/app/api/projects/[id]/reprocess-previews/route.ts(319,36): error TS2339: Property 'originalStoragePath' does not exist on type '{ id: string; version: number; duration: number; name: string; projectId: string; createdAt: Date; updatedAt: Date; storageFolderName: string | null; versionLabel: string; videoNotes: string | null; ... 11 more ...; allowApproval: boolean; }'.
src/app/api/projects/[id]/reprocess-previews/route.ts(337,11): error TS2353: Object literal may only specify known properties, and 'previewPath' does not exist in type '(Without<ShareUploadFileUpdateInput, ShareUploadFileUncheckedUpdateInput> & ShareUploadFileUncheckedUpdateInput) | (Without<...> & ShareUploadFileUpdateInput)'.
src/app/api/projects/[id]/reprocess-previews/route.ts(351,27): error TS2339: Property 'storagePath' does not exist on type '{ id: string; projectId: string; createdAt: Date; updatedAt: Date; processingProgress: number | null; processingPhase: string | null; fileName: string; fileType: string; category: string | null; ... 12 more ...; uploadedById: string | null; }'.
src/app/api/projects/[id]/reprocess-previews/route.ts(364,29): error TS2339: Property 'storagePath' does not exist on type '{ id: string; projectId: string; createdAt: Date; updatedAt: Date; processingProgress: number | null; processingPhase: string | null; fileName: string; fileType: string; category: string | null; ... 12 more ...; uploadedById: string | null; }'.
src/app/api/projects/[id]/reprocess-previews/route.ts(381,11): error TS2353: Object literal may only specify known properties, and 'previewPath' does not exist in type '(Without<VideoAssetUpdateInput, VideoAssetUncheckedUpdateInput> & VideoAssetUncheckedUpdateInput) | (Without<...> & VideoAssetUpdateInput)'.
src/app/api/projects/[id]/reprocess-previews/route.ts(395,28): error TS2339: Property 'storagePath' does not exist on type '{ id: string; videoId: string; createdAt: Date; updatedAt: Date; processingProgress: number | null; processingPhase: string | null; fileName: string; fileType: string; category: string | null; ... 10 more ...; timelinePreviewsReady: boolean; }'.
src/app/api/projects/[id]/reprocess-previews/route.ts(407,30): error TS2339: Property 'storagePath' does not exist on type '{ id: string; videoId: string; createdAt: Date; updatedAt: Date; processingProgress: number | null; processingPhase: string | null; fileName: string; fileType: string; category: string | null; ... 10 more ...; timelinePreviewsReady: boolean; }'.
src/app/api/projects/[id]/reprocess-previews/route.ts(421,11): error TS2353: Object literal may only specify known properties, and 'socialStoragePath' does not exist in type '(Without<AlbumPhotoUpdateManyMutationInput, AlbumPhotoUncheckedUpdateManyInput> & AlbumPhotoUncheckedUpdateManyInput) | (Without<...> & AlbumPhotoUpdateManyMutationInput)'.
src/app/api/projects/[id]/reprocess/route.ts(122,40): error TS2339: Property 'thumbnailPath' does not exist on type '{ id: string; version: number; duration: number; name: string; projectId: string; createdAt: Date; updatedAt: Date; storageFolderName: string | null; versionLabel: string; videoNotes: string | null; ... 11 more ...; allowApproval: boolean; }'.
src/app/api/projects/[id]/reprocess/route.ts(126,15): error TS2353: Object literal may only specify known properties, and 'storagePath' does not exist in type 'VideoAssetWhereInput'.
src/app/api/projects/[id]/reprocess/route.ts(126,34): error TS2339: Property 'thumbnailPath' does not exist on type '{ id: string; version: number; duration: number; name: string; projectId: string; createdAt: Date; updatedAt: Date; storageFolderName: string | null; versionLabel: string; videoNotes: string | null; ... 11 more ...; allowApproval: boolean; }'.
src/app/api/projects/[id]/reprocess/route.ts(134,23): error TS2339: Property 'preview480Path' does not exist on type '{ id: string; version: number; duration: number; name: string; projectId: string; createdAt: Date; updatedAt: Date; storageFolderName: string | null; versionLabel: string; videoNotes: string | null; ... 11 more ...; allowApproval: boolean; }'.
src/app/api/projects/[id]/reprocess/route.ts(135,23): error TS2339: Property 'preview720Path' does not exist on type '{ id: string; version: number; duration: number; name: string; projectId: string; createdAt: Date; updatedAt: Date; storageFolderName: string | null; versionLabel: string; videoNotes: string | null; ... 11 more ...; allowApproval: boolean; }'.
src/app/api/projects/[id]/reprocess/route.ts(136,24): error TS2339: Property 'preview1080Path' does not exist on type '{ id: string; version: number; duration: number; name: string; projectId: string; createdAt: Date; updatedAt: Date; storageFolderName: string | null; versionLabel: string; videoNotes: string | null; ... 11 more ...; allowApproval: boolean; }'.
src/app/api/projects/[id]/reprocess/route.ts(144,20): error TS2339: Property 'preview480Path' does not exist on type '{ id: string; version: number; duration: number; name: string; projectId: string; createdAt: Date; updatedAt: Date; storageFolderName: string | null; versionLabel: string; videoNotes: string | null; ... 11 more ...; allowApproval: boolean; }'.
src/app/api/projects/[id]/reprocess/route.ts(144,42): error TS2339: Property 'preview720Path' does not exist on type '{ id: string; version: number; duration: number; name: string; projectId: string; createdAt: Date; updatedAt: Date; storageFolderName: string | null; versionLabel: string; videoNotes: string | null; ... 11 more ...; allowApproval: boolean; }'.
src/app/api/projects/[id]/reprocess/route.ts(144,64): error TS2339: Property 'preview1080Path' does not exist on type '{ id: string; version: number; duration: number; name: string; projectId: string; createdAt: Date; updatedAt: Date; storageFolderName: string | null; versionLabel: string; videoNotes: string | null; ... 11 more ...; allowApproval: boolean; }'.
src/app/api/projects/[id]/reprocess/route.ts(147,48): error TS2339: Property 'thumbnailPath' does not exist on type '{ id: string; version: number; duration: number; name: string; projectId: string; createdAt: Date; updatedAt: Date; storageFolderName: string | null; versionLabel: string; videoNotes: string | null; ... 11 more ...; allowApproval: boolean; }'.
src/app/api/projects/[id]/reprocess/route.ts(180,59): error TS2339: Property 'thumbnailPath' does not exist on type '{ id: string; version: number; duration: number; name: string; projectId: string; createdAt: Date; updatedAt: Date; storageFolderName: string | null; versionLabel: string; videoNotes: string | null; ... 11 more ...; allowApproval: boolean; }'.
src/app/api/projects/[id]/reprocess/route.ts(189,36): error TS2339: Property 'originalStoragePath' does not exist on type '{ id: string; version: number; duration: number; name: string; projectId: string; createdAt: Date; updatedAt: Date; storageFolderName: string | null; versionLabel: string; videoNotes: string | null; ... 11 more ...; allowApproval: boolean; }'.
src/app/api/projects/[id]/reprocess/route.ts(211,9): error TS2353: Object literal may only specify known properties, and 'storagePath' does not exist in type 'VideoAssetSelect<DefaultArgs>'.
src/app/api/projects/[id]/reprocess/route.ts(242,37): error TS2551: Property 'video' does not exist on type '{ id: string; videoId: string; createdAt: Date; updatedAt: Date; processingProgress: number | null; processingPhase: string | null; fileName: string; fileType: string; category: string | null; ... 10 more ...; timelinePreviewsReady: boolean; }'. Did you mean 'videoId'?
src/app/api/projects/[id]/reprocess/route.ts(242,70): error TS2551: Property 'video' does not exist on type '{ id: string; videoId: string; createdAt: Date; updatedAt: Date; processingProgress: number | null; processingPhase: string | null; fileName: string; fileType: string; category: string | null; ... 10 more ...; timelinePreviewsReady: boolean; }'. Did you mean 'videoId'?
src/app/api/projects/[id]/reprocess/route.ts(243,17): error TS2339: Property 'previewPath' does not exist on type '{ id: string; videoId: string; createdAt: Date; updatedAt: Date; processingProgress: number | null; processingPhase: string | null; fileName: string; fileType: string; category: string | null; ... 10 more ...; timelinePreviewsReady: boolean; }'.
src/app/api/projects/[id]/reprocess/route.ts(243,63): error TS2339: Property 'previewPath' does not exist on type '{ id: string; videoId: string; createdAt: Date; updatedAt: Date; processingProgress: number | null; processingPhase: string | null; fileName: string; fileType: string; category: string | null; ... 10 more ...; timelinePreviewsReady: boolean; }'.
src/app/api/projects/[id]/reprocess/route.ts(248,17): error TS2551: Property 'video' does not exist on type '{ id: string; videoId: string; createdAt: Date; updatedAt: Date; processingProgress: number | null; processingPhase: string | null; fileName: string; fileType: string; category: string | null; ... 10 more ...; timelinePreviewsReady: boolean; }'. Did you mean 'videoId'?
src/app/api/projects/[id]/reprocess/route.ts(249,17): error TS2339: Property 'storagePath' does not exist on type '{ id: string; videoId: string; createdAt: Date; updatedAt: Date; processingProgress: number | null; processingPhase: string | null; fileName: string; fileType: string; category: string | null; ... 10 more ...; timelinePreviewsReady: boolean; }'.
src/app/api/projects/[id]/reprocess/route.ts(257,17): error TS2551: Property 'video' does not exist on type '{ id: string; videoId: string; createdAt: Date; updatedAt: Date; processingProgress: number | null; processingPhase: string | null; fileName: string; fileType: string; category: string | null; ... 10 more ...; timelinePreviewsReady: boolean; }'. Did you mean 'videoId'?
src/app/api/projects/[id]/reprocess/route.ts(258,17): error TS2339: Property 'storagePath' does not exist on type '{ id: string; videoId: string; createdAt: Date; updatedAt: Date; processingProgress: number | null; processingPhase: string | null; fileName: string; fileType: string; category: string | null; ... 10 more ...; timelinePreviewsReady: boolean; }'.
src/app/api/projects/[id]/reprocess/route.ts(262,17): error TS2339: Property 'timelinePreviewVttPath' does not exist on type '{ id: string; videoId: string; createdAt: Date; updatedAt: Date; processingProgress: number | null; processingPhase: string | null; fileName: string; fileType: string; category: string | null; ... 10 more ...; timelinePreviewsReady: boolean; }'.
src/app/api/projects/[id]/reprocess/route.ts(262,74): error TS2339: Property 'timelinePreviewVttPath' does not exist on type '{ id: string; videoId: string; createdAt: Date; updatedAt: Date; processingProgress: number | null; processingPhase: string | null; fileName: string; fileType: string; category: string | null; ... 10 more ...; timelinePreviewsReady: boolean; }'.
src/app/api/projects/[id]/reprocess/route.ts(263,17): error TS2551: Property 'timelinePreviewSpritesPath' does not exist on type '{ id: string; videoId: string; createdAt: Date; updatedAt: Date; processingProgress: number | null; processingPhase: string | null; fileName: string; fileType: string; category: string | null; ... 10 more ...; timelinePreviewsReady: boolean; }'. Did you mean 'timelinePreviewsReady'?
src/app/api/projects/[id]/reprocess/route.ts(263,77): error TS2551: Property 'timelinePreviewSpritesPath' does not exist on type '{ id: string; videoId: string; createdAt: Date; updatedAt: Date; processingProgress: number | null; processingPhase: string | null; fileName: string; fileType: string; category: string | null; ... 10 more ...; timelinePreviewsReady: boolean; }'. Did you mean 'timelinePreviewsReady'?
src/app/api/projects/[id]/reprocess/route.ts(265,82): error TS2551: Property 'video' does not exist on type '{ id: string; videoId: string; createdAt: Date; updatedAt: Date; processingProgress: number | null; processingPhase: string | null; fileName: string; fileType: string; category: string | null; ... 10 more ...; timelinePreviewsReady: boolean; }'. Did you mean 'videoId'?
src/app/api/projects/[id]/reprocess/route.ts(287,11): error TS2353: Object literal may only specify known properties, and 'previewPath' does not exist in type '(Without<VideoAssetUpdateInput, VideoAssetUncheckedUpdateInput> & VideoAssetUncheckedUpdateInput) | (Without<...> & VideoAssetUpdateInput)'.
src/app/api/projects/[id]/reprocess/route.ts(309,28): error TS2339: Property 'storagePath' does not exist on type '{ id: string; videoId: string; createdAt: Date; updatedAt: Date; processingProgress: number | null; processingPhase: string | null; fileName: string; fileType: string; category: string | null; ... 10 more ...; timelinePreviewsReady: boolean; }'.
src/app/api/projects/[id]/reprocess/route.ts(320,30): error TS2339: Property 'storagePath' does not exist on type '{ id: string; videoId: string; createdAt: Date; updatedAt: Date; processingProgress: number | null; processingPhase: string | null; fileName: string; fileType: string; category: string | null; ... 10 more ...; timelinePreviewsReady: boolean; }'.
src/app/api/projects/[id]/route.ts(164,19): error TS2353: Object literal may only specify known properties, and 'avatarPath' does not exist in type 'UserSelect<DefaultArgs>'.
src/app/api/projects/[id]/route.ts(256,38): error TS2339: Property 'recipients' does not exist on type '{ id: string; companyName: string | null; createdAt: Date; updatedAt: Date; status: ProjectStatus; approvedAt: Date | null; title: string; watermarkEnabled: boolean; ... 33 more ...; createdById: string; }'.
src/app/api/projects/[id]/route.ts(256,91): error TS2339: Property 'recipients' does not exist on type '{ id: string; companyName: string | null; createdAt: Date; updatedAt: Date; status: ProjectStatus; approvedAt: Date | null; title: string; watermarkEnabled: boolean; ... 33 more ...; createdById: string; }'.
src/app/api/projects/[id]/route.ts(262,18): error TS2339: Property 'comments' does not exist on type '{ id: string; companyName: string | null; createdAt: Date; updatedAt: Date; status: ProjectStatus; approvedAt: Date | null; title: string; watermarkEnabled: boolean; ... 33 more ...; createdById: string; }'.
src/app/api/projects/[id]/route.ts(283,30): error TS2339: Property 'videos' does not exist on type '{ id: string; companyName: string | null; createdAt: Date; updatedAt: Date; status: ProjectStatus; approvedAt: Date | null; title: string; watermarkEnabled: boolean; ... 33 more ...; createdById: string; }'.
src/app/api/projects/[id]/route.ts(283,42): error TS7006: Parameter 'video' implicitly has an 'any' type.
src/app/api/projects/[id]/route.ts(323,23): error TS2339: Property 'videos' does not exist on type '{ id: string; companyName: string | null; createdAt: Date; updatedAt: Date; status: ProjectStatus; approvedAt: Date | null; title: string; watermarkEnabled: boolean; ... 33 more ...; createdById: string; }'.
src/app/api/projects/[id]/route.ts(1001,15): error TS2353: Object literal may only specify known properties, and 'originalStoragePath' does not exist in type 'VideoSelect<DefaultArgs>'.
src/app/api/projects/[id]/route.ts(1014,17): error TS2353: Object literal may only specify known properties, and 'originalStoragePath' does not exist in type '(Without<VideoUpdateInput, VideoUncheckedUpdateInput> & VideoUncheckedUpdateInput) | (Without<...> & VideoUpdateInput)'.
src/app/api/projects/[id]/route.ts(1015,25): error TS2339: Property 'originalStoragePath' does not exist on type '{ id: string; version: number; duration: number; name: string; projectId: string; createdAt: Date; updatedAt: Date; storageFolderName: string | null; versionLabel: string; videoNotes: string | null; ... 11 more ...; allowApproval: boolean; }'.
src/app/api/projects/[id]/route.ts(1020,25): error TS2339: Property 'preview480Path' does not exist on type '{ id: string; version: number; duration: number; name: string; projectId: string; createdAt: Date; updatedAt: Date; storageFolderName: string | null; versionLabel: string; videoNotes: string | null; ... 11 more ...; allowApproval: boolean; }'.
src/app/api/projects/[id]/route.ts(1025,25): error TS2339: Property 'preview720Path' does not exist on type '{ id: string; version: number; duration: number; name: string; projectId: string; createdAt: Date; updatedAt: Date; storageFolderName: string | null; versionLabel: string; videoNotes: string | null; ... 11 more ...; allowApproval: boolean; }'.
src/app/api/projects/[id]/route.ts(1030,25): error TS2339: Property 'preview1080Path' does not exist on type '{ id: string; version: number; duration: number; name: string; projectId: string; createdAt: Date; updatedAt: Date; storageFolderName: string | null; versionLabel: string; videoNotes: string | null; ... 11 more ...; allowApproval: boolean; }'.
src/app/api/projects/[id]/route.ts(1035,25): error TS2339: Property 'thumbnailPath' does not exist on type '{ id: string; version: number; duration: number; name: string; projectId: string; createdAt: Date; updatedAt: Date; storageFolderName: string | null; versionLabel: string; videoNotes: string | null; ... 11 more ...; allowApproval: boolean; }'.
src/app/api/projects/[id]/route.ts(1040,25): error TS2339: Property 'timelinePreviewVttPath' does not exist on type '{ id: string; version: number; duration: number; name: string; projectId: string; createdAt: Date; updatedAt: Date; storageFolderName: string | null; versionLabel: string; videoNotes: string | null; ... 11 more ...; allowApproval: boolean; }'.
src/app/api/projects/[id]/route.ts(1045,25): error TS2339: Property 'timelinePreviewSpritesPath' does not exist on type '{ id: string; version: number; duration: number; name: string; projectId: string; createdAt: Date; updatedAt: Date; storageFolderName: string | null; versionLabel: string; videoNotes: string | null; ... 11 more ...; allowApproval: boolean; }'.
src/app/api/projects/[id]/route.ts(1055,33): error TS2353: Object literal may only specify known properties, and 'storagePath' does not exist in type 'VideoAssetSelect<DefaultArgs>'.
src/app/api/projects/[id]/route.ts(1061,17): error TS2353: Object literal may only specify known properties, and 'storagePath' does not exist in type '(Without<VideoAssetUpdateInput, VideoAssetUncheckedUpdateInput> & VideoAssetUncheckedUpdateInput) | (Without<...> & VideoAssetUpdateInput)'.
src/app/api/projects/[id]/route.ts(1062,25): error TS2339: Property 'storagePath' does not exist on type '{ id: string; videoId: string; createdAt: Date; updatedAt: Date; processingProgress: number | null; processingPhase: string | null; fileName: string; fileType: string; category: string | null; ... 10 more ...; timelinePreviewsReady: boolean; }'.
src/app/api/projects/[id]/route.ts(1067,25): error TS2339: Property 'previewPath' does not exist on type '{ id: string; videoId: string; createdAt: Date; updatedAt: Date; processingProgress: number | null; processingPhase: string | null; fileName: string; fileType: string; category: string | null; ... 10 more ...; timelinePreviewsReady: boolean; }'.
src/app/api/projects/[id]/route.ts(1077,33): error TS2353: Object literal may only specify known properties, and 'storagePath' does not exist in type 'AlbumPhotoSelect<DefaultArgs>'.
src/app/api/projects/[id]/route.ts(1083,17): error TS2353: Object literal may only specify known properties, and 'storagePath' does not exist in type '(Without<AlbumPhotoUpdateInput, AlbumPhotoUncheckedUpdateInput> & AlbumPhotoUncheckedUpdateInput) | (Without<...> & AlbumPhotoUpdateInput)'.
src/app/api/projects/[id]/route.ts(1084,25): error TS2339: Property 'storagePath' does not exist on type '{ id: string; error: string | null; createdAt: Date; updatedAt: Date; status: AlbumPhotoStatus; fileName: string; albumId: string; fileType: string; uploadedBy: string | null; ... 6 more ...; thumbnailGeneratedAt: Date | null; }'.
src/app/api/projects/[id]/route.ts(1089,25): error TS2339: Property 'socialStoragePath' does not exist on type '{ id: string; error: string | null; createdAt: Date; updatedAt: Date; status: AlbumPhotoStatus; fileName: string; albumId: string; fileType: string; uploadedBy: string | null; ... 6 more ...; thumbnailGeneratedAt: Date | null; }'.
src/app/api/projects/[id]/route.ts(1094,25): error TS2339: Property 'thumbnailStoragePath' does not exist on type '{ id: string; error: string | null; createdAt: Date; updatedAt: Date; status: AlbumPhotoStatus; fileName: string; albumId: string; fileType: string; uploadedBy: string | null; ... 6 more ...; thumbnailGeneratedAt: Date | null; }'.
src/app/api/projects/[id]/route.ts(1121,33): error TS2353: Object literal may only specify known properties, and 'rawStoragePath' does not exist in type 'ProjectEmailSelect<DefaultArgs>'.
src/app/api/projects/[id]/route.ts(1127,17): error TS2353: Object literal may only specify known properties, and 'rawStoragePath' does not exist in type '(Without<ProjectEmailUpdateInput, ProjectEmailUncheckedUpdateInput> & ProjectEmailUncheckedUpdateInput) | (Without<...> & ProjectEmailUpdateInput)'.
src/app/api/projects/[id]/route.ts(1128,25): error TS2339: Property 'rawStoragePath' does not exist on type '{ id: string; projectId: string; createdAt: Date; updatedAt: Date; status: ProjectEmailStatus; uploadedBy: string | null; uploadedByName: string | null; ... 11 more ...; errorMessage: string | null; }'.
src/app/api/projects/[id]/route.ts(1138,33): error TS2353: Object literal may only specify known properties, and 'storagePath' does not exist in type 'ProjectEmailAttachmentSelect<DefaultArgs>'.
src/app/api/projects/[id]/route.ts(1144,17): error TS2353: Object literal may only specify known properties, and 'storagePath' does not exist in type '(Without<ProjectEmailAttachmentUpdateInput, ProjectEmailAttachmentUncheckedUpdateInput> & ProjectEmailAttachmentUncheckedUpdateInput) | (Without<...> & ProjectEmailAttachmentUpdateInput)'.
src/app/api/projects/[id]/route.ts(1145,30): error TS2339: Property 'storagePath' does not exist on type '{ id: string; createdAt: Date; fileName: string; fileType: string; projectEmailId: string; isInline: boolean; contentId: string | null; }'.
src/app/api/projects/[id]/route.ts(1155,33): error TS2353: Object literal may only specify known properties, and 'storagePath' does not exist in type 'CommentFileSelect<DefaultArgs>'.
src/app/api/projects/[id]/route.ts(1161,17): error TS2353: Object literal may only specify known properties, and 'storagePath' does not exist in type '(Without<CommentFileUpdateInput, CommentFileUncheckedUpdateInput> & CommentFileUncheckedUpdateInput) | (Without<...> & CommentFileUpdateInput)'.
src/app/api/projects/[id]/route.ts(1162,31): error TS2339: Property 'storagePath' does not exist on type '{ id: string; projectId: string; createdAt: Date; fileName: string; fileType: string; commentId: string; }'.
src/app/api/projects/[id]/route.ts(1337,17): error TS2353: Object literal may only specify known properties, and 'preview480Path' does not exist in type 'VideoSelect<DefaultArgs>'.
src/app/api/projects/[id]/route.ts(1347,17): error TS2353: Object literal may only specify known properties, and 'previewPath' does not exist in type 'VideoAssetWhereInput'.
src/app/api/projects/[id]/route.ts(1351,17): error TS2353: Object literal may only specify known properties, and 'previewPath' does not exist in type 'VideoAssetSelect<DefaultArgs>'.
src/app/api/projects/[id]/route.ts(1363,45): error TS2339: Property 'preview480Path' does not exist on type '{ id: string; version: number; duration: number; name: string; projectId: string; createdAt: Date; updatedAt: Date; storageFolderName: string | null; versionLabel: string; videoNotes: string | null; ... 11 more ...; allowApproval: boolean; }'.
src/app/api/projects/[id]/route.ts(1363,67): error TS2339: Property 'preview720Path' does not exist on type '{ id: string; version: number; duration: number; name: string; projectId: string; createdAt: Date; updatedAt: Date; storageFolderName: string | null; versionLabel: string; videoNotes: string | null; ... 11 more ...; allowApproval: boolean; }'.
src/app/api/projects/[id]/route.ts(1363,89): error TS2339: Property 'preview1080Path' does not exist on type '{ id: string; version: number; duration: number; name: string; projectId: string; createdAt: Date; updatedAt: Date; storageFolderName: string | null; versionLabel: string; videoNotes: string | null; ... 11 more ...; allowApproval: boolean; }'.
src/app/api/projects/[id]/route.ts(1365,27): error TS2339: Property 'timelinePreviewSpritesPath' does not exist on type '{ id: string; version: number; duration: number; name: string; projectId: string; createdAt: Date; updatedAt: Date; storageFolderName: string | null; versionLabel: string; videoNotes: string | null; ... 11 more ...; allowApproval: boolean; }'.
src/app/api/projects/[id]/route.ts(1366,52): error TS2339: Property 'timelinePreviewSpritesPath' does not exist on type '{ id: string; version: number; duration: number; name: string; projectId: string; createdAt: Date; updatedAt: Date; storageFolderName: string | null; versionLabel: string; videoNotes: string | null; ... 11 more ...; allowApproval: boolean; }'.
src/app/api/projects/[id]/route.ts(1371,50): error TS2339: Property 'previewPath' does not exist on type '{ id: string; videoId: string; createdAt: Date; updatedAt: Date; processingProgress: number | null; processingPhase: string | null; fileName: string; fileType: string; category: string | null; ... 10 more ...; timelinePreviewsReady: boolean; }'.
src/app/api/projects/[id]/route.ts(1385,30): error TS2339: Property 'preview480Path' does not exist on type '{ id: string; version: number; duration: number; name: string; projectId: string; createdAt: Date; updatedAt: Date; storageFolderName: string | null; versionLabel: string; videoNotes: string | null; ... 11 more ...; allowApproval: boolean; }'.
src/app/api/projects/[id]/route.ts(1385,50): error TS2339: Property 'preview720Path' does not exist on type '{ id: string; version: number; duration: number; name: string; projectId: string; createdAt: Date; updatedAt: Date; storageFolderName: string | null; versionLabel: string; videoNotes: string | null; ... 11 more ...; allowApproval: boolean; }'.
src/app/api/projects/[id]/route.ts(1385,70): error TS2339: Property 'preview1080Path' does not exist on type '{ id: string; version: number; duration: number; name: string; projectId: string; createdAt: Date; updatedAt: Date; storageFolderName: string | null; versionLabel: string; videoNotes: string | null; ... 11 more ...; allowApproval: boolean; }'.
src/app/api/projects/[id]/route.ts(1389,30): error TS2339: Property 'timelinePreviewSpritesPath' does not exist on type '{ id: string; version: number; duration: number; name: string; projectId: string; createdAt: Date; updatedAt: Date; storageFolderName: string | null; versionLabel: string; videoNotes: string | null; ... 11 more ...; allowApproval: boolean; }'.
src/app/api/projects/[id]/route.ts(1413,46): error TS2339: Property 'previewPath' does not exist on type '{ id: string; videoId: string; createdAt: Date; updatedAt: Date; processingProgress: number | null; processingPhase: string | null; fileName: string; fileType: string; category: string | null; ... 10 more ...; timelinePreviewsReady: boolean; }'.
src/app/api/projects/[id]/route.ts(1420,17): error TS2353: Object literal may only specify known properties, and 'previewPath' does not exist in type '(Without<VideoAssetUpdateInput, VideoAssetUncheckedUpdateInput> & VideoAssetUncheckedUpdateInput) | (Without<...> & VideoAssetUpdateInput)'.
src/app/api/projects/[id]/route.ts(1448,13): error TS2353: Object literal may only specify known properties, and 'originalStoragePath' does not exist in type 'VideoSelect<DefaultArgs>'.
src/app/api/projects/[id]/route.ts(1465,66): error TS2339: Property 'preview480Path' does not exist on type '{ id: string; version: number; duration: number; name: string; projectId: string; createdAt: Date; updatedAt: Date; storageFolderName: string | null; versionLabel: string; videoNotes: string | null; ... 11 more ...; allowApproval: boolean; }'.
src/app/api/projects/[id]/route.ts(1466,66): error TS2339: Property 'preview720Path' does not exist on type '{ id: string; version: number; duration: number; name: string; projectId: string; createdAt: Date; updatedAt: Date; storageFolderName: string | null; versionLabel: string; videoNotes: string | null; ... 11 more ...; allowApproval: boolean; }'.
src/app/api/projects/[id]/route.ts(1467,67): error TS2339: Property 'preview1080Path' does not exist on type '{ id: string; version: number; duration: number; name: string; projectId: string; createdAt: Date; updatedAt: Date; storageFolderName: string | null; versionLabel: string; videoNotes: string | null; ... 11 more ...; allowApproval: boolean; }'.
src/app/api/projects/[id]/route.ts(1469,48): error TS2339: Property 'thumbnailPath' does not exist on type '{ id: string; version: number; duration: number; name: string; projectId: string; createdAt: Date; updatedAt: Date; storageFolderName: string | null; versionLabel: string; videoNotes: string | null; ... 11 more ...; allowApproval: boolean; }'.
src/app/api/projects/[id]/route.ts(1472,24): error TS2339: Property 'timelinePreviewsReady' does not exist on type '{ id: string; version: number; duration: number; name: string; projectId: string; createdAt: Date; updatedAt: Date; storageFolderName: string | null; versionLabel: string; videoNotes: string | null; ... 11 more ...; allowApproval: boolean; }'.
src/app/api/projects/[id]/route.ts(1473,24): error TS2339: Property 'timelinePreviewVttPath' does not exist on type '{ id: string; version: number; duration: number; name: string; projectId: string; createdAt: Date; updatedAt: Date; storageFolderName: string | null; versionLabel: string; videoNotes: string | null; ... 11 more ...; allowApproval: boolean; }'.
src/app/api/projects/[id]/route.ts(1474,24): error TS2339: Property 'timelinePreviewSpritesPath' does not exist on type '{ id: string; version: number; duration: number; name: string; projectId: string; createdAt: Date; updatedAt: Date; storageFolderName: string | null; versionLabel: string; videoNotes: string | null; ... 11 more ...; allowApproval: boolean; }'.
src/app/api/projects/[id]/route.ts(1493,44): error TS2339: Property 'originalStoragePath' does not exist on type '{ id: string; version: number; duration: number; name: string; projectId: string; createdAt: Date; updatedAt: Date; storageFolderName: string | null; versionLabel: string; videoNotes: string | null; ... 11 more ...; allowApproval: boolean; }'.
src/app/api/projects/[id]/route.ts(1502,44): error TS2339: Property 'originalStoragePath' does not exist on type '{ id: string; version: number; duration: number; name: string; projectId: string; createdAt: Date; updatedAt: Date; storageFolderName: string | null; versionLabel: string; videoNotes: string | null; ... 11 more ...; allowApproval: boolean; }'.
src/app/api/projects/[id]/route.ts(1509,44): error TS2339: Property 'originalStoragePath' does not exist on type '{ id: string; version: number; duration: number; name: string; projectId: string; createdAt: Date; updatedAt: Date; storageFolderName: string | null; versionLabel: string; videoNotes: string | null; ... 11 more ...; allowApproval: boolean; }'.
src/app/api/projects/[id]/route.ts(1516,44): error TS2339: Property 'originalStoragePath' does not exist on type '{ id: string; version: number; duration: number; name: string; projectId: string; createdAt: Date; updatedAt: Date; storageFolderName: string | null; versionLabel: string; videoNotes: string | null; ... 11 more ...; allowApproval: boolean; }'.
src/app/api/projects/[id]/route.ts(1537,13): error TS2353: Object literal may only specify known properties, and 'storagePath' does not exist in type 'ShareUploadFileSelect<DefaultArgs>'.
src/app/api/projects/[id]/route.ts(1549,38): error TS2339: Property 'previewPath' does not exist on type '{ id: string; projectId: string; createdAt: Date; updatedAt: Date; processingProgress: number | null; processingPhase: string | null; fileName: string; fileType: string; category: string | null; ... 12 more ...; uploadedById: string | null; }'.
src/app/api/projects/[id]/route.ts(1560,31): error TS2339: Property 'storagePath' does not exist on type '{ id: string; projectId: string; createdAt: Date; updatedAt: Date; processingProgress: number | null; processingPhase: string | null; fileName: string; fileType: string; category: string | null; ... 12 more ...; uploadedById: string | null; }'.
src/app/api/projects/[id]/route.ts(1575,13): error TS2353: Object literal may only specify known properties, and 'storagePath' does not exist in type 'VideoAssetSelect<DefaultArgs>'.
src/app/api/projects/[id]/route.ts(1588,54): error TS2339: Property 'previewPath' does not exist on type '{ id: string; videoId: string; createdAt: Date; updatedAt: Date; processingProgress: number | null; processingPhase: string | null; fileName: string; fileType: string; category: string | null; ... 10 more ...; timelinePreviewsReady: boolean; }'.
src/app/api/projects/[id]/route.ts(1604,32): error TS2339: Property 'storagePath' does not exist on type '{ id: string; videoId: string; createdAt: Date; updatedAt: Date; processingProgress: number | null; processingPhase: string | null; fileName: string; fileType: string; category: string | null; ... 10 more ...; timelinePreviewsReady: boolean; }'.
src/app/api/projects/[id]/route.ts(1625,13): error TS2353: Object literal may only specify known properties, and 'fullZipFileSize' does not exist in type 'AlbumWhereInput'.
src/app/api/projects/[id]/route.ts(1803,36): error TS2339: Property 'storagePath' does not exist on type '{ id: string; videoId: string; createdAt: Date; updatedAt: Date; processingProgress: number | null; processingPhase: string | null; fileName: string; fileType: string; category: string | null; ... 10 more ...; timelinePreviewsReady: boolean; }'.
src/app/api/projects/[id]/route.ts(1810,19): error TS2339: Property 'originalStoragePath' does not exist on type '{ assets: { id: string; videoId: string; createdAt: Date; updatedAt: Date; processingProgress: number | null; processingPhase: string | null; fileName: string; fileType: string; ... 11 more ...; timelinePreviewsReady: boolean; }[]; } & { ...; }'.
src/app/api/projects/[id]/route.ts(1811,34): error TS2339: Property 'originalStoragePath' does not exist on type '{ assets: { id: string; videoId: string; createdAt: Date; updatedAt: Date; processingProgress: number | null; processingPhase: string | null; fileName: string; fileType: string; ... 11 more ...; timelinePreviewsReady: boolean; }[]; } & { ...; }'.
src/app/api/projects/[id]/route.ts(1815,19): error TS2339: Property 'preview480Path' does not exist on type '{ assets: { id: string; videoId: string; createdAt: Date; updatedAt: Date; processingProgress: number | null; processingPhase: string | null; fileName: string; fileType: string; ... 11 more ...; timelinePreviewsReady: boolean; }[]; } & { ...; }'.
src/app/api/projects/[id]/route.ts(1816,34): error TS2339: Property 'preview480Path' does not exist on type '{ assets: { id: string; videoId: string; createdAt: Date; updatedAt: Date; processingProgress: number | null; processingPhase: string | null; fileName: string; fileType: string; ... 11 more ...; timelinePreviewsReady: boolean; }[]; } & { ...; }'.
src/app/api/projects/[id]/route.ts(1818,19): error TS2339: Property 'preview1080Path' does not exist on type '{ assets: { id: string; videoId: string; createdAt: Date; updatedAt: Date; processingProgress: number | null; processingPhase: string | null; fileName: string; fileType: string; ... 11 more ...; timelinePreviewsReady: boolean; }[]; } & { ...; }'.
src/app/api/projects/[id]/route.ts(1819,34): error TS2339: Property 'preview1080Path' does not exist on type '{ assets: { id: string; videoId: string; createdAt: Date; updatedAt: Date; processingProgress: number | null; processingPhase: string | null; fileName: string; fileType: string; ... 11 more ...; timelinePreviewsReady: boolean; }[]; } & { ...; }'.
src/app/api/projects/[id]/route.ts(1821,19): error TS2339: Property 'preview720Path' does not exist on type '{ assets: { id: string; videoId: string; createdAt: Date; updatedAt: Date; processingProgress: number | null; processingPhase: string | null; fileName: string; fileType: string; ... 11 more ...; timelinePreviewsReady: boolean; }[]; } & { ...; }'.
src/app/api/projects/[id]/route.ts(1822,34): error TS2339: Property 'preview720Path' does not exist on type '{ assets: { id: string; videoId: string; createdAt: Date; updatedAt: Date; processingProgress: number | null; processingPhase: string | null; fileName: string; fileType: string; ... 11 more ...; timelinePreviewsReady: boolean; }[]; } & { ...; }'.
src/app/api/projects/[id]/route.ts(1826,19): error TS2339: Property 'thumbnailPath' does not exist on type '{ assets: { id: string; videoId: string; createdAt: Date; updatedAt: Date; processingProgress: number | null; processingPhase: string | null; fileName: string; fileType: string; ... 11 more ...; timelinePreviewsReady: boolean; }[]; } & { ...; }'.
src/app/api/projects/[id]/route.ts(1827,34): error TS2339: Property 'thumbnailPath' does not exist on type '{ assets: { id: string; videoId: string; createdAt: Date; updatedAt: Date; processingProgress: number | null; processingPhase: string | null; fileName: string; fileType: string; ... 11 more ...; timelinePreviewsReady: boolean; }[]; } & { ...; }'.
src/app/api/projects/[id]/storage/route.ts(147,62): error TS2353: Object literal may only specify known properties, and 'originalFileSize' does not exist in type 'VideoSumAggregateInputType'.
src/app/api/projects/[id]/storage/route.ts(148,78): error TS2353: Object literal may only specify known properties, and 'fileSize' does not exist in type 'VideoAssetSumAggregateInputType'.
src/app/api/projects/[id]/storage/route.ts(149,60): error TS2322: Type '{ fileSize: true; }' is not assignable to type 'never'.
src/app/api/projects/[id]/storage/route.ts(150,72): error TS2353: Object literal may only specify known properties, and 'fileSize' does not exist in type 'ShareUploadFileSumAggregateInputType'.
src/app/api/projects/[id]/storage/route.ts(152,69): error TS2353: Object literal may only specify known properties, and 'rawFileSize' does not exist in type 'ProjectEmailSumAggregateInputType'.
src/app/api/projects/[id]/storage/route.ts(153,89): error TS2322: Type '{ fileSize: true; }' is not assignable to type 'never'.
src/app/api/projects/[id]/storage/route.ts(154,70): error TS2322: Type '{ fileSize: true; socialFileSize: true; thumbnailFileSize: true; }' is not assignable to type 'never'.
src/app/api/projects/[id]/storage/route.ts(155,54): error TS2322: Type '{ fullZipFileSize: true; socialZipFileSize: true; }' is not assignable to type 'never'.
src/app/api/projects/[id]/storage/route.ts(158,40): error TS18048: 'videoAgg._sum' is possibly 'undefined'.
src/app/api/projects/[id]/storage/route.ts(158,54): error TS2339: Property 'originalFileSize' does not exist on type '{ version?: number | null | undefined; duration?: number | null | undefined; width?: number | null | undefined; height?: number | null | undefined; fps?: number | null | undefined; uploadProgress?: number | ... 1 more ... | undefined; processingProgress?: number | ... 1 more ... | undefined; }'.
src/app/api/projects/[id]/storage/route.ts(159,45): error TS18048: 'assetAgg._sum' is possibly 'undefined'.
src/app/api/projects/[id]/storage/route.ts(159,59): error TS2339: Property 'fileSize' does not exist on type '{ mediaDurationSeconds?: number | null | undefined; mediaWidth?: number | null | undefined; mediaHeight?: number | null | undefined; previewAttempts?: number | null | undefined; processingProgress?: number | ... 1 more ... | undefined; }'.
src/app/api/projects/[id]/storage/route.ts(160,67): error TS2339: Property '_sum' does not exist on type 'GetCommentFileAggregateType<{ where: { projectId: string; }; _sum: { fileSize: boolean; }; }>'.
src/app/api/projects/[id]/storage/route.ts(161,46): error TS18048: 'shareUploadFileAgg._sum' is possibly 'undefined'.
src/app/api/projects/[id]/storage/route.ts(161,70): error TS2339: Property 'fileSize' does not exist on type '{ mediaDurationSeconds?: number | null | undefined; mediaWidth?: number | null | undefined; mediaHeight?: number | null | undefined; previewAttempts?: number | null | undefined; processingProgress?: number | ... 1 more ... | undefined; }'.
src/app/api/projects/[id]/storage/route.ts(165,22): error TS18048: 'projectEmailAgg._sum' is possibly 'undefined'.
src/app/api/projects/[id]/storage/route.ts(165,43): error TS2339: Property 'rawFileSize' does not exist on type '{ attachmentsCount?: number | null | undefined; }'.
src/app/api/projects/[id]/storage/route.ts(166,48): error TS2339: Property '_sum' does not exist on type 'GetProjectEmailAttachmentAggregateType<{ where: { projectEmail: { projectId: string; }; }; _sum: { fileSize: boolean; }; }>'.
src/app/api/projects/[id]/storage/route.ts(168,62): error TS2339: Property '_sum' does not exist on type 'GetAlbumPhotoAggregateType<{ where: { album: { projectId: string; }; }; _sum: { fileSize: boolean; socialFileSize: boolean; thumbnailFileSize: boolean; }; }>'.
src/app/api/projects/[id]/storage/route.ts(169,60): error TS2339: Property '_sum' does not exist on type 'GetAlbumPhotoAggregateType<{ where: { album: { projectId: string; }; }; _sum: { fileSize: boolean; socialFileSize: boolean; thumbnailFileSize: boolean; }; }>'.
src/app/api/projects/[id]/storage/route.ts(170,63): error TS2339: Property '_sum' does not exist on type 'GetAlbumPhotoAggregateType<{ where: { album: { projectId: string; }; }; _sum: { fileSize: boolean; socialFileSize: boolean; thumbnailFileSize: boolean; }; }>'.
src/app/api/projects/[id]/storage/route.ts(180,55): error TS2339: Property '_sum' does not exist on type 'GetAlbumAggregateType<{ where: { projectId: string; }; _sum: { fullZipFileSize: boolean; socialZipFileSize: boolean; }; }>'.
src/app/api/projects/[id]/storage/route.ts(181,57): error TS2339: Property '_sum' does not exist on type 'GetAlbumAggregateType<{ where: { projectId: string; }; _sum: { fullZipFileSize: boolean; socialZipFileSize: boolean; }; }>'.
src/app/api/projects/[id]/storage/route.ts(251,13): error TS2353: Object literal may only specify known properties, and 'originalStoragePath' does not exist in type 'VideoSelect<DefaultArgs>'.
src/app/api/projects/[id]/storage/route.ts(262,21): error TS2353: Object literal may only specify known properties, and 'storagePath' does not exist in type 'VideoAssetSelect<DefaultArgs>'.
src/app/api/projects/[id]/storage/route.ts(267,13): error TS2353: Object literal may only specify known properties, and 'storagePath' does not exist in type 'AlbumPhotoSelect<DefaultArgs>'.
src/app/api/projects/[id]/storage/route.ts(283,77): error TS2339: Property 'storagePath' does not exist on type '{ id: string; videoId: string; createdAt: Date; updatedAt: Date; processingProgress: number | null; processingPhase: string | null; fileName: string; fileType: string; category: string | null; ... 10 more ...; timelinePreviewsReady: boolean; }'.
src/app/api/projects/[id]/storage/route.ts(285,64): error TS2339: Property 'originalStoragePath' does not exist on type '{ id: string; version: number; duration: number; name: string; projectId: string; createdAt: Date; updatedAt: Date; storageFolderName: string | null; versionLabel: string; videoNotes: string | null; ... 11 more ...; allowApproval: boolean; }'.
src/app/api/projects/[id]/storage/route.ts(290,23): error TS2339: Property 'preview480Path' does not exist on type '{ id: string; version: number; duration: number; name: string; projectId: string; createdAt: Date; updatedAt: Date; storageFolderName: string | null; versionLabel: string; videoNotes: string | null; ... 11 more ...; allowApproval: boolean; }'.
src/app/api/projects/[id]/storage/route.ts(290,63): error TS2339: Property 'preview480Path' does not exist on type '{ id: string; version: number; duration: number; name: string; projectId: string; createdAt: Date; updatedAt: Date; storageFolderName: string | null; versionLabel: string; videoNotes: string | null; ... 11 more ...; allowApproval: boolean; }'.
src/app/api/projects/[id]/storage/route.ts(291,23): error TS2339: Property 'preview720Path' does not exist on type '{ id: string; version: number; duration: number; name: string; projectId: string; createdAt: Date; updatedAt: Date; storageFolderName: string | null; versionLabel: string; videoNotes: string | null; ... 11 more ...; allowApproval: boolean; }'.
src/app/api/projects/[id]/storage/route.ts(291,63): error TS2339: Property 'preview720Path' does not exist on type '{ id: string; version: number; duration: number; name: string; projectId: string; createdAt: Date; updatedAt: Date; storageFolderName: string | null; versionLabel: string; videoNotes: string | null; ... 11 more ...; allowApproval: boolean; }'.
src/app/api/projects/[id]/storage/route.ts(292,23): error TS2339: Property 'preview1080Path' does not exist on type '{ id: string; version: number; duration: number; name: string; projectId: string; createdAt: Date; updatedAt: Date; storageFolderName: string | null; versionLabel: string; videoNotes: string | null; ... 11 more ...; allowApproval: boolean; }'.
src/app/api/projects/[id]/storage/route.ts(292,64): error TS2339: Property 'preview1080Path' does not exist on type '{ id: string; version: number; duration: number; name: string; projectId: string; createdAt: Date; updatedAt: Date; storageFolderName: string | null; versionLabel: string; videoNotes: string | null; ... 11 more ...; allowApproval: boolean; }'.
src/app/api/projects/[id]/storage/route.ts(293,23): error TS2339: Property 'thumbnailPath' does not exist on type '{ id: string; version: number; duration: number; name: string; projectId: string; createdAt: Date; updatedAt: Date; storageFolderName: string | null; versionLabel: string; videoNotes: string | null; ... 11 more ...; allowApproval: boolean; }'.
src/app/api/projects/[id]/storage/route.ts(293,74): error TS2339: Property 'thumbnailPath' does not exist on type '{ id: string; version: number; duration: number; name: string; projectId: string; createdAt: Date; updatedAt: Date; storageFolderName: string | null; versionLabel: string; videoNotes: string | null; ... 11 more ...; allowApproval: boolean; }'.
src/app/api/projects/[id]/storage/route.ts(294,39): error TS2339: Property 'thumbnailPath' does not exist on type '{ id: string; version: number; duration: number; name: string; projectId: string; createdAt: Date; updatedAt: Date; storageFolderName: string | null; versionLabel: string; videoNotes: string | null; ... 11 more ...; allowApproval: boolean; }'.
src/app/api/projects/[id]/storage/route.ts(296,23): error TS2339: Property 'timelinePreviewSpritesPath' does not exist on type '{ id: string; version: number; duration: number; name: string; projectId: string; createdAt: Date; updatedAt: Date; storageFolderName: string | null; versionLabel: string; videoNotes: string | null; ... 11 more ...; allowApproval: boolean; }'.
src/app/api/projects/[id]/storage/route.ts(297,39): error TS2339: Property 'timelinePreviewSpritesPath' does not exist on type '{ id: string; version: number; duration: number; name: string; projectId: string; createdAt: Date; updatedAt: Date; storageFolderName: string | null; versionLabel: string; videoNotes: string | null; ... 11 more ...; allowApproval: boolean; }'.
src/app/api/projects/[id]/storage/route.ts(299,23): error TS2339: Property 'timelinePreviewVttPath' does not exist on type '{ id: string; version: number; duration: number; name: string; projectId: string; createdAt: Date; updatedAt: Date; storageFolderName: string | null; versionLabel: string; videoNotes: string | null; ... 11 more ...; allowApproval: boolean; }'.
src/app/api/projects/[id]/storage/route.ts(300,39): error TS2339: Property 'timelinePreviewVttPath' does not exist on type '{ id: string; version: number; duration: number; name: string; projectId: string; createdAt: Date; updatedAt: Date; storageFolderName: string | null; versionLabel: string; videoNotes: string | null; ... 11 more ...; allowApproval: boolean; }'.
src/app/api/projects/[id]/storage/route.ts(306,61): error TS2339: Property 'storagePath' does not exist on type '{ id: string; videoId: string; createdAt: Date; updatedAt: Date; processingProgress: number | null; processingPhase: string | null; fileName: string; fileType: string; category: string | null; ... 10 more ...; timelinePreviewsReady: boolean; }'.
src/app/api/projects/[id]/storage/route.ts(307,69): error TS2339: Property 'storagePath' does not exist on type '{ id: string; error: string | null; createdAt: Date; updatedAt: Date; status: AlbumPhotoStatus; fileName: string; albumId: string; fileType: string; uploadedBy: string | null; ... 6 more ...; thumbnailGeneratedAt: Date | null; }'.
src/app/api/projects/[id]/storage/route.ts(309,71): error TS2339: Property 'socialStoragePath' does not exist on type '{ id: string; error: string | null; createdAt: Date; updatedAt: Date; status: AlbumPhotoStatus; fileName: string; albumId: string; fileType: string; uploadedBy: string | null; ... 6 more ...; thumbnailGeneratedAt: Date | null; }'.
src/app/api/projects/[id]/storage/route.ts(310,71): error TS2339: Property 'thumbnailStoragePath' does not exist on type '{ id: string; error: string | null; createdAt: Date; updatedAt: Date; status: AlbumPhotoStatus; fileName: string; albumId: string; fileType: string; uploadedBy: string | null; ... 6 more ...; thumbnailGeneratedAt: Date | null; }'.
src/app/api/projects/[id]/timeline-previews/route.ts(78,11): error TS2353: Object literal may only specify known properties, and 'timelinePreviewsReady' does not exist in type 'VideoWhereInput'.
src/app/api/projects/[id]/timeline-previews/route.ts(82,11): error TS2353: Object literal may only specify known properties, and 'timelinePreviewSpritesPath' does not exist in type 'VideoSelect<DefaultArgs>'.
src/app/api/projects/[id]/timeline-previews/route.ts(88,24): error TS2339: Property 'timelinePreviewSpritesPath' does not exist on type '{ id: string; version: number; duration: number; name: string; projectId: string; createdAt: Date; updatedAt: Date; storageFolderName: string | null; versionLabel: string; videoNotes: string | null; ... 11 more ...; allowApproval: boolean; }'.
src/app/api/projects/[id]/timeline-previews/route.ts(89,37): error TS2339: Property 'timelinePreviewSpritesPath' does not exist on type '{ id: string; version: number; duration: number; name: string; projectId: string; createdAt: Date; updatedAt: Date; storageFolderName: string | null; versionLabel: string; videoNotes: string | null; ... 11 more ...; allowApproval: boolean; }'.
src/app/api/projects/[id]/timeline-previews/route.ts(100,13): error TS2353: Object literal may only specify known properties, and 'timelinePreviewsReady' does not exist in type '(Without<VideoUpdateManyMutationInput, VideoUncheckedUpdateManyInput> & VideoUncheckedUpdateManyInput) | (Without<...> & VideoUpdateManyMutationInput)'.
src/app/api/projects/[id]/timeline-previews/route.ts(107,49): error TS2353: Object literal may only specify known properties, and 'timelinePreviewVttPath' does not exist in type '(Without<VideoAssetUpdateManyMutationInput, VideoAssetUncheckedUpdateManyInput> & VideoAssetUncheckedUpdateManyInput) | (Without<...> & VideoAssetUpdateManyMutationInput)'.
src/app/api/projects/[id]/timeline-previews/route.ts(111,49): error TS2353: Object literal may only specify known properties, and 'timelinePreviewVttPath' does not exist in type '(Without<ShareUploadFileUpdateManyMutationInput, ShareUploadFileUncheckedUpdateManyInput> & ShareUploadFileUncheckedUpdateManyInput) | (Without<...> & ShareUploadFileUpdateManyMutationInput)'.
src/app/api/projects/[id]/timeline-previews/route.ts(117,69): error TS2561: Object literal may only specify known properties, but 'timelinePreviewSpritesPath' does not exist in type 'VideoAssetWhereInput'. Did you mean to write 'timelinePreviewsReady'?
src/app/api/projects/[id]/timeline-previews/route.ts(117,124): error TS2561: Object literal may only specify known properties, but 'timelinePreviewSpritesPath' does not exist in type 'VideoAssetSelect<DefaultArgs>'. Did you mean to write 'timelinePreviewsReady'?
src/app/api/projects/[id]/timeline-previews/route.ts(118,63): error TS2561: Object literal may only specify known properties, but 'timelinePreviewSpritesPath' does not exist in type 'ShareUploadFileWhereInput'. Did you mean to write 'timelinePreviewsReady'?
src/app/api/projects/[id]/timeline-previews/route.ts(118,118): error TS2561: Object literal may only specify known properties, but 'timelinePreviewSpritesPath' does not exist in type 'ShareUploadFileSelect<DefaultArgs>'. Did you mean to write 'timelinePreviewsReady'?
src/app/api/projects/[id]/timeline-previews/route.ts(121,52): error TS2551: Property 'timelinePreviewSpritesPath' does not exist on type '{ id: string; videoId: string; createdAt: Date; updatedAt: Date; processingProgress: number | null; processingPhase: string | null; fileName: string; fileType: string; category: string | null; ... 10 more ...; timelinePreviewsReady: boolean; }'. Did you mean 'timelinePreviewsReady'?
src/app/api/projects/[id]/timeline-previews/route.ts(122,53): error TS2551: Property 'timelinePreviewSpritesPath' does not exist on type '{ id: string; projectId: string; createdAt: Date; updatedAt: Date; processingProgress: number | null; processingPhase: string | null; fileName: string; fileType: string; category: string | null; ... 12 more ...; uploadedById: string | null; }'. Did you mean 'timelinePreviewsReady'?
src/app/api/projects/[id]/timeline-previews/route.ts(135,46): error TS2353: Object literal may only specify known properties, and 'timelinePreviewsReady' does not exist in type 'VideoWhereInput'.
src/app/api/projects/[id]/timeline-previews/route.ts(136,29): error TS2353: Object literal may only specify known properties, and 'originalStoragePath' does not exist in type 'VideoSelect<DefaultArgs>'.
src/app/api/projects/[id]/timeline-previews/route.ts(144,44): error TS2353: Object literal may only specify known properties, and 'storagePath' does not exist in type 'VideoAssetSelect<DefaultArgs>'.
src/app/api/projects/[id]/timeline-previews/route.ts(152,29): error TS2353: Object literal may only specify known properties, and 'storagePath' does not exist in type 'ShareUploadFileSelect<DefaultArgs>'.
src/app/api/projects/[id]/timeline-previews/route.ts(172,95): error TS2339: Property 'originalStoragePath' does not exist on type '{ id: string; version: number; duration: number; name: string; projectId: string; createdAt: Date; updatedAt: Date; storageFolderName: string | null; versionLabel: string; videoNotes: string | null; ... 11 more ...; allowApproval: boolean; }'.
src/app/api/projects/[id]/timeline-previews/route.ts(185,30): error TS2339: Property 'storagePath' does not exist on type '{ id: string; videoId: string; createdAt: Date; updatedAt: Date; processingProgress: number | null; processingPhase: string | null; fileName: string; fileType: string; category: string | null; ... 10 more ...; timelinePreviewsReady: boolean; }'.
src/app/api/projects/[id]/timeline-previews/route.ts(201,31): error TS2339: Property 'storagePath' does not exist on type '{ id: string; projectId: string; createdAt: Date; updatedAt: Date; processingProgress: number | null; processingPhase: string | null; fileName: string; fileType: string; category: string | null; ... 12 more ...; uploadedById: string | null; }'.
src/app/api/projects/[id]/timeline-previews/route.ts(217,87): error TS2551: Property 'video' does not exist on type '{ id: string; videoId: string; createdAt: Date; updatedAt: Date; processingProgress: number | null; processingPhase: string | null; fileName: string; fileType: string; category: string | null; ... 10 more ...; timelinePreviewsReady: boolean; }'. Did you mean 'videoId'?
src/app/api/projects/[id]/video-statuses/route.ts(69,9): error TS2353: Object literal may only specify known properties, and 'preview480Path' does not exist in type 'VideoSelect<DefaultArgs>'.
src/app/api/projects/route.ts(109,52): error TS2353: Object literal may only specify known properties, and 'avatarPath' does not exist in type 'UserSelect<DefaultArgs>'.
src/app/api/projects/route.ts(350,64): error TS2339: Property 'storagePath' does not exist on type '{ title: string; }'.
src/app/api/running-jobs/route.ts(559,13): error TS2353: Object literal may only specify known properties, and 'fullZipFileSize' does not exist in type 'AlbumWhereInput'.
src/app/api/running-jobs/route.ts(560,13): error TS2353: Object literal may only specify known properties, and 'socialZipFileSize' does not exist in type 'AlbumWhereInput'.
src/app/api/running-jobs/route.ts(591,13): error TS7053: Element implicitly has an 'any' type because expression of type '"fullZipFileSize" | "socialZipFileSize"' can't be used to index type '{ id: string; name: string; projectId: string; createdAt: Date; updatedAt: Date; storageFolderName: string | null; status: AlbumStatus; notes: string | null; socialCopiesEnabled: boolean; }'.
  Property 'fullZipFileSize' does not exist on type '{ id: string; name: string; projectId: string; createdAt: Date; updatedAt: Date; storageFolderName: string | null; status: AlbumStatus; notes: string | null; socialCopiesEnabled: boolean; }'.
src/app/api/running-jobs/route.ts(597,32): error TS2551: Property 'project' does not exist on type '{ id: string; name: string; projectId: string; createdAt: Date; updatedAt: Date; storageFolderName: string | null; status: AlbumStatus; notes: string | null; socialCopiesEnabled: boolean; }'. Did you mean 'projectId'?
src/app/api/settings/company-logo/route.ts(90,19): error TS2339: Property 'companyLogoPath' does not exist on type '{}'.
src/app/api/settings/company-logo/route.ts(90,47): error TS2339: Property 'companyLogoPath' does not exist on type '{}'.
src/app/api/settings/company-logo/route.ts(91,33): error TS2339: Property 'companyLogoPath' does not exist on type '{}'.
src/app/api/settings/company-logo/route.ts(96,7): error TS2353: Object literal may only specify known properties, and 'companyLogoPath' does not exist in type 'SettingsUpdateInput'.
src/app/api/settings/company-logo/route.ts(102,7): error TS2353: Object literal may only specify known properties, and 'companyLogoPath' does not exist in type 'SettingsCreateInput'.
src/app/api/settings/delete-closed-project-previews/route.ts(45,17): error TS2353: Object literal may only specify known properties, and 'preview480Path' does not exist in type 'VideoWhereInput'.
src/app/api/settings/delete-closed-project-previews/route.ts(46,17): error TS2353: Object literal may only specify known properties, and 'preview720Path' does not exist in type 'VideoWhereInput'.
src/app/api/settings/delete-closed-project-previews/route.ts(47,17): error TS2353: Object literal may only specify known properties, and 'preview1080Path' does not exist in type 'VideoWhereInput'.
src/app/api/settings/delete-closed-project-previews/route.ts(61,13): error TS2353: Object literal may only specify known properties, and 'previewPath' does not exist in type 'VideoAssetWhereInput'.
src/app/api/settings/delete-closed-project-previews/route.ts(65,13): error TS2353: Object literal may only specify known properties, and 'previewPath' does not exist in type 'VideoAssetSelect<DefaultArgs>'.
src/app/api/settings/delete-closed-project-previews/route.ts(79,40): error TS2339: Property 'previewPath' does not exist on type '{ id: string; videoId: string; createdAt: Date; updatedAt: Date; processingProgress: number | null; processingPhase: string | null; fileName: string; fileType: string; category: string | null; ... 10 more ...; timelinePreviewsReady: boolean; }'.
src/app/api/settings/delete-closed-project-previews/route.ts(83,31): error TS2551: Property 'video' does not exist on type '{ id: string; videoId: string; createdAt: Date; updatedAt: Date; processingProgress: number | null; processingPhase: string | null; fileName: string; fileType: string; category: string | null; ... 10 more ...; timelinePreviewsReady: boolean; }'. Did you mean 'videoId'?
src/app/api/settings/delete-closed-project-previews/route.ts(92,22): error TS2339: Property 'videos' does not exist on type '{ id: string; companyName: string | null; createdAt: Date; updatedAt: Date; status: ProjectStatus; approvedAt: Date | null; title: string; watermarkEnabled: boolean; ... 33 more ...; createdById: string; }'.
src/app/api/settings/delete-closed-project-previews/route.ts(106,35): error TS2339: Property 'videos' does not exist on type '{ id: string; companyName: string | null; createdAt: Date; updatedAt: Date; status: ProjectStatus; approvedAt: Date | null; title: string; watermarkEnabled: boolean; ... 33 more ...; createdById: string; }'.
src/app/api/settings/delete-closed-project-previews/route.ts(162,15): error TS2353: Object literal may only specify known properties, and 'previewPath' does not exist in type '(Without<VideoAssetUpdateInput, VideoAssetUncheckedUpdateInput> & VideoAssetUncheckedUpdateInput) | (Without<...> & VideoAssetUpdateInput)'.
src/app/api/settings/delete-closed-project-previews/route.ts(184,19): error TS2339: Property 'videos' does not exist on type '{ id: string; companyName: string | null; createdAt: Date; updatedAt: Date; status: ProjectStatus; approvedAt: Date | null; title: string; watermarkEnabled: boolean; ... 33 more ...; createdById: string; }'.
src/app/api/settings/storage-overview/route.ts(53,38): error TS2353: Object literal may only specify known properties, and '_sum' does not exist in type 'Subset<CommentFileAggregateArgs<DefaultArgs>, CommentFileAggregateArgs<DefaultArgs>>'.
src/app/api/settings/storage-overview/route.ts(57,49): error TS2353: Object literal may only specify known properties, and '_sum' does not exist in type 'Subset<ProjectEmailAttachmentAggregateArgs<DefaultArgs>, ProjectEmailAttachmentAggregateArgs<DefaultArgs>>'.
src/app/api/settings/storage-overview/route.ts(58,37): error TS2353: Object literal may only specify known properties, and '_sum' does not exist in type 'Subset<AlbumPhotoAggregateArgs<DefaultArgs>, AlbumPhotoAggregateArgs<DefaultArgs>>'.
src/app/api/settings/storage-overview/route.ts(59,32): error TS2353: Object literal may only specify known properties, and '_sum' does not exist in type 'Subset<AlbumAggregateArgs<DefaultArgs>, AlbumAggregateArgs<DefaultArgs>>'.
src/app/api/settings/storage-overview/route.ts(60,37): error TS2353: Object literal may only specify known properties, and '_sum' does not exist in type 'Subset<ClientFileAggregateArgs<DefaultArgs>, ClientFileAggregateArgs<DefaultArgs>>'.
src/app/api/settings/storage-overview/route.ts(61,35): error TS2353: Object literal may only specify known properties, and '_sum' does not exist in type 'Subset<UserFileAggregateArgs<DefaultArgs>, UserFileAggregateArgs<DefaultArgs>>'.
src/app/api/settings/storage-overview/route.ts(75,56): error TS2339: Property 'originalFileSize' does not exist on type '{}'.
src/app/api/settings/storage-overview/route.ts(76,53): error TS2339: Property 'fileSize' does not exist on type '{}'.
src/app/api/settings/storage-overview/route.ts(77,61): error TS2339: Property '_sum' does not exist on type 'GetCommentFileAggregateType<CommentFileAggregateArgs<DefaultArgs>>'.
src/app/api/settings/storage-overview/route.ts(78,64): error TS2339: Property 'fileSize' does not exist on type '{}'.
src/app/api/settings/storage-overview/route.ts(80,37): error TS2339: Property 'rawFileSize' does not exist on type '{}'.
src/app/api/settings/storage-overview/route.ts(81,42): error TS2339: Property '_sum' does not exist on type 'GetProjectEmailAttachmentAggregateType<ProjectEmailAttachmentAggregateArgs<DefaultArgs>>'.
src/app/api/settings/storage-overview/route.ts(82,60): error TS2339: Property 'fileSize' does not exist on type '{}'.
src/app/api/settings/storage-overview/route.ts(83,56): error TS2339: Property '_sum' does not exist on type 'GetAlbumPhotoAggregateType<AlbumPhotoAggregateArgs<DefaultArgs>>'.
src/app/api/settings/storage-overview/route.ts(86,49): error TS2339: Property '_sum' does not exist on type 'GetAlbumAggregateType<AlbumAggregateArgs<DefaultArgs>>'.
src/app/api/settings/storage-overview/route.ts(87,51): error TS2339: Property '_sum' does not exist on type 'GetAlbumAggregateType<AlbumAggregateArgs<DefaultArgs>>'.
src/app/api/settings/storage-overview/route.ts(89,30): error TS2339: Property '_sum' does not exist on type 'GetAlbumPhotoAggregateType<AlbumPhotoAggregateArgs<DefaultArgs>>'.
src/app/api/settings/storage-overview/route.ts(90,30): error TS2339: Property '_sum' does not exist on type 'GetAlbumPhotoAggregateType<AlbumPhotoAggregateArgs<DefaultArgs>>'.
src/app/api/settings/storage-overview/route.ts(93,53): error TS2339: Property '_sum' does not exist on type 'GetClientFileAggregateType<ClientFileAggregateArgs<DefaultArgs>>'.
src/app/api/settings/storage-overview/route.ts(94,49): error TS2339: Property '_sum' does not exist on type 'GetUserFileAggregateType<UserFileAggregateArgs<DefaultArgs>>'.
src/app/api/share/[token]/albums/[albumId]/route.ts(90,21): error TS2339: Property 'fileSize' does not exist on type '{ id: string; error: string | null; createdAt: Date; updatedAt: Date; status: AlbumPhotoStatus; fileName: string; albumId: string; fileType: string; uploadedBy: string | null; ... 6 more ...; thumbnailGeneratedAt: Date | null; }'.
src/app/api/share/[token]/albums/[albumId]/route.ts(97,62): error TS2339: Property 'socialStoragePath' does not exist on type '{ id: string; error: string | null; createdAt: Date; updatedAt: Date; status: AlbumPhotoStatus; fileName: string; albumId: string; fileType: string; uploadedBy: string | null; ... 6 more ...; thumbnailGeneratedAt: Date | null; }'.
src/app/api/share/[token]/albums/[albumId]/route.ts(98,68): error TS2339: Property 'thumbnailStoragePath' does not exist on type '{ id: string; error: string | null; createdAt: Date; updatedAt: Date; status: AlbumPhotoStatus; fileName: string; albumId: string; fileType: string; uploadedBy: string | null; ... 6 more ...; thumbnailGeneratedAt: Date | null; }'.
src/app/api/share/[token]/albums/[albumId]/route.ts(103,68): error TS2339: Property 'thumbnailStoragePath' does not exist on type '{ id: string; error: string | null; createdAt: Date; updatedAt: Date; status: AlbumPhotoStatus; fileName: string; albumId: string; fileType: string; uploadedBy: string | null; ... 6 more ...; thumbnailGeneratedAt: Date | null; }'.
src/app/api/share/[token]/albums/route.ts(74,52): error TS2353: Object literal may only specify known properties, and 'thumbnailStoragePath' does not exist in type 'AlbumPhotoSelect<DefaultArgs>'.
src/app/api/share/[token]/comments/route.ts(100,13): error TS2353: Object literal may only specify known properties, and 'avatarPath' does not exist in type 'UserSelect<DefaultArgs>'.
src/app/api/share/[token]/comments/route.ts(113,13): error TS2353: Object literal may only specify known properties, and 'fileSize' does not exist in type 'CommentFileSelect<DefaultArgs>'.
src/app/api/share/[token]/comments/route.ts(125,17): error TS2353: Object literal may only specify known properties, and 'avatarPath' does not exist in type 'UserSelect<DefaultArgs>'.
src/app/api/share/[token]/comments/route.ts(138,17): error TS2353: Object literal may only specify known properties, and 'fileSize' does not exist in type 'CommentFileSelect<DefaultArgs>'.
src/app/api/share/[token]/downloadable-files/route.ts(118,13): error TS2353: Object literal may only specify known properties, and 'fileSize' does not exist in type 'AlbumPhotoSelect<DefaultArgs>'.
src/app/api/share/[token]/downloadable-files/route.ts(260,25): error TS2339: Property 'originalFileName' does not exist on type '{ assets: { id: string; videoId: string; createdAt: Date; updatedAt: Date; processingProgress: number | null; processingPhase: string | null; fileName: string; fileType: string; ... 11 more ...; timelinePreviewsReady: boolean; }[]; } & { ...; }'.
src/app/api/share/[token]/downloadable-files/route.ts(261,37): error TS2339: Property 'originalFileSize' does not exist on type '{ assets: { id: string; videoId: string; createdAt: Date; updatedAt: Date; processingProgress: number | null; processingPhase: string | null; fileName: string; fileType: string; ... 11 more ...; timelinePreviewsReady: boolean; }[]; } & { ...; }'.
src/app/api/share/[token]/downloadable-files/route.ts(334,16): error TS2339: Property 'fullZipFileSize' does not exist on type '{ id: string; name: string; projectId: string; createdAt: Date; updatedAt: Date; storageFolderName: string | null; status: AlbumStatus; notes: string | null; socialCopiesEnabled: boolean; }'.
src/app/api/share/[token]/downloadable-files/route.ts(340,37): error TS2339: Property 'fullZipFileSize' does not exist on type '{ id: string; name: string; projectId: string; createdAt: Date; updatedAt: Date; storageFolderName: string | null; status: AlbumStatus; notes: string | null; socialCopiesEnabled: boolean; }'.
src/app/api/share/[token]/downloadable-files/route.ts(344,45): error TS2339: Property 'socialZipFileSize' does not exist on type '{ id: string; name: string; projectId: string; createdAt: Date; updatedAt: Date; storageFolderName: string | null; status: AlbumStatus; notes: string | null; socialCopiesEnabled: boolean; }'.
src/app/api/share/[token]/downloadable-files/route.ts(350,37): error TS2339: Property 'socialZipFileSize' does not exist on type '{ id: string; name: string; projectId: string; createdAt: Date; updatedAt: Date; storageFolderName: string | null; status: AlbumStatus; notes: string | null; socialCopiesEnabled: boolean; }'.
src/app/api/share/[token]/downloadable-files/route.ts(355,13): error TS2339: Property 'photos' does not exist on type '{ id: string; name: string; projectId: string; createdAt: Date; updatedAt: Date; storageFolderName: string | null; status: AlbumStatus; notes: string | null; socialCopiesEnabled: boolean; }'.
src/app/api/share/[token]/route.ts(214,11): error TS2353: Object literal may only specify known properties, and 'companyLogoPath' does not exist in type 'SettingsSelect<DefaultArgs>'.
src/app/api/share/[token]/route.ts(330,36): error TS2339: Property 'companyLogoPath' does not exist on type '{ id: string; companyName: string | null; createdAt: Date; updatedAt: Date; accentTextMode: string; companyLogoUrl: string | null; mainCompanyDomain: string | null; appDomain: string | null; ... 60 more ...; s3LocalBackupRunning: boolean; }'.
src/app/api/share/[token]/uploads/download-token/route.ts(53,7): error TS2353: Object literal may only specify known properties, and 'storagePath' does not exist in type 'ShareUploadFileSelect<DefaultArgs>'.
src/app/api/share/[token]/uploads/download-token/route.ts(71,23): error TS2339: Property 'storagePath' does not exist on type '{ id: string; projectId: string; createdAt: Date; updatedAt: Date; processingProgress: number | null; processingPhase: string | null; fileName: string; fileType: string; category: string | null; ... 12 more ...; uploadedById: string | null; }'.
src/app/api/share/[token]/uploads/download-token/route.ts(74,27): error TS2339: Property 'fileSize' does not exist on type '{ id: string; projectId: string; createdAt: Date; updatedAt: Date; processingProgress: number | null; processingPhase: string | null; fileName: string; fileType: string; category: string | null; ... 12 more ...; uploadedById: string | null; }'.
src/app/api/share/[token]/uploads/download-token/route.ts(86,48): error TS2339: Property 'previewPath' does not exist on type '{ id: string; projectId: string; createdAt: Date; updatedAt: Date; processingProgress: number | null; processingPhase: string | null; fileName: string; fileType: string; category: string | null; ... 12 more ...; uploadedById: string | null; }'.
src/app/api/share/[token]/uploads/download-token/route.ts(91,27): error TS2339: Property 'previewPath' does not exist on type '{ id: string; projectId: string; createdAt: Date; updatedAt: Date; processingProgress: number | null; processingPhase: string | null; fileName: string; fileType: string; category: string | null; ... 12 more ...; uploadedById: string | null; }'.
src/app/api/share/[token]/uploads/download-token/route.ts(94,43): error TS2339: Property 'previewFileSize' does not exist on type '{ id: string; projectId: string; createdAt: Date; updatedAt: Date; processingProgress: number | null; processingPhase: string | null; fileName: string; fileType: string; category: string | null; ... 12 more ...; uploadedById: string | null; }'.
src/app/api/share/[token]/uploads/download-token/route.ts(110,27): error TS2339: Property 'storagePath' does not exist on type '{ id: string; projectId: string; createdAt: Date; updatedAt: Date; processingProgress: number | null; processingPhase: string | null; fileName: string; fileType: string; category: string | null; ... 12 more ...; uploadedById: string | null; }'.
src/app/api/share/[token]/uploads/files/route.ts(103,7): error TS2353: Object literal may only specify known properties, and 'storagePath' does not exist in type 'ShareUploadFileSelect<DefaultArgs>'.
src/app/api/share/[token]/uploads/files/route.ts(106,68): error TS2339: Property 'storagePath' does not exist on type '{ id: string; projectId: string; createdAt: Date; updatedAt: Date; processingProgress: number | null; processingPhase: string | null; fileName: string; fileType: string; category: string | null; ... 12 more ...; uploadedById: string | null; }'.
src/app/api/share/[token]/uploads/files/route.ts(123,7): error TS2353: Object literal may only specify known properties, and 'fileSize' does not exist in type 'Without<ShareUploadFileCreateInput, ShareUploadFileUncheckedCreateInput> & ShareUploadFileUncheckedCreateInput'.
src/app/api/share/[token]/uploads/files/route.ts(136,7): error TS2353: Object literal may only specify known properties, and 'fileSize' does not exist in type 'ShareUploadFileSelect<DefaultArgs>'.
src/app/api/share/[token]/uploads/files/route.ts(192,36): error TS2339: Property 'fileSize' does not exist on type '{ id: string; projectId: string; createdAt: Date; updatedAt: Date; processingProgress: number | null; processingPhase: string | null; fileName: string; fileType: string; category: string | null; ... 12 more ...; uploadedById: string | null; }'.
src/app/api/share/[token]/uploads/route.ts(95,9): error TS2353: Object literal may only specify known properties, and 'fileSize' does not exist in type 'ShareUploadFileSelect<DefaultArgs>'.
src/app/api/share/[token]/uploads/route.ts(108,31): error TS2345: Argument of type '(file: FileListItem) => { fileSize: number; id: string; folderRelativePath: string; fileName: string; fileType: string; createdAt: Date; previewStatus: string | null; }' is not assignable to parameter of type '(value: { id: string; projectId: string; createdAt: Date; updatedAt: Date; processingProgress: number | null; processingPhase: string | null; fileName: string; fileType: string; ... 13 more ...; uploadedById: string | null; }, index: number, array: { ...; }[]) => { ...; }'.
  Types of parameters 'file' and 'value' are incompatible.
    Property 'fileSize' is missing in type '{ id: string; projectId: string; createdAt: Date; updatedAt: Date; processingProgress: number | null; processingPhase: string | null; fileName: string; fileType: string; category: string | null; ... 12 more ...; uploadedById: string | null; }' but required in type 'FileListItem'.
src/app/api/share/[token]/uploads/route.ts(247,27): error TS2353: Object literal may only specify known properties, and 'storagePath' does not exist in type 'ShareUploadFileSelect<DefaultArgs>'.
src/app/api/share/[token]/uploads/route.ts(255,92): error TS2339: Property 'storagePath' does not exist on type '{ id: string; projectId: string; createdAt: Date; updatedAt: Date; processingProgress: number | null; processingPhase: string | null; fileName: string; fileType: string; category: string | null; ... 12 more ...; uploadedById: string | null; }'.
src/app/api/share/[token]/uploads/route.ts(257,27): error TS2339: Property 'storagePath' does not exist on type '{ id: string; projectId: string; createdAt: Date; updatedAt: Date; processingProgress: number | null; processingPhase: string | null; fileName: string; fileType: string; category: string | null; ... 12 more ...; uploadedById: string | null; }'.
src/app/api/share/[token]/uploads/route.ts(289,25): error TS2353: Object literal may only specify known properties, and 'storagePath' does not exist in type 'ShareUploadFileSelect<DefaultArgs>'.
src/app/api/share/[token]/uploads/route.ts(295,42): error TS2339: Property 'storagePath' does not exist on type '{ id: string; projectId: string; createdAt: Date; updatedAt: Date; processingProgress: number | null; processingPhase: string | null; fileName: string; fileType: string; category: string | null; ... 12 more ...; uploadedById: string | null; }'.
src/app/api/share/[token]/uploads/route.ts(296,92): error TS2339: Property 'storagePath' does not exist on type '{ id: string; projectId: string; createdAt: Date; updatedAt: Date; processingProgress: number | null; processingPhase: string | null; fileName: string; fileType: string; category: string | null; ... 12 more ...; uploadedById: string | null; }'.
src/app/api/share/[token]/uploads/s3/complete/route.ts(100,7): error TS2353: Object literal may only specify known properties, and 'fileSize' does not exist in type 'Without<ShareUploadFileCreateInput, ShareUploadFileUncheckedCreateInput> & ShareUploadFileUncheckedCreateInput'.
src/app/api/share/[token]/uploads/s3/complete/route.ts(113,7): error TS2353: Object literal may only specify known properties, and 'fileSize' does not exist in type 'ShareUploadFileSelect<DefaultArgs>'.
src/app/api/share/[token]/uploads/s3/complete/route.ts(174,36): error TS2339: Property 'fileSize' does not exist on type '{ id: string; projectId: string; createdAt: Date; updatedAt: Date; processingProgress: number | null; processingPhase: string | null; fileName: string; fileType: string; category: string | null; ... 12 more ...; uploadedById: string | null; }'.
src/app/api/share/[token]/uploads/s3/presign/route.ts(107,7): error TS2353: Object literal may only specify known properties, and 'storagePath' does not exist in type 'ShareUploadFileSelect<DefaultArgs>'.
src/app/api/share/[token]/uploads/s3/presign/route.ts(110,68): error TS2339: Property 'storagePath' does not exist on type '{ id: string; projectId: string; createdAt: Date; updatedAt: Date; processingProgress: number | null; processingPhase: string | null; fileName: string; fileType: string; category: string | null; ... 12 more ...; uploadedById: string | null; }'.
src/app/api/share/[token]/video-token/route.ts(81,5): error TS2322: Type '{ id: string; projectId: string; approved: boolean; } | null' is not assignable to type '{ id: string; projectId: string; approved: boolean; originalStoragePath: string | null; thumbnailPath: string | null; preview480Path: string | null; preview720Path: string | null; preview1080Path: string | null; timelinePreviewVttPath: string | null; timelinePreviewSpritesPath: string | null; } | null'.
  Type '{ id: string; projectId: string; approved: boolean; }' is missing the following properties from type '{ id: string; projectId: string; approved: boolean; originalStoragePath: string | null; thumbnailPath: string | null; preview480Path: string | null; preview720Path: string | null; preview1080Path: string | null; timelinePreviewVttPath: string | null; timelinePreviewSpritesPath: string | null; }': originalStoragePath, thumbnailPath, preview480Path, preview720Path, and 3 more.
src/app/api/share/[token]/video-token/route.ts(105,32): error TS2304: Cannot find name 'storedRoles'.
src/app/api/uploads/s3/complete/route.ts(110,40): error TS2339: Property 'originalStoragePath' does not exist on type '{ project: { status: ProjectStatus; }; projectId: string; }'.
src/app/api/uploads/s3/complete/route.ts(146,28): error TS2339: Property 'storagePath' does not exist on type '{ category: string | null; }'.
src/app/api/users/[id]/files/[fileId]/route.ts(52,7): error TS2353: Object literal may only specify known properties, and 'storagePath' does not exist in type 'UserFileSelect<DefaultArgs>'.
src/app/api/users/[id]/files/[fileId]/route.ts(65,63): error TS2339: Property 'storagePath' does not exist on type '{ id: string; createdAt: Date; updatedAt: Date; userId: string; fileName: string; fileType: string; category: string | null; uploadedBy: string | null; uploadedByName: string | null; }'.
src/app/api/users/[id]/files/[fileId]/route.ts(72,37): error TS2339: Property 'storagePath' does not exist on type '{ id: string; createdAt: Date; updatedAt: Date; userId: string; fileName: string; fileType: string; category: string | null; uploadedBy: string | null; uploadedByName: string | null; }'.
src/app/api/users/[id]/files/[fileId]/route.ts(139,7): error TS2353: Object literal may only specify known properties, and 'storagePath' does not exist in type 'UserFileSelect<DefaultArgs>'.
src/app/api/users/[id]/files/[fileId]/route.ts(149,27): error TS2339: Property 'storagePath' does not exist on type '{ id: string; createdAt: Date; updatedAt: Date; userId: string; fileName: string; fileType: string; category: string | null; uploadedBy: string | null; uploadedByName: string | null; }'.
src/app/api/users/[id]/files/route.ts(51,7): error TS2353: Object literal may only specify known properties, and 'fileSize' does not exist in type 'UserFileSelect<DefaultArgs>'.
src/app/api/users/[id]/files/route.ts(62,22): error TS2339: Property 'fileSize' does not exist on type '{ id: string; createdAt: Date; updatedAt: Date; userId: string; fileName: string; fileType: string; category: string | null; uploadedBy: string | null; uploadedByName: string | null; }'.
src/app/api/users/[id]/files/route.ts(118,7): error TS2353: Object literal may only specify known properties, and 'fileSize' does not exist in type 'Without<UserFileCreateInput, UserFileUncheckedCreateInput> & UserFileUncheckedCreateInput'.
src/app/api/users/[id]/files/s3/complete/route.ts(101,7): error TS2353: Object literal may only specify known properties, and 'fileSize' does not exist in type 'Without<UserFileCreateInput, UserFileUncheckedCreateInput> & UserFileUncheckedCreateInput'.
src/app/api/videos/[id]/assets/[assetId]/download-token/route.ts(57,23): error TS2339: Property 'previewPath' does not exist on type '{ video: { project: { id: string; companyName: string | null; createdAt: Date; updatedAt: Date; status: ProjectStatus; approvedAt: Date | null; title: string; ... 34 more ...; createdById: string; }; } & { ...; }; } & { ...; }'.
src/app/api/videos/[id]/assets/[assetId]/download-token/route.ts(58,16): error TS2339: Property 'previewPath' does not exist on type '{ video: { project: { id: string; companyName: string | null; createdAt: Date; updatedAt: Date; status: ProjectStatus; approvedAt: Date | null; title: string; ... 34 more ...; createdById: string; }; } & { ...; }; } & { ...; }'.
src/app/api/videos/[id]/assets/[assetId]/download-token/route.ts(59,16): error TS2339: Property 'previewPath' does not exist on type '{ video: { project: { id: string; companyName: string | null; createdAt: Date; updatedAt: Date; status: ProjectStatus; approvedAt: Date | null; title: string; ... 34 more ...; createdById: string; }; } & { ...; }; } & { ...; }'.
src/app/api/videos/[id]/assets/[assetId]/download-token/route.ts(64,26): error TS2339: Property 'previewPath' does not exist on type '{ video: { project: { id: string; companyName: string | null; createdAt: Date; updatedAt: Date; status: ProjectStatus; approvedAt: Date | null; title: string; ... 34 more ...; createdById: string; }; } & { ...; }; } & { ...; }'.
src/app/api/videos/[id]/assets/[assetId]/download-token/route.ts(64,60): error TS2339: Property 'previewPath' does not exist on type '{ video: { project: { id: string; companyName: string | null; createdAt: Date; updatedAt: Date; status: ProjectStatus; approvedAt: Date | null; title: string; ... 34 more ...; createdById: string; }; } & { ...; }; } & { ...; }'.
src/app/api/videos/[id]/assets/[assetId]/route.ts(109,66): error TS2339: Property 'storagePath' does not exist on type '{ video: { project: { assignedUsers: { userId: string; }[]; } & { id: string; companyName: string | null; createdAt: Date; updatedAt: Date; status: ProjectStatus; ... 36 more ...; createdById: string; }; } & { ...; }; } & { ...; }'.
src/app/api/videos/[id]/assets/[assetId]/route.ts(114,40): error TS2339: Property 'storagePath' does not exist on type '{ video: { project: { assignedUsers: { userId: string; }[]; } & { id: string; companyName: string | null; createdAt: Date; updatedAt: Date; status: ProjectStatus; ... 36 more ...; createdById: string; }; } & { ...; }; } & { ...; }'.
src/app/api/videos/[id]/assets/[assetId]/route.ts(229,44): error TS2339: Property 'thumbnailPath' does not exist on type '{ project: { companyName: string | null; status: ProjectStatus; title: string; client: { name: string; } | null; storagePath: string | null; assignedUsers: { userId: string; }[]; }; } & { ...; }'.
src/app/api/videos/[id]/assets/[assetId]/route.ts(229,68): error TS2339: Property 'storagePath' does not exist on type '{ video: { project: { companyName: string | null; status: ProjectStatus; title: string; client: { name: string; } | null; storagePath: string | null; assignedUsers: { userId: string; }[]; }; } & { ...; }; } & { ...; }'.
src/app/api/videos/[id]/assets/[assetId]/route.ts(234,9): error TS2353: Object literal may only specify known properties, and 'storagePath' does not exist in type 'VideoAssetWhereInput'.
src/app/api/videos/[id]/assets/[assetId]/route.ts(234,28): error TS2339: Property 'storagePath' does not exist on type '{ video: { project: { companyName: string | null; status: ProjectStatus; title: string; client: { name: string; } | null; storagePath: string | null; assignedUsers: { userId: string; }[]; }; } & { ...; }; } & { ...; }'.
src/app/api/videos/[id]/assets/[assetId]/route.ts(240,30): error TS2339: Property 'storagePath' does not exist on type '{ video: { project: { companyName: string | null; status: ProjectStatus; title: string; client: { name: string; } | null; storagePath: string | null; assignedUsers: { userId: string; }[]; }; } & { ...; }; } & { ...; }'.
src/app/api/videos/[id]/assets/[assetId]/route.ts(256,11): error TS2353: Object literal may only specify known properties, and 'thumbnailPath' does not exist in type '(Without<VideoUpdateInput, VideoUncheckedUpdateInput> & VideoUncheckedUpdateInput) | (Without<...> & VideoUpdateInput)'.
src/app/api/videos/[id]/assets/[assetId]/set-thumbnail/route.ts(91,11): error TS2353: Object literal may only specify known properties, and 'thumbnailPath' does not exist in type '(Without<VideoUpdateInput, VideoUncheckedUpdateInput> & VideoUncheckedUpdateInput) | (Without<...> & VideoUpdateInput)'.
src/app/api/videos/[id]/assets/[assetId]/set-thumbnail/route.ts(141,9): error TS2353: Object literal may only specify known properties, and 'thumbnailPath' does not exist in type '(Without<VideoUpdateInput, VideoUncheckedUpdateInput> & VideoUncheckedUpdateInput) | (Without<...> & VideoUpdateInput)'.
src/app/api/videos/[id]/assets/[assetId]/set-thumbnail/route.ts(141,30): error TS2339: Property 'storagePath' does not exist on type '{ id: string; videoId: string; createdAt: Date; updatedAt: Date; processingProgress: number | null; processingPhase: string | null; fileName: string; fileType: string; category: string | null; ... 10 more ...; timelinePreviewsReady: boolean; }'.
src/app/api/videos/[id]/assets/copy-to-version/route.ts(174,17): error TS2353: Object literal may only specify known properties, and 'storagePath' does not exist in type 'VideoAssetSelect<DefaultArgs>'.
src/app/api/videos/[id]/assets/copy-to-version/route.ts(178,58): error TS2339: Property 'storagePath' does not exist on type '{ id: string; videoId: string; createdAt: Date; updatedAt: Date; processingProgress: number | null; processingPhase: string | null; fileName: string; fileType: string; category: string | null; ... 10 more ...; timelinePreviewsReady: boolean; }'.
src/app/api/videos/[id]/assets/copy-to-version/route.ts(200,15): error TS2339: Property 'storagePath' does not exist on type '{ id: string; videoId: string; createdAt: Date; updatedAt: Date; processingProgress: number | null; processingPhase: string | null; fileName: string; fileType: string; category: string | null; ... 10 more ...; timelinePreviewsReady: boolean; }'.
src/app/api/videos/[id]/assets/copy-to-version/route.ts(202,22): error TS2339: Property 'fileSize' does not exist on type '{ id: string; videoId: string; createdAt: Date; updatedAt: Date; processingProgress: number | null; processingPhase: string | null; fileName: string; fileType: string; category: string | null; ... 10 more ...; timelinePreviewsReady: boolean; }'.
src/app/api/videos/[id]/assets/copy-to-version/route.ts(216,36): error TS2339: Property 'previewPath' does not exist on type '{ id: string; videoId: string; createdAt: Date; updatedAt: Date; processingProgress: number | null; processingPhase: string | null; fileName: string; fileType: string; category: string | null; ... 10 more ...; timelinePreviewsReady: boolean; }'.
src/app/api/videos/[id]/assets/copy-to-version/route.ts(217,35): error TS2339: Property 'previewPath' does not exist on type '{ id: string; videoId: string; createdAt: Date; updatedAt: Date; processingProgress: number | null; processingPhase: string | null; fileName: string; fileType: string; category: string | null; ... 10 more ...; timelinePreviewsReady: boolean; }'.
src/app/api/videos/[id]/assets/copy-to-version/route.ts(222,19): error TS2339: Property 'storagePath' does not exist on type '{ id: string; videoId: string; createdAt: Date; updatedAt: Date; processingProgress: number | null; processingPhase: string | null; fileName: string; fileType: string; category: string | null; ... 10 more ...; timelinePreviewsReady: boolean; }'.
src/app/api/videos/[id]/assets/copy-to-version/route.ts(241,19): error TS2339: Property 'previewPath' does not exist on type '{ id: string; videoId: string; createdAt: Date; updatedAt: Date; processingProgress: number | null; processingPhase: string | null; fileName: string; fileType: string; category: string | null; ... 10 more ...; timelinePreviewsReady: boolean; }'.
src/app/api/videos/[id]/assets/copy-to-version/route.ts(243,19): error TS2339: Property 'previewFileSize' does not exist on type '{ id: string; videoId: string; createdAt: Date; updatedAt: Date; processingProgress: number | null; processingPhase: string | null; fileName: string; fileType: string; category: string | null; ... 10 more ...; timelinePreviewsReady: boolean; }'.
src/app/api/videos/[id]/assets/copy-to-version/route.ts(243,58): error TS2339: Property 'previewFileSize' does not exist on type '{ id: string; videoId: string; createdAt: Date; updatedAt: Date; processingProgress: number | null; processingPhase: string | null; fileName: string; fileType: string; category: string | null; ... 10 more ...; timelinePreviewsReady: boolean; }'.
src/app/api/videos/[id]/assets/copy-to-version/route.ts(243,108): error TS2339: Property 'previewPath' does not exist on type '{ id: string; videoId: string; createdAt: Date; updatedAt: Date; processingProgress: number | null; processingPhase: string | null; fileName: string; fileType: string; category: string | null; ... 10 more ...; timelinePreviewsReady: boolean; }'.
src/app/api/videos/[id]/assets/copy-to-version/route.ts(256,38): error TS2339: Property 'previewFileSize' does not exist on type '{ id: string; videoId: string; createdAt: Date; updatedAt: Date; processingProgress: number | null; processingPhase: string | null; fileName: string; fileType: string; category: string | null; ... 10 more ...; timelinePreviewsReady: boolean; }'.
src/app/api/videos/[id]/assets/copy-to-version/route.ts(257,42): error TS2339: Property 'previewPath' does not exist on type '{ id: string; videoId: string; createdAt: Date; updatedAt: Date; processingProgress: number | null; processingPhase: string | null; fileName: string; fileType: string; category: string | null; ... 10 more ...; timelinePreviewsReady: boolean; }'.
src/app/api/videos/[id]/assets/copy-to-version/route.ts(267,19): error TS2339: Property 'previewPath' does not exist on type '{ id: string; videoId: string; createdAt: Date; updatedAt: Date; processingProgress: number | null; processingPhase: string | null; fileName: string; fileType: string; category: string | null; ... 10 more ...; timelinePreviewsReady: boolean; }'.
src/app/api/videos/[id]/assets/copy-to-version/route.ts(269,19): error TS2339: Property 'previewFileSize' does not exist on type '{ id: string; videoId: string; createdAt: Date; updatedAt: Date; processingProgress: number | null; processingPhase: string | null; fileName: string; fileType: string; category: string | null; ... 10 more ...; timelinePreviewsReady: boolean; }'.
src/app/api/videos/[id]/assets/copy-to-version/route.ts(269,58): error TS2339: Property 'previewFileSize' does not exist on type '{ id: string; videoId: string; createdAt: Date; updatedAt: Date; processingProgress: number | null; processingPhase: string | null; fileName: string; fileType: string; category: string | null; ... 10 more ...; timelinePreviewsReady: boolean; }'.
src/app/api/videos/[id]/assets/copy-to-version/route.ts(269,108): error TS2339: Property 'previewPath' does not exist on type '{ id: string; videoId: string; createdAt: Date; updatedAt: Date; processingProgress: number | null; processingPhase: string | null; fileName: string; fileType: string; category: string | null; ... 10 more ...; timelinePreviewsReady: boolean; }'.
src/app/api/videos/[id]/assets/copy-to-version/route.ts(276,38): error TS2339: Property 'previewFileSize' does not exist on type '{ id: string; videoId: string; createdAt: Date; updatedAt: Date; processingProgress: number | null; processingPhase: string | null; fileName: string; fileType: string; category: string | null; ... 10 more ...; timelinePreviewsReady: boolean; }'.
src/app/api/videos/[id]/assets/copy-to-version/route.ts(277,21): error TS2339: Property 'previewFileSize' does not exist on type '{ id: string; videoId: string; createdAt: Date; updatedAt: Date; processingProgress: number | null; processingPhase: string | null; fileName: string; fileType: string; category: string | null; ... 10 more ...; timelinePreviewsReady: boolean; }'.
src/app/api/videos/[id]/assets/copy-to-version/route.ts(278,53): error TS2339: Property 'previewPath' does not exist on type '{ id: string; videoId: string; createdAt: Date; updatedAt: Date; processingProgress: number | null; processingPhase: string | null; fileName: string; fileType: string; category: string | null; ... 10 more ...; timelinePreviewsReady: boolean; }'.
src/app/api/videos/[id]/assets/copy-to-version/route.ts(287,11): error TS2353: Object literal may only specify known properties, and 'fileSize' does not exist in type 'Without<VideoAssetCreateInput, VideoAssetUncheckedCreateInput> & VideoAssetUncheckedCreateInput'.
src/app/api/videos/[id]/assets/copy-to-version/route.ts(287,27): error TS2339: Property 'fileSize' does not exist on type '{ id: string; videoId: string; createdAt: Date; updatedAt: Date; processingProgress: number | null; processingPhase: string | null; fileName: string; fileType: string; category: string | null; ... 10 more ...; timelinePreviewsReady: boolean; }'.
src/app/api/videos/[id]/assets/download-zip/route.ts(99,53): error TS2339: Property 'storagePath' does not exist on type '{ id: string; videoId: string; createdAt: Date; updatedAt: Date; processingProgress: number | null; processingPhase: string | null; fileName: string; fileType: string; category: string | null; ... 10 more ...; timelinePreviewsReady: boolean; }'.
src/app/api/videos/[id]/assets/route.ts(107,23): error TS2339: Property 'fileSize' does not exist on type '{ id: string; videoId: string; createdAt: Date; updatedAt: Date; processingProgress: number | null; processingPhase: string | null; fileName: string; fileType: string; category: string | null; ... 10 more ...; timelinePreviewsReady: boolean; }'.
src/app/api/videos/[id]/assets/route.ts(108,30): error TS2339: Property 'previewFileSize' does not exist on type '{ id: string; videoId: string; createdAt: Date; updatedAt: Date; processingProgress: number | null; processingPhase: string | null; fileName: string; fileType: string; category: string | null; ... 10 more ...; timelinePreviewsReady: boolean; }'.
src/app/api/videos/[id]/assets/route.ts(108,62): error TS2339: Property 'previewFileSize' does not exist on type '{ id: string; videoId: string; createdAt: Date; updatedAt: Date; processingProgress: number | null; processingPhase: string | null; fileName: string; fileType: string; category: string | null; ... 10 more ...; timelinePreviewsReady: boolean; }'.
src/app/api/videos/[id]/assets/route.ts(113,35): error TS2339: Property 'thumbnailPath' does not exist on type '{ project: { client: { name: string; } | null; assignedUsers: { userId: string; }[]; } & { id: string; companyName: string | null; createdAt: Date; updatedAt: Date; status: ProjectStatus; ... 36 more ...; createdById: string; }; } & { ...; }'.
src/app/api/videos/[id]/assets/route.ts(221,17): error TS2353: Object literal may only specify known properties, and 'storagePath' does not exist in type 'VideoAssetSelect<DefaultArgs>'.
src/app/api/videos/[id]/assets/route.ts(223,101): error TS2339: Property 'storagePath' does not exist on type '{ id: string; videoId: string; createdAt: Date; updatedAt: Date; processingProgress: number | null; processingPhase: string | null; fileName: string; fileType: string; category: string | null; ... 10 more ...; timelinePreviewsReady: boolean; }'.
src/app/api/videos/[id]/assets/route.ts(237,9): error TS2353: Object literal may only specify known properties, and 'fileSize' does not exist in type 'Without<VideoAssetCreateInput, VideoAssetUncheckedCreateInput> & VideoAssetUncheckedCreateInput'.
src/app/api/videos/[id]/route.ts(375,13): error TS2353: Object literal may only specify known properties, and 'originalStoragePath' does not exist in type 'VideoSelect<DefaultArgs>'.
src/app/api/videos/[id]/route.ts(399,46): error TS2353: Object literal may only specify known properties, and 'storagePath' does not exist in type 'VideoAssetSelect<DefaultArgs>'.
src/app/api/videos/[id]/route.ts(405,11): error TS2322: Type '{ id: string; version: number; duration: number; name: string; projectId: string; createdAt: Date; updatedAt: Date; storageFolderName: string | null; versionLabel: string; videoNotes: string | null; ... 11 more ...; allowApproval: boolean; }[]' is not assignable to type '{ id: string; name: string; storageFolderName: string | null; versionLabel: string; originalStoragePath: string; preview480Path: string | null; preview720Path: string | null; preview1080Path: string | null; thumbnailPath: string | null; timelinePreviewVttPath: string | null; timelinePreviewSpritesPath: string | null...'.
  Type '{ id: string; version: number; duration: number; name: string; projectId: string; createdAt: Date; updatedAt: Date; storageFolderName: string | null; versionLabel: string; videoNotes: string | null; ... 11 more ...; allowApproval: boolean; }' is missing the following properties from type '{ id: string; name: string; storageFolderName: string | null; versionLabel: string; originalStoragePath: string; preview480Path: string | null; preview720Path: string | null; preview1080Path: string | null; thumbnailPath: string | null; timelinePreviewVttPath: string | null; timelinePreviewSpritesPath: string | null...': originalStoragePath, preview480Path, preview720Path, preview1080Path, and 3 more.
src/app/api/videos/[id]/route.ts(406,11): error TS2322: Type '{ id: string; videoId: string; createdAt: Date; updatedAt: Date; processingProgress: number | null; processingPhase: string | null; fileName: string; fileType: string; category: string | null; ... 10 more ...; timelinePreviewsReady: boolean; }[]' is not assignable to type '{ id: string; videoId: string; storagePath: string; previewPath: string | null; fileType: string | null; timelinePreviewVttPath: string | null; timelinePreviewSpritesPath: string | null; }[]'.
  Type '{ id: string; videoId: string; createdAt: Date; updatedAt: Date; processingProgress: number | null; processingPhase: string | null; fileName: string; fileType: string; category: string | null; ... 10 more ...; timelinePreviewsReady: boolean; }' is missing the following properties from type '{ id: string; videoId: string; storagePath: string; previewPath: string | null; fileType: string | null; timelinePreviewVttPath: string | null; timelinePreviewSpritesPath: string | null; }': storagePath, previewPath, timelinePreviewVttPath, timelinePreviewSpritesPath
src/app/api/videos/[id]/route.ts(430,33): error TS2353: Object literal may only specify known properties, and 'storagePath' does not exist in type 'VideoAssetSelect<DefaultArgs>'.
src/app/api/videos/[id]/route.ts(471,55): error TS2552: Cannot find name 'videoId'. Did you mean 'video'?
src/app/api/videos/[id]/route.ts(481,17): error TS2322: Type 'string | null' is not assignable to type 'string'.
  Type 'null' is not assignable to type 'string'.
src/app/api/videos/[id]/route.ts(489,15): error TS2322: Type '{ id: string; videoId: string; createdAt: Date; updatedAt: Date; processingProgress: number | null; processingPhase: string | null; fileName: string; fileType: string; category: string | null; ... 10 more ...; timelinePreviewsReady: boolean; }[]' is not assignable to type '{ id: string; storagePath: string; previewPath: string | null; timelinePreviewVttPath: string | null; timelinePreviewSpritesPath: string | null; }[]'.
  Type '{ id: string; videoId: string; createdAt: Date; updatedAt: Date; processingProgress: number | null; processingPhase: string | null; fileName: string; fileType: string; category: string | null; ... 10 more ...; timelinePreviewsReady: boolean; }' is missing the following properties from type '{ id: string; storagePath: string; previewPath: string | null; timelinePreviewVttPath: string | null; timelinePreviewSpritesPath: string | null; }': storagePath, previewPath, timelinePreviewVttPath, timelinePreviewSpritesPath
src/app/api/videos/[id]/route.ts(606,15): error TS2353: Object literal may only specify known properties, and 'storagePath' does not exist in type '(Without<VideoAssetUpdateInput, VideoAssetUncheckedUpdateInput> & VideoAssetUncheckedUpdateInput) | (Without<...> & VideoAssetUpdateInput)'.
src/app/api/videos/[id]/route.ts(669,15): error TS2353: Object literal may only specify known properties, and 'storagePath' does not exist in type '(Without<VideoAssetUpdateInput, VideoAssetUncheckedUpdateInput> & VideoAssetUncheckedUpdateInput) | (Without<...> & VideoAssetUpdateInput)'.
src/app/api/videos/[id]/route.ts(827,11): error TS2353: Object literal may only specify known properties, and 'storagePath' does not exist in type 'CommentFileSelect<DefaultArgs>'.
src/app/api/videos/[id]/route.ts(838,15): error TS2353: Object literal may only specify known properties, and 'storagePath' does not exist in type 'CommentFileWhereInput'.
src/app/api/videos/[id]/route.ts(838,33): error TS2339: Property 'storagePath' does not exist on type '{ id: string; projectId: string; createdAt: Date; fileName: string; fileType: string; commentId: string; }'.
src/app/api/videos/[id]/route.ts(844,35): error TS2339: Property 'storagePath' does not exist on type '{ id: string; projectId: string; createdAt: Date; fileName: string; fileType: string; commentId: string; }'.
src/app/api/videos/[id]/route.ts(855,13): error TS2353: Object literal may only specify known properties, and 'storagePath' does not exist in type 'VideoAssetWhereInput'.
src/app/api/videos/[id]/route.ts(855,32): error TS2339: Property 'storagePath' does not exist on type '{ id: string; videoId: string; createdAt: Date; updatedAt: Date; processingProgress: number | null; processingPhase: string | null; fileName: string; fileType: string; category: string | null; ... 10 more ...; timelinePreviewsReady: boolean; }'.
src/app/api/videos/[id]/route.ts(861,34): error TS2339: Property 'storagePath' does not exist on type '{ id: string; videoId: string; createdAt: Date; updatedAt: Date; processingProgress: number | null; processingPhase: string | null; fileName: string; fileType: string; category: string | null; ... 10 more ...; timelinePreviewsReady: boolean; }'.
src/app/api/videos/[id]/route.ts(866,57): error TS2552: Cannot find name 'videoId'. Did you mean 'video'?
src/app/api/videos/[id]/route.ts(878,58): error TS2552: Cannot find name 'videoId'. Did you mean 'video'?
src/app/api/videos/[id]/route.ts(882,13): error TS2353: Object literal may only specify known properties, and 'storagePath' does not exist in type 'VideoAssetWhereInput'.
src/app/api/videos/[id]/route.ts(882,32): error TS2339: Property 'thumbnailPath' does not exist on type '{ project: { companyName: string | null; status: ProjectStatus; title: string; client: { name: string; } | null; storagePath: string | null; assignedUsers: { userId: string; }[]; }; assets: { ...; }[]; } & { ...; }'.
src/app/api/videos/[id]/route.ts(888,13): error TS2353: Object literal may only specify known properties, and 'thumbnailPath' does not exist in type 'VideoWhereInput'.
src/app/api/videos/[id]/route.ts(888,34): error TS2339: Property 'thumbnailPath' does not exist on type '{ project: { companyName: string | null; status: ProjectStatus; title: string; client: { name: string; } | null; storagePath: string | null; assignedUsers: { userId: string; }[]; }; assets: { ...; }[]; } & { ...; }'.
src/app/api/videos/[id]/route.ts(895,34): error TS2339: Property 'thumbnailPath' does not exist on type '{ project: { companyName: string | null; status: ProjectStatus; title: string; client: { name: string; } | null; storagePath: string | null; assignedUsers: { userId: string; }[]; }; assets: { ...; }[]; } & { ...; }'.
src/app/api/videos/batch/route.ts(113,54): error TS2339: Property 'storagePath' does not exist on type '{ companyName: string | null; title: string; client: { name: string; } | null; }'.
src/app/api/videos/batch/route.ts(179,48): error TS2353: Object literal may only specify known properties, and 'previewPath' does not exist in type 'VideoAssetSelect<DefaultArgs>'.
src/app/api/videos/batch/route.ts(192,75): error TS2339: Property 'originalStoragePath' does not exist on type '{ id: string; project: { companyName: string | null; title: string; client: { name: string; } | null; }; name: string; projectId: string; storageFolderName: string | null; versionLabel: string; }'.
src/app/api/videos/batch/route.ts(194,70): error TS2339: Property 'preview480Path' does not exist on type '{ id: string; project: { companyName: string | null; title: string; client: { name: string; } | null; }; name: string; projectId: string; storageFolderName: string | null; versionLabel: string; }'.
src/app/api/videos/batch/route.ts(195,70): error TS2339: Property 'preview720Path' does not exist on type '{ id: string; project: { companyName: string | null; title: string; client: { name: string; } | null; }; name: string; projectId: string; storageFolderName: string | null; versionLabel: string; }'.
src/app/api/videos/batch/route.ts(196,71): error TS2339: Property 'preview1080Path' does not exist on type '{ id: string; project: { companyName: string | null; title: string; client: { name: string; } | null; }; name: string; projectId: string; storageFolderName: string | null; versionLabel: string; }'.
src/app/api/videos/batch/route.ts(197,69): error TS2339: Property 'thumbnailPath' does not exist on type '{ id: string; project: { companyName: string | null; title: string; client: { name: string; } | null; }; name: string; projectId: string; storageFolderName: string | null; versionLabel: string; }'.
src/app/api/videos/batch/route.ts(198,78): error TS2339: Property 'timelinePreviewVttPath' does not exist on type '{ id: string; project: { companyName: string | null; title: string; client: { name: string; } | null; }; name: string; projectId: string; storageFolderName: string | null; versionLabel: string; }'.
src/app/api/videos/batch/route.ts(199,82): error TS2339: Property 'timelinePreviewSpritesPath' does not exist on type '{ id: string; project: { companyName: string | null; title: string; client: { name: string; } | null; }; name: string; projectId: string; storageFolderName: string | null; versionLabel: string; }'.
src/app/api/videos/batch/route.ts(212,77): error TS2339: Property 'storagePath' does not exist on type '{ id: string; videoId: string; createdAt: Date; updatedAt: Date; processingProgress: number | null; processingPhase: string | null; fileName: string; fileType: string; category: string | null; ... 10 more ...; timelinePreviewsReady: boolean; }'.
src/app/api/videos/batch/route.ts(213,71): error TS2339: Property 'previewPath' does not exist on type '{ id: string; videoId: string; createdAt: Date; updatedAt: Date; processingProgress: number | null; processingPhase: string | null; fileName: string; fileType: string; category: string | null; ... 10 more ...; timelinePreviewsReady: boolean; }'.
src/app/api/videos/batch/route.ts(219,46): error TS2339: Property 'previewPath' does not exist on type '{ id: string; videoId: string; createdAt: Date; updatedAt: Date; processingProgress: number | null; processingPhase: string | null; fileName: string; fileType: string; category: string | null; ... 10 more ...; timelinePreviewsReady: boolean; }'.
src/app/api/videos/batch/route.ts(232,17): error TS2353: Object literal may only specify known properties, and 'storagePath' does not exist in type '(Without<VideoAssetUpdateInput, VideoAssetUncheckedUpdateInput> & VideoAssetUncheckedUpdateInput) | (Without<...> & VideoAssetUpdateInput)'.
src/app/api/videos/route.ts(163,9): error TS2353: Object literal may only specify known properties, and 'originalFileName' does not exist in type '(Without<VideoCreateInput, VideoUncheckedCreateInput> & VideoUncheckedCreateInput) | (Without<...> & VideoCreateInput)'.
src/app/sales/view/[token]/page.tsx(161,7): error TS2353: Object literal may only specify known properties, and 'companyLogoPath' does not exist in type 'SettingsSelect<DefaultArgs>'.
src/app/sales/view/[token]/page.tsx(164,38): error TS2345: Argument of type '{ id: string; companyName: string | null; createdAt: Date; updatedAt: Date; accentTextMode: string; companyLogoUrl: string | null; mainCompanyDomain: string | null; appDomain: string | null; ... 60 more ...; s3LocalBackupRunning: boolean; } | null' is not assignable to parameter of type '{ companyLogoPath: string | null; companyLogoMode: string | null; companyLogoUrl: string | null; } | null'.
  Property 'companyLogoPath' is missing in type '{ id: string; companyName: string | null; createdAt: Date; updatedAt: Date; accentTextMode: string; companyLogoUrl: string | null; mainCompanyDomain: string | null; appDomain: string | null; ... 60 more ...; s3LocalBackupRunning: boolean; }' but required in type '{ companyLogoPath: string | null; companyLogoMode: string | null; companyLogoUrl: string | null; }'.
src/components/VideoList.tsx(476,26): error TS2339: Property 'originalFileName' does not exist on type '{ id: string; version: number; duration: number; name: string; projectId: string; createdAt: Date; updatedAt: Date; storageFolderName: string | null; versionLabel: string; videoNotes: string | null; ... 11 more ...; allowApproval: boolean; }'.
src/components/VideoList.tsx(479,99): error TS2339: Property 'originalFileName' does not exist on type '{ id: string; version: number; duration: number; name: string; projectId: string; createdAt: Date; updatedAt: Date; storageFolderName: string | null; versionLabel: string; videoNotes: string | null; ... 11 more ...; allowApproval: boolean; }'.
src/components/VideoList.tsx(480,26): error TS2339: Property 'originalFileName' does not exist on type '{ id: string; version: number; duration: number; name: string; projectId: string; createdAt: Date; updatedAt: Date; storageFolderName: string | null; versionLabel: string; videoNotes: string | null; ... 11 more ...; allowApproval: boolean; }'.
src/components/VideoList.tsx(587,75): error TS2339: Property 'originalFileSize' does not exist on type '{ id: string; version: number; duration: number; name: string; projectId: string; createdAt: Date; updatedAt: Date; storageFolderName: string | null; versionLabel: string; videoNotes: string | null; ... 11 more ...; allowApproval: boolean; }'.
src/lib/accounting/file-storage.ts(548,11): error TS2353: Object literal may only specify known properties, and 'storagePath' does not exist in type 'AccountingAttachmentWhereInput'.
src/lib/accounting/file-storage.ts(549,11): error TS2353: Object literal may only specify known properties, and 'storagePath' does not exist in type 'AccountingAttachmentWhereInput'.
src/lib/accounting/file-storage.ts(566,61): error TS2339: Property 'storagePath' does not exist on type '{ id: string; bankTransactionId: string | null; originalName: string; expenseId: string | null; basPeriodId: string | null; uploadedAt: Date; }'.
src/lib/accounting/file-storage.ts(572,21): error TS2339: Property 'storagePath' does not exist on type '{ id: string; bankTransactionId: string | null; originalName: string; expenseId: string | null; basPeriodId: string | null; uploadedAt: Date; }'.
src/lib/accounting/file-storage.ts(583,21): error TS2339: Property 'storagePath' does not exist on type '{ id: string; bankTransactionId: string | null; originalName: string; expenseId: string | null; basPeriodId: string | null; uploadedAt: Date; }'.
src/lib/accounting/file-storage.ts(599,19): error TS2353: Object literal may only specify known properties, and 'storagePath' does not exist in type '(Without<AccountingAttachmentUpdateInput, AccountingAttachmentUncheckedUpdateInput> & AccountingAttachmentUncheckedUpdateInput) | (Without<...> & AccountingAttachmentUpdateInput)'.
src/lib/accounting/file-storage.ts(743,47): error TS2339: Property 'storagePath' does not exist on type '{ id: string; expense: { date: string; } | null; originalName: string; }'.
src/lib/accounting/file-storage.ts(746,47): error TS2339: Property 'storagePath' does not exist on type '{ id: string; bankTransaction: { date: string; } | null; originalName: string; }'.
src/lib/accounting/file-storage.ts(759,17): error TS2353: Object literal may only specify known properties, and 'storagePath' does not exist in type '(Without<AccountingAttachmentUpdateInput, AccountingAttachmentUncheckedUpdateInput> & AccountingAttachmentUncheckedUpdateInput) | (Without<...> & AccountingAttachmentUpdateInput)'.
src/lib/album-photo-upload-finalize.ts(26,68): error TS2304: Cannot find name 'projectStoragePath'.
src/lib/album-zip-size-sync.ts(100,67): error TS2345: Argument of type '{ id: string; project: { companyName: string | null; title: string; client: { name: string; } | null; }; name: string; projectId: string; storageFolderName: string | null; }' is not assignable to parameter of type 'AlbumZipAlbumRow'.
  Types of property 'project' are incompatible.
    Property 'storagePath' is missing in type '{ companyName: string | null; title: string; client: { name: string; } | null; }' but required in type '{ storagePath: string | null; title: string; companyName: string | null; client: { name: string; } | null; }'.
src/lib/album-zip-size-sync.ts(120,39): error TS2345: Argument of type '{ id: string; project: { companyName: string | null; title: string; client: { name: string; } | null; }; name: string; projectId: string; storageFolderName: string | null; }' is not assignable to parameter of type 'AlbumZipAlbumRow'.
  Types of property 'project' are incompatible.
    Property 'storagePath' is missing in type '{ companyName: string | null; title: string; client: { name: string; } | null; }' but required in type '{ storagePath: string | null; title: string; companyName: string | null; client: { name: string; } | null; }'.
src/lib/album-zip-size-sync.ts(126,39): error TS2345: Argument of type '{ id: string; project: { companyName: string | null; title: string; client: { name: string; } | null; }; name: string; projectId: string; storageFolderName: string | null; }' is not assignable to parameter of type 'AlbumZipAlbumRow'.
  Types of property 'project' are incompatible.
    Property 'storagePath' is missing in type '{ companyName: string | null; title: string; client: { name: string; } | null; }' but required in type '{ storagePath: string | null; title: string; companyName: string | null; client: { name: string; } | null; }'.
src/lib/album-zip-size-sync.ts(154,69): error TS2345: Argument of type '{ id: string; project: { companyName: string | null; title: string; client: { name: string; } | null; }; name: string; projectId: string; storageFolderName: string | null; }' is not assignable to parameter of type 'AlbumZipAlbumRow'.
  Types of property 'project' are incompatible.
    Property 'storagePath' is missing in type '{ companyName: string | null; title: string; client: { name: string; } | null; }' but required in type '{ storagePath: string | null; title: string; companyName: string | null; client: { name: string; } | null; }'.
src/lib/album-zip-size-sync.ts(164,39): error TS2345: Argument of type '{ id: string; project: { companyName: string | null; title: string; client: { name: string; } | null; }; name: string; projectId: string; storageFolderName: string | null; }' is not assignable to parameter of type 'AlbumZipAlbumRow'.
  Types of property 'project' are incompatible.
    Property 'storagePath' is missing in type '{ companyName: string | null; title: string; client: { name: string; } | null; }' but required in type '{ storagePath: string | null; title: string; companyName: string | null; client: { name: string; } | null; }'.
src/lib/email.ts(444,3): error TS2322: Type '{ smtpPassword: string | null; companyName: string | null; updatedAt: Date; accentTextMode: string; companyLogoUrl: string | null; mainCompanyDomain: string | null; appDomain: string | null; ... 10 more ...; emailCustomFooterText: string | null; } | { ...; }' is not assignable to type 'EmailSettings | null'.
  Property 'companyLogoPath' is missing in type '{ smtpPassword: string | null; companyName: string | null; updatedAt: Date; accentTextMode: string; companyLogoUrl: string | null; mainCompanyDomain: string | null; appDomain: string | null; ... 10 more ...; emailCustomFooterText: string | null; }' but required in type 'EmailSettings'.
src/lib/local-to-s3-migration.ts(233,32): error TS2339: Property 'storagePath' does not exist on type '{}'.
src/lib/project-storage-orphan-cleanup.ts(160,40): error TS2339: Property 'storagePath' does not exist on type '{ id: string; companyName: string | null; title: string; client: { name: string; } | null; }'.
src/lib/project-storage-orphan-cleanup.ts(551,23): error TS2339: Property 'storagePath' does not exist on type '{}'.
src/lib/project-total-bytes.ts(161,36): error TS2339: Property 'fileSize' does not exist on type '{}'.
src/lib/project-total-bytes.ts(233,17): error TS2339: Property 'storagePath' does not exist on type '{}'.
src/lib/project-total-bytes.ts(235,46): error TS2339: Property 'storagePath' does not exist on type '{}'.
src/lib/project-upload-quota.ts(31,7): error TS2322: Type '{}' is not assignable to type 'never'.
src/lib/project-upload-quota.ts(39,42): error TS2339: Property '_sum' does not exist on type 'GetCommentFileAggregateType<{ where: { projectId: string; }; _sum: {}; }>'.
src/lib/project-upload-quota.ts(40,47): error TS2339: Property 'fileSize' does not exist on type '{}'.
src/lib/s3-local-backup.ts(214,34): error TS2339: Property 'storagePath' does not exist on type '{}'.
src/lib/s3-local-backup.ts(267,37): error TS2339: Property 'storagePath' does not exist on type '{ album: { project: { companyName: string | null; title: string; client: { name: string; } | null; }; name: string; storageFolderName: string | null; }; }'.
src/lib/s3-local-backup.ts(269,45): error TS2339: Property 'storagePath' does not exist on type '{ companyName: string | null; title: string; client: { name: string; } | null; }'.
src/lib/s3-local-backup.ts(292,39): error TS2339: Property 'storagePath' does not exist on type '{}'.
src/lib/s3-local-backup.ts(343,47): error TS2339: Property 'storagePath' does not exist on type '{}'.
src/lib/settings.ts(110,5): error TS2322: Type '{ companyName: string | null; updatedAt: Date; accentTextMode: string; accentColor: string | null; companyFaviconMode: CompanyLogoMode; companyFaviconUrl: string | null; } | null' is not assignable to type 'BrandingSettingsSnapshot | null'.
  Property 'companyFaviconPath' is missing in type '{ companyName: string | null; updatedAt: Date; accentTextMode: string; accentColor: string | null; companyFaviconMode: CompanyLogoMode; companyFaviconUrl: string | null; }' but required in type 'BrandingSettingsSnapshot'.
src/lib/settings.ts(113,5): error TS2322: Type '{ companyName: string | null; updatedAt: Date; accentTextMode: string; accentColor: string | null; companyFaviconMode: CompanyLogoMode; companyFaviconUrl: string | null; } | null' is not assignable to type 'BrandingSettingsSnapshot | null'.
  Property 'companyFaviconPath' is missing in type '{ companyName: string | null; updatedAt: Date; accentTextMode: string; accentColor: string | null; companyFaviconMode: CompanyLogoMode; companyFaviconUrl: string | null; }' but required in type 'BrandingSettingsSnapshot'.
src/lib/share-upload-folder-storage.ts(32,23): error TS2339: Property 'storagePath' does not exist on type '{}'.
src/lib/share-upload-folder-storage.ts(33,27): error TS2339: Property 'storagePath' does not exist on type '{}'.
src/lib/share-upload-video-thumbnail.ts(278,14): error TS2353: Object literal may only specify known properties, and 'storagePath' does not exist in type 'ShareUploadFileWhereInput'.
src/lib/share-upload-video-thumbnail.ts(289,27): error TS2551: Property 'project' does not exist on type '{ id: string; projectId: string; createdAt: Date; updatedAt: Date; processingProgress: number | null; processingPhase: string | null; fileName: string; fileType: string; category: string | null; ... 12 more ...; uploadedById: string | null; }'. Did you mean 'projectId'?
src/lib/share-uploads.ts(72,28): error TS2339: Property 'storagePath' does not exist on type '{ id: string; companyName: string | null; title: string; client: { name: string; } | null; sharePassword: string | null; authMode: string; allowClientUploadFiles: boolean; maxClientUploadAllocationMB: number; }'.
src/pages/api/uploads/[[...path]].ts(321,45): error TS2339: Property 'originalStoragePath' does not exist on type '{ id: string; version: number; duration: number; name: string; projectId: string; createdAt: Date; updatedAt: Date; storageFolderName: string | null; versionLabel: string; videoNotes: string | null; ... 11 more ...; allowApproval: boolean; }'.
src/pages/api/uploads/[[...path]].ts(351,32): error TS2339: Property 'originalStoragePath' does not exist on type '{ id: string; version: number; duration: number; name: string; projectId: string; createdAt: Date; updatedAt: Date; storageFolderName: string | null; versionLabel: string; videoNotes: string | null; ... 11 more ...; allowApproval: boolean; }'.
src/pages/api/uploads/[[...path]].ts(386,45): error TS2339: Property 'storagePath' does not exist on type '{ id: string; videoId: string; createdAt: Date; updatedAt: Date; processingProgress: number | null; processingPhase: string | null; fileName: string; fileType: string; category: string | null; ... 10 more ...; timelinePreviewsReady: boolean; }'.
src/pages/api/uploads/[[...path]].ts(404,24): error TS2339: Property 'storagePath' does not exist on type '{ id: string; videoId: string; createdAt: Date; updatedAt: Date; processingProgress: number | null; processingPhase: string | null; fileName: string; fileType: string; category: string | null; ... 10 more ...; timelinePreviewsReady: boolean; }'.
src/pages/api/uploads/[[...path]].ts(434,50): error TS2339: Property 'storagePath' does not exist on type '{ id: string; createdAt: Date; updatedAt: Date; fileName: string; clientId: string; fileType: string; category: string | null; uploadedBy: string | null; uploadedByName: string | null; }'.
src/pages/api/uploads/[[...path]].ts(451,29): error TS2339: Property 'storagePath' does not exist on type '{ id: string; createdAt: Date; updatedAt: Date; fileName: string; clientId: string; fileType: string; category: string | null; uploadedBy: string | null; uploadedByName: string | null; }'.
src/pages/api/uploads/[[...path]].ts(481,48): error TS2339: Property 'storagePath' does not exist on type '{ id: string; createdAt: Date; updatedAt: Date; userId: string; fileName: string; fileType: string; category: string | null; uploadedBy: string | null; uploadedByName: string | null; }'.
src/pages/api/uploads/[[...path]].ts(496,27): error TS2339: Property 'storagePath' does not exist on type '{ id: string; createdAt: Date; updatedAt: Date; userId: string; fileName: string; fileType: string; category: string | null; uploadedBy: string | null; uploadedByName: string | null; }'.
src/pages/api/uploads/[[...path]].ts(573,45): error TS2339: Property 'rawStoragePath' does not exist on type '{ id: string; projectId: string; createdAt: Date; updatedAt: Date; status: ProjectEmailStatus; uploadedBy: string | null; uploadedByName: string | null; ... 11 more ...; errorMessage: string | null; }'.
src/pages/api/uploads/[[...path]].ts(592,27): error TS2339: Property 'rawStoragePath' does not exist on type '{ id: string; projectId: string; createdAt: Date; updatedAt: Date; status: ProjectEmailStatus; uploadedBy: string | null; uploadedByName: string | null; ... 11 more ...; errorMessage: string | null; }'.
src/pages/api/uploads/[[...path]].ts(622,45): error TS2339: Property 'storagePath' does not exist on type '{ album: { id: string; name: string; projectId: string; createdAt: Date; updatedAt: Date; storageFolderName: string | null; status: AlbumStatus; notes: string | null; socialCopiesEnabled: boolean; }; } & { ...; }'.
src/worker/album-photo-social-processor.ts(201,50): error TS2339: Property 'storagePath' does not exist on type '{ companyName: string | null; title: string; client: { name: string; } | null; }'.
src/worker/album-photo-thumbnail-processor.ts(63,55): error TS2353: Object literal may only specify known properties, and 'thumbnailFileSize' does not exist in type 'AlbumPhotoCandidate'.
src/worker/album-photo-thumbnail-processor.ts(203,36): error TS2339: Property 'fileSize' does not exist on type 'AlbumPhotoCandidate'.
src/worker/album-photo-thumbnail-processor.ts(248,44): error TS2339: Property 'storagePath' does not exist on type '{ companyName: string | null; title: string; client: { name: string; } | null; }'.
src/worker/album-photo-thumbnail-processor.ts(250,68): error TS2339: Property 'fileSize' does not exist on type 'AlbumPhotoCandidate'.
src/worker/album-photo-zip-processor.ts(135,44): error TS2339: Property 'storagePath' does not exist on type '{ companyName: string | null; title: string; client: { name: string; } | null; }'.
src/worker/album-photo-zip-processor.ts(346,7): error TS2322: Type '{ socialZipFileSize: bigint; } | { fullZipFileSize: bigint; }' is not assignable to type '(Without<AlbumUpdateInput, AlbumUncheckedUpdateInput> & AlbumUncheckedUpdateInput) | (Without<...> & AlbumUpdateInput)'.
  Type '{ socialZipFileSize: bigint; }' is not assignable to type '(Without<AlbumUpdateInput, AlbumUncheckedUpdateInput> & AlbumUncheckedUpdateInput) | (Without<...> & AlbumUpdateInput)'.
src/worker/asset-processor.ts(178,30): error TS2339: Property 'storagePath' does not exist on type '{ id: string; video: { projectId: string; }; videoId: string; fileName: string; }'.
src/worker/asset-processor.ts(191,32): error TS2339: Property 'storagePath' does not exist on type '{ id: string; video: { projectId: string; }; videoId: string; fileName: string; }'.
src/worker/asset-upload-timeline-processor.ts(157,21): error TS2339: Property 'storagePath' does not exist on type '{}'.
src/worker/asset-upload-timeline-processor.ts(166,38): error TS2353: Object literal may only specify known properties, and 'timelinePreviewVttPath' does not exist in type '(Without<VideoAssetUpdateInput, VideoAssetUncheckedUpdateInput> & VideoAssetUncheckedUpdateInput) | (Without<...> & VideoAssetUpdateInput)'.
src/worker/asset-upload-timeline-processor.ts(229,64): error TS2339: Property 'storagePath' does not exist on type '{}'.
src/worker/asset-upload-timeline-processor.ts(237,38): error TS2353: Object literal may only specify known properties, and 'timelinePreviewVttPath' does not exist in type '(Without<ShareUploadFileUpdateInput, ShareUploadFileUncheckedUpdateInput> & ShareUploadFileUncheckedUpdateInput) | (Without<...> & ShareUploadFileUpdateInput)'.
src/worker/auto-close-projects.ts(114,15): error TS2353: Object literal may only specify known properties, and 'preview480Path' does not exist in type '(Without<VideoUpdateInput, VideoUncheckedUpdateInput> & VideoUncheckedUpdateInput) | (Without<...> & VideoUpdateInput)'.
src/worker/folder-rename-processor.ts(197,49): error TS2353: Object literal may only specify known properties, and 'originalStoragePath' does not exist in type 'VideoWhereInput'.
src/worker/project-email-processor.ts(54,28): error TS2339: Property 'storagePath' does not exist on type '{ id: string; createdAt: Date; fileName: string; fileType: string; projectEmailId: string; isInline: boolean; contentId: string | null; }'.
src/worker/project-email-processor.ts(134,48): error TS2339: Property 'storagePath' does not exist on type '{ companyName: string | null; title: string; client: { name: string; } | null; }'.
src/worker/share-upload-preview-processor.ts(293,41): error TS2339: Property 'storagePath' does not exist on type '{ companyName: string | null; title: string; watermarkEnabled: boolean; client: { name: string; } | null; previewResolutions: string; watermarkText: string | null; }'.
src/worker/share-upload-preview-processor.ts(298,47): error TS2339: Property 'storagePath' does not exist on type '{ companyName: string | null; title: string; watermarkEnabled: boolean; client: { name: string; } | null; previewResolutions: string; watermarkText: string | null; }'.
src/worker/share-upload-preview-processor.ts(304,38): error TS2339: Property 'storagePath' does not exist on type '{ project: { companyName: string | null; title: string; watermarkEnabled: boolean; client: { name: string; } | null; previewResolutions: string; watermarkText: string | null; }; fileName: string; fileType: string; } | { ...; }'.
  Property 'storagePath' does not exist on type '{ project: { companyName: string | null; title: string; watermarkEnabled: boolean; client: { name: string; } | null; previewResolutions: string; watermarkText: string | null; }; fileName: string; fileType: string; }'.
src/worker/share-upload-preview-processor.ts(579,7): error TS2353: Object literal may only specify known properties, and 'previewPath' does not exist in type 'VideoAssetSelect<DefaultArgs>'.
src/worker/share-upload-preview-processor.ts(588,38): error TS2339: Property 'previewPath' does not exist on type '{ id: string; videoId: string; createdAt: Date; updatedAt: Date; processingProgress: number | null; processingPhase: string | null; fileName: string; fileType: string; category: string | null; ... 10 more ...; timelinePreviewsReady: boolean; }'.
src/worker/share-upload-preview-processor.ts(600,89): error TS2339: Property 'previewPath' does not exist on type '{ id: string; videoId: string; createdAt: Date; updatedAt: Date; processingProgress: number | null; processingPhase: string | null; fileName: string; fileType: string; category: string | null; ... 10 more ...; timelinePreviewsReady: boolean; }'.
src/worker/share-upload-preview-processor.ts(605,38): error TS2339: Property 'previewPath' does not exist on type '{ id: string; videoId: string; createdAt: Date; updatedAt: Date; processingProgress: number | null; processingPhase: string | null; fileName: string; fileType: string; category: string | null; ... 10 more ...; timelinePreviewsReady: boolean; }'.
src/worker/share-upload-preview-processor.ts(619,22): error TS2339: Property 'storagePath' does not exist on type '{ id: string; fileName: string; fileType: string; mediaDurationSeconds: number | null; }'.
src/worker/share-upload-preview-processor.ts(631,22): error TS2339: Property 'storagePath' does not exist on type '{ id: string; fileName: string; fileType: string; mediaDurationSeconds: number | null; }'.
src/worker/share-upload-preview-processor.ts(643,22): error TS2339: Property 'storagePath' does not exist on type '{ id: string; fileName: string; fileType: string; }'.
src/worker/share-upload-preview-processor.ts(654,22): error TS2339: Property 'storagePath' does not exist on type '{ id: string; videoId: string; createdAt: Date; updatedAt: Date; processingProgress: number | null; processingPhase: string | null; fileName: string; fileType: string; category: string | null; ... 10 more ...; timelinePreviewsReady: boolean; }'.
src/worker/video-processor-helpers.ts(57,34): error TS2339: Property 'storagePath' does not exist on type '{ companyName: string | null; title: string; client: { name: string; } | null; }'.
src/worker/video-processor-helpers.ts(194,44): error TS2339: Property 'storagePath' does not exist on type '{ companyName: string | null; title: string; client: { name: string; } | null; }'.
src/worker/video-processor-helpers.ts(872,30): error TS2339: Property 'storagePath' does not exist on type '{}'.
src/worker/video-processor-helpers.ts(877,108): error TS2339: Property 'then' does not exist on type '{ id: string; }[]'.
src/worker/video-processor-helpers.ts(877,113): error TS7006: Parameter 'r' implicitly has an 'any' type.
src/worker/video-processor-helpers.ts(877,124): error TS7006: Parameter 'a' implicitly has an 'any' type.
src/worker/video-processor-helpers.ts(878,44): error TS2339: Property 'storagePath' does not exist on type '{}'.
src/worker/video-processor-helpers.ts(925,30): error TS2339: Property 'storagePath' does not exist on type '{}'.
src/worker/video-processor-helpers.ts(929,108): error TS2339: Property 'storagePath' does not exist on type '{}'.
src/worker/video-processor.ts(237,11): error TS2353: Object literal may only specify known properties, and 'timelinePreviewsReady' does not exist in type 'VideoUpdateInput'.
src/worker/video-processor.ts(244,11): error TS2353: Object literal may only specify known properties, and 'timelinePreviewsReady' does not exist in type 'VideoUpdateInput'.
src/worker/video-processor.ts(490,11): error TS2353: Object literal may only specify known properties, and 'timelinePreviewsReady' does not exist in type 'VideoUpdateInput'.
